Archive member included because of file (symbol)

./mbed/TARGET_LPC1768/TOOLCHAIN_GCC_ARM/libmbed.a(serial_api.o)
                              mbed/TARGET_LPC1768/TOOLCHAIN_GCC_ARM/retarget.o (serial_getc)
./mbed/TARGET_LPC1768/TOOLCHAIN_GCC_ARM/libmbed.a(FilePath.o)
                              mbed/TARGET_LPC1768/TOOLCHAIN_GCC_ARM/retarget.o (mbed::FilePath::FilePath(char const*))
./mbed/TARGET_LPC1768/TOOLCHAIN_GCC_ARM/libmbed.a(FileSystemLike.o)
                              mbed/TARGET_LPC1768/TOOLCHAIN_GCC_ARM/retarget.o (mbed::FileSystemLike::opendir())
./mbed/TARGET_LPC1768/TOOLCHAIN_GCC_ARM/libmbed.a(SerialBase.o)
                              main.o (mbed::SerialBase::baud(int))
./mbed/TARGET_LPC1768/TOOLCHAIN_GCC_ARM/libmbed.a(Stream.o)
                              main.o (mbed::Stream::~Stream())
./mbed/TARGET_LPC1768/TOOLCHAIN_GCC_ARM/libmbed.a(Serial.o)
                              main.o (mbed::Serial::Serial(PinName, PinName, char const*))
./mbed/TARGET_LPC1768/TOOLCHAIN_GCC_ARM/libmbed.a(assert.o)
                              mbed/TARGET_LPC1768/TOOLCHAIN_GCC_ARM/board.o (mbed_assert_internal)
./mbed/TARGET_LPC1768/TOOLCHAIN_GCC_ARM/libmbed.a(error.o)
                              mbed/TARGET_LPC1768/TOOLCHAIN_GCC_ARM/retarget.o (error)
./mbed/TARGET_LPC1768/TOOLCHAIN_GCC_ARM/libmbed.a(mbed_interface.o)
                              mbed/TARGET_LPC1768/TOOLCHAIN_GCC_ARM/retarget.o (mbed_interface_connected)
./mbed/TARGET_LPC1768/TOOLCHAIN_GCC_ARM/libmbed.a(gpio.o)
                              ./mbed/TARGET_LPC1768/TOOLCHAIN_GCC_ARM/libmbed.a(serial_api.o) (gpio_init_in)
./mbed/TARGET_LPC1768/TOOLCHAIN_GCC_ARM/libmbed.a(pinmap_common.o)
                              ./mbed/TARGET_LPC1768/TOOLCHAIN_GCC_ARM/libmbed.a(serial_api.o) (pinmap_pinout)
./mbed/TARGET_LPC1768/TOOLCHAIN_GCC_ARM/libmbed.a(semihost_api.o)
                              mbed/TARGET_LPC1768/TOOLCHAIN_GCC_ARM/retarget.o (semihost_exit)
./mbed/TARGET_LPC1768/TOOLCHAIN_GCC_ARM/libmbed.a(wait_api.o)
                              ./mbed/TARGET_LPC1768/TOOLCHAIN_GCC_ARM/libmbed.a(SerialBase.o) (wait_us)
./mbed/TARGET_LPC1768/TOOLCHAIN_GCC_ARM/libmbed.a(gpio_api.o)
                              ./mbed/TARGET_LPC1768/TOOLCHAIN_GCC_ARM/libmbed.a(gpio.o) (gpio_init)
./mbed/TARGET_LPC1768/TOOLCHAIN_GCC_ARM/libmbed.a(pinmap.o)
                              ./mbed/TARGET_LPC1768/TOOLCHAIN_GCC_ARM/libmbed.a(pinmap_common.o) (pin_function)
./mbed/TARGET_LPC1768/TOOLCHAIN_GCC_ARM/libmbed.a(us_ticker.o)
                              ./mbed/TARGET_LPC1768/TOOLCHAIN_GCC_ARM/libmbed.a(wait_api.o) (us_ticker_read)
./mbed/TARGET_LPC1768/TOOLCHAIN_GCC_ARM/libmbed.a(FileBase.o)
                              ./mbed/TARGET_LPC1768/TOOLCHAIN_GCC_ARM/libmbed.a(FileSystemLike.o) (mbed::FileBase::~FileBase())
./mbed/TARGET_LPC1768/TOOLCHAIN_GCC_ARM/libmbed.a(FileLike.o)
                              ./mbed/TARGET_LPC1768/TOOLCHAIN_GCC_ARM/libmbed.a(Stream.o) (mbed::FileLike::~FileLike())
./mbed/TARGET_LPC1768/TOOLCHAIN_GCC_ARM/libmbed.a(FunctionPointer.o)
                              ./mbed/TARGET_LPC1768/TOOLCHAIN_GCC_ARM/libmbed.a(SerialBase.o) (mbed::FunctionPointer::FunctionPointer(void (*)()))
./mbed/TARGET_LPC1768/TOOLCHAIN_GCC_ARM/libmbed.a(us_ticker_api.o)
                              ./mbed/TARGET_LPC1768/TOOLCHAIN_GCC_ARM/libmbed.a(us_ticker.o) (us_ticker_irq_handler)
/usr/bin/../lib/gcc/arm-none-eabi/4.9.3/../../../../arm-none-eabi/lib/armv7-m/libstdc++_nano.a(new_op.o)
                              ./mbed/TARGET_LPC1768/TOOLCHAIN_GCC_ARM/libmbed.a(FileSystemLike.o) (operator new(unsigned int))
/usr/bin/../lib/gcc/arm-none-eabi/4.9.3/../../../../arm-none-eabi/lib/armv7-m/libstdc++_nano.a(new_handler.o)
                              /usr/bin/../lib/gcc/arm-none-eabi/4.9.3/../../../../arm-none-eabi/lib/armv7-m/libstdc++_nano.a(new_op.o) (std::get_new_handler())
/usr/bin/../lib/gcc/arm-none-eabi/4.9.3/../../../../arm-none-eabi/lib/armv7-m/libstdc++_nano.a(atexit_arm.o)
                              main.o (__aeabi_atexit)
/usr/bin/../lib/gcc/arm-none-eabi/4.9.3/../../../../arm-none-eabi/lib/armv7-m/libstdc++_nano.a(del_op.o)
                              main.o (operator delete(void*))
/usr/bin/../lib/gcc/arm-none-eabi/4.9.3/../../../../arm-none-eabi/lib/armv7-m/libc_nano.a(lib_a-abort.o)
                              /usr/bin/../lib/gcc/arm-none-eabi/4.9.3/../../../../arm-none-eabi/lib/armv7-m/libstdc++_nano.a(new_op.o) (abort)
/usr/bin/../lib/gcc/arm-none-eabi/4.9.3/../../../../arm-none-eabi/lib/armv7-m/libc_nano.a(lib_a-abs.o)
                              ./mbed/TARGET_LPC1768/TOOLCHAIN_GCC_ARM/libmbed.a(serial_api.o) (abs)
/usr/bin/../lib/gcc/arm-none-eabi/4.9.3/../../../../arm-none-eabi/lib/armv7-m/libc_nano.a(lib_a-cxa_atexit.o)
                              /usr/bin/../lib/gcc/arm-none-eabi/4.9.3/../../../../arm-none-eabi/lib/armv7-m/libstdc++_nano.a(atexit_arm.o) (__cxa_atexit)
[...]
Memory Configuration

Name             Origin             Length             Attributes
FLASH            0x0000000000000000 0x0000000000080000 xr
RAM              0x00000000100000c8 0x0000000000007f38 xrw
USB_RAM          0x000000002007c000 0x0000000000004000 xrw
ETH_RAM          0x0000000020080000 0x0000000000004000 xrw
*default*        0x0000000000000000 0xffffffffffffffff

Linker script and memory map

LOAD /usr/bin/../lib/gcc/arm-none-eabi/4.9.3/armv7-m/crti.o
LOAD /usr/bin/../lib/gcc/arm-none-eabi/4.9.3/armv7-m/crtbegin.o
LOAD /usr/bin/../lib/gcc/arm-none-eabi/4.9.3/../../../../arm-none-eabi/lib/armv7-m/crt0.o
LOAD main.o
LOAD mbed/TARGET_LPC1768/TOOLCHAIN_GCC_ARM/cmsis_nvic.o
LOAD mbed/TARGET_LPC1768/TOOLCHAIN_GCC_ARM/system_LPC17xx.o
LOAD mbed/TARGET_LPC1768/TOOLCHAIN_GCC_ARM/board.o
LOAD mbed/TARGET_LPC1768/TOOLCHAIN_GCC_ARM/retarget.o
LOAD mbed/TARGET_LPC1768/TOOLCHAIN_GCC_ARM/startup_LPC17xx.o
LOAD ./mbed/TARGET_LPC1768/TOOLCHAIN_GCC_ARM/libmbed.a
LOAD /usr/bin/../lib/gcc/arm-none-eabi/4.9.3/../../../../arm-none-eabi/lib/armv7-m/libstdc++_nano.a
LOAD /usr/bin/../lib/gcc/arm-none-eabi/4.9.3/../../../../arm-none-eabi/lib/armv7-m/libsupc++_nano.a
LOAD /usr/bin/../lib/gcc/arm-none-eabi/4.9.3/../../../../arm-none-eabi/lib/armv7-m/libm.a
LOAD /usr/bin/../lib/gcc/arm-none-eabi/4.9.3/../../../../arm-none-eabi/lib/armv7-m/libc_nano.a
LOAD /usr/bin/../lib/gcc/arm-none-eabi/4.9.3/armv7-m/libgcc.a
LOAD /usr/bin/../lib/gcc/arm-none-eabi/4.9.3/../../../../arm-none-eabi/lib/armv7-m/libnosys.a
LOAD ./mbed/TARGET_LPC1768/TOOLCHAIN_GCC_ARM/libmbed.a
LOAD /usr/bin/../lib/gcc/arm-none-eabi/4.9.3/../../../../arm-none-eabi/lib/armv7-m/libstdc++_nano.a
LOAD /usr/bin/../lib/gcc/arm-none-eabi/4.9.3/../../../../arm-none-eabi/lib/armv7-m/libsupc++_nano.a
LOAD /usr/bin/../lib/gcc/arm-none-eabi/4.9.3/../../../../arm-none-eabi/lib/armv7-m/libm.a
LOAD /usr/bin/../lib/gcc/arm-none-eabi/4.9.3/../../../../arm-none-eabi/lib/armv7-m/libc_nano.a
LOAD /usr/bin/../lib/gcc/arm-none-eabi/4.9.3/armv7-m/libgcc.a
LOAD /usr/bin/../lib/gcc/arm-none-eabi/4.9.3/../../../../arm-none-eabi/lib/armv7-m/libnosys.a
START GROUP
LOAD /usr/bin/../lib/gcc/arm-none-eabi/4.9.3/armv7-m/libgcc.a
LOAD /usr/bin/../lib/gcc/arm-none-eabi/4.9.3/../../../../arm-none-eabi/lib/armv7-m/libc_nano.a
END GROUP
START GROUP
LOAD /usr/bin/../lib/gcc/arm-none-eabi/4.9.3/armv7-m/libgcc.a
LOAD /usr/bin/../lib/gcc/arm-none-eabi/4.9.3/../../../../arm-none-eabi/lib/armv7-m/libc_nano.a
END GROUP
LOAD /usr/bin/../lib/gcc/arm-none-eabi/4.9.3/armv7-m/crtend.o
LOAD /usr/bin/../lib/gcc/arm-none-eabi/4.9.3/armv7-m/crtn.o

.text           0x0000000000000000     0x8258
 *(.isr_vector)
 .isr_vector    0x0000000000000000       0xcc mbed/TARGET_LPC1768/TOOLCHAIN_GCC_ARM/startup_LPC17xx.o
                0x0000000000000000                __isr_vector
 *(.text*)
 .text          0x00000000000000cc       0x5c /usr/bin/../lib/gcc/arm-none-eabi/4.9.3/armv7-m/crtbegin.o
 .text          0x0000000000000128       0x74 /usr/bin/../lib/gcc/arm-none-eabi/4.9.3/../../../../arm-none-eabi/lib/armv7-m/crt0.o
                0x0000000000000128                _mainCRTStartup
                0x0000000000000128                _start
 .text._ZN4mbed10SerialBaseD2Ev
                0x000000000000019c        0x2 main.o
                0x000000000000019c                mbed::SerialBase::~SerialBase()
                0x000000000000019c                mbed::SerialBase::~SerialBase()
 *fill*         0x000000000000019e        0x2 
 .text._ZN4mbed6SerialD2Ev
                0x00000000000001a0       0x24 main.o
                0x00000000000001a0                mbed::Serial::~Serial()
                0x00000000000001a0                mbed::Serial::~Serial()
 .text._ZN4mbed6SerialD1Ev
                0x00000000000001c4       0x10 main.o
                0x00000000000001c4                non-virtual thunk to mbed::Serial::~Serial()
                0x00000000000001cc                non-virtual thunk to mbed::Serial::~Serial()
 .text._ZN4mbed10SerialBaseD0Ev
                0x00000000000001d4        0xc main.o
                0x00000000000001d4                mbed::SerialBase::~SerialBase()
 .text._ZN4mbed10DigitalOutC2E7PinName
                0x00000000000001e0       0x1a main.o
                0x00000000000001e0                mbed::DigitalOut::DigitalOut(PinName)
                0x00000000000001e0                mbed::DigitalOut::DigitalOut(PinName)
 *fill*         0x00000000000001fa        0x2 
 .text._Z10DisplayLedi
                0x00000000000001fc       0x4c main.o
                0x00000000000001fc                DisplayLed(int)
 .text.startup.main
                0x0000000000000248       0x44 main.o
                0x0000000000000248                main
 .text._ZN4mbed6SerialD0Ev
                0x000000000000028c       0x1e main.o
                0x000000000000028c                mbed::Serial::~Serial()
                0x000000000000029e                non-virtual thunk to mbed::Serial::~Serial()
                0x00000000000002a4                non-virtual thunk to mbed::Serial::~Serial()
 *fill*         0x00000000000002aa        0x2 
 .text.startup._GLOBAL__sub_I_pc
                0x00000000000002ac       0x6c main.o
 .text.NVIC_SetVector
                0x0000000000000318       0x3c mbed/TARGET_LPC1768/TOOLCHAIN_GCC_ARM/cmsis_nvic.o
                0x0000000000000318                NVIC_SetVector
 .text.SystemInit
                0x0000000000000354       0xb8 mbed/TARGET_LPC1768/TOOLCHAIN_GCC_ARM/system_LPC17xx.o
                0x0000000000000354                SystemInit
 .text.mbed_die
                0x000000000000040c      0x10c mbed/TARGET_LPC1768/TOOLCHAIN_GCC_ARM/board.o
                0x000000000000040c                mbed_die
 .text._ZN4mbed10FileHandle4flenEv
                0x0000000000000518       0x34 mbed/TARGET_LPC1768/TOOLCHAIN_GCC_ARM/retarget.o
                0x0000000000000518                mbed::FileHandle::flen()
 .text._ZN4mbed10FileHandleD2Ev
                0x000000000000054c       0x2c mbed/TARGET_LPC1768/TOOLCHAIN_GCC_ARM/retarget.o
                0x000000000000054c                mbed::FileHandle::~FileHandle()
                0x000000000000054c                mbed::FileHandle::~FileHandle()
 .text._ZN4mbed10FileHandleD0Ev
                0x0000000000000578       0x34 mbed/TARGET_LPC1768/TOOLCHAIN_GCC_ARM/retarget.o
                0x0000000000000578                mbed::FileHandle::~FileHandle()
 .text._ZL11init_serialv.part.0
                0x00000000000005ac       0x18 mbed/TARGET_LPC1768/TOOLCHAIN_GCC_ARM/retarget.o
 .text._open    0x00000000000005c4       0xf8 mbed/TARGET_LPC1768/TOOLCHAIN_GCC_ARM/retarget.o
                0x00000000000005c4                _open
 .text._close   0x00000000000006bc       0x2c mbed/TARGET_LPC1768/TOOLCHAIN_GCC_ARM/retarget.o
                0x00000000000006bc                _close
 .text._write   0x00000000000006e8       0x50 mbed/TARGET_LPC1768/TOOLCHAIN_GCC_ARM/retarget.o
                0x00000000000006e8                _write
 .text._read    0x0000000000000738       0x4c mbed/TARGET_LPC1768/TOOLCHAIN_GCC_ARM/retarget.o
                0x0000000000000738                _read
 .text._isatty  0x0000000000000784       0x28 mbed/TARGET_LPC1768/TOOLCHAIN_GCC_ARM/retarget.o
                0x0000000000000784                _isatty
 .text._lseek   0x00000000000007ac       0x28 mbed/TARGET_LPC1768/TOOLCHAIN_GCC_ARM/retarget.o
                0x00000000000007ac                _lseek
 .text._fstat   0x00000000000007d4       0x20 mbed/TARGET_LPC1768/TOOLCHAIN_GCC_ARM/retarget.o
                0x00000000000007d4                _fstat
 .text.__cxa_pure_virtual
                0x00000000000007f4        0x8 mbed/TARGET_LPC1768/TOOLCHAIN_GCC_ARM/retarget.o
                0x00000000000007f4                __cxa_pure_virtual
 .text.mbed_main
                0x00000000000007fc        0x4 mbed/TARGET_LPC1768/TOOLCHAIN_GCC_ARM/retarget.o
                0x00000000000007fc                mbed_main
 .text.mbed_sdk_init
                0x0000000000000800        0x4 mbed/TARGET_LPC1768/TOOLCHAIN_GCC_ARM/retarget.o
                0x0000000000000800                mbed_sdk_init
 .text.__wrap_main
                0x0000000000000804       0x14 mbed/TARGET_LPC1768/TOOLCHAIN_GCC_ARM/retarget.o
                0x0000000000000804                __wrap_main
 .text._sbrk    0x0000000000000818       0x28 mbed/TARGET_LPC1768/TOOLCHAIN_GCC_ARM/retarget.o
                0x0000000000000818                _sbrk
 .text._exit    0x0000000000000840       0x30 mbed/TARGET_LPC1768/TOOLCHAIN_GCC_ARM/retarget.o
                0x0000000000000840                _exit
 .text._ZN4mbed26mbed_set_unbuffered_streamEP7__sFILE
                0x0000000000000870        0x8 mbed/TARGET_LPC1768/TOOLCHAIN_GCC_ARM/retarget.o
                0x0000000000000870                mbed::mbed_set_unbuffered_stream(__sFILE*)
 .text._ZN4mbed9mbed_getcEP7__sFILE
                0x0000000000000878        0x4 mbed/TARGET_LPC1768/TOOLCHAIN_GCC_ARM/retarget.o
                0x0000000000000878                mbed::mbed_getc(__sFILE*)
 .text          0x000000000000087c       0x44 mbed/TARGET_LPC1768/TOOLCHAIN_GCC_ARM/startup_LPC17xx.o
                0x000000000000087c                Reset_Handler
                0x00000000000008ac                NMI_Handler
                0x00000000000008ae                HardFault_Handler
                0x00000000000008b0                MemManage_Handler
                0x00000000000008b2                BusFault_Handler
                0x00000000000008b4                UsageFault_Handler
                0x00000000000008b6                SVC_Handler
                0x00000000000008b8                DebugMon_Handler
                0x00000000000008ba                PendSV_Handler
                0x00000000000008bc                SysTick_Handler
                0x00000000000008be                TIMER2_IRQHandler
                0x00000000000008be                RIT_IRQHandler
                0x00000000000008be                I2C0_IRQHandler
                0x00000000000008be                USBActivity_IRQHandler
                0x00000000000008be                PWM1_IRQHandler
                0x00000000000008be                I2C1_IRQHandler
                0x00000000000008be                EINT2_IRQHandler
                0x00000000000008be                UART1_IRQHandler
                0x00000000000008be                EINT3_IRQHandler
                0x00000000000008be                CANActivity_IRQHandler
                0x00000000000008be                TIMER3_IRQHandler
                0x00000000000008be                UART0_IRQHandler
                0x00000000000008be                PLL0_IRQHandler
                0x00000000000008be                CAN_IRQHandler
                0x00000000000008be                PLL1_IRQHandler
                0x00000000000008be                SSP0_IRQHandler
                0x00000000000008be                I2S_IRQHandler
                0x00000000000008be                I2C2_IRQHandler
                0x00000000000008be                RTC_IRQHandler
                0x00000000000008be                TIMER0_IRQHandler
                0x00000000000008be                SPI_IRQHandler
                0x00000000000008be                EINT1_IRQHandler
                0x00000000000008be                TIMER1_IRQHandler
                0x00000000000008be                UART2_IRQHandler
                0x00000000000008be                Default_Handler
                0x00000000000008be                ADC_IRQHandler
                0x00000000000008be                SSP1_IRQHandler
                0x00000000000008be                USB_IRQHandler
                0x00000000000008be                BOD_IRQHandler
                0x00000000000008be                WDT_IRQHandler
                0x00000000000008be                QEI_IRQHandler
                0x00000000000008be                EINT0_IRQHandler
                0x00000000000008be                DEF_IRQHandler
                0x00000000000008be                DMA_IRQHandler
                0x00000000000008be                UART3_IRQHandler
                0x00000000000008be                MCPWM_IRQHandler
                0x00000000000008be                ENET_IRQHandler
 .text.uart2_irq
                0x00000000000008c0       0x64 ./mbed/TARGET_LPC1768/TOOLCHAIN_GCC_ARM/libmbed.a(serial_api.o)
                0x00000000000008c0                uart2_irq
 .text.serial_irq_set_internal
                0x0000000000000924       0xcc ./mbed/TARGET_LPC1768/TOOLCHAIN_GCC_ARM/libmbed.a(serial_api.o)
 .text.uart0_irq
                0x00000000000009f0       0x64 ./mbed/TARGET_LPC1768/TOOLCHAIN_GCC_ARM/libmbed.a(serial_api.o)
                0x00000000000009f0                uart0_irq
 .text.uart3_irq
                0x0000000000000a54       0x6c ./mbed/TARGET_LPC1768/TOOLCHAIN_GCC_ARM/libmbed.a(serial_api.o)
                0x0000000000000a54                uart3_irq
 .text.uart1_irq
                0x0000000000000ac0       0x64 ./mbed/TARGET_LPC1768/TOOLCHAIN_GCC_ARM/libmbed.a(serial_api.o)
                0x0000000000000ac0                uart1_irq
 .text.serial_baud
                0x0000000000000b24      0x244 ./mbed/TARGET_LPC1768/TOOLCHAIN_GCC_ARM/libmbed.a(serial_api.o)
                0x0000000000000b24                serial_baud
 .text.serial_format
                0x0000000000000d68       0x78 ./mbed/TARGET_LPC1768/TOOLCHAIN_GCC_ARM/libmbed.a(serial_api.o)
                0x0000000000000d68                serial_format
 .text.serial_irq_handler
                0x0000000000000de0       0x20 ./mbed/TARGET_LPC1768/TOOLCHAIN_GCC_ARM/libmbed.a(serial_api.o)
                0x0000000000000de0                serial_irq_handler
 .text.serial_getc
                0x0000000000000e00       0x38 ./mbed/TARGET_LPC1768/TOOLCHAIN_GCC_ARM/libmbed.a(serial_api.o)
                0x0000000000000e00                serial_getc
 .text.serial_writable
                0x0000000000000e38       0x74 ./mbed/TARGET_LPC1768/TOOLCHAIN_GCC_ARM/libmbed.a(serial_api.o)
                0x0000000000000e38                serial_writable
 .text.serial_putc
                0x0000000000000eac       0x34 ./mbed/TARGET_LPC1768/TOOLCHAIN_GCC_ARM/libmbed.a(serial_api.o)
                0x0000000000000eac                serial_putc
 .text.serial_set_flow_control
                0x0000000000000ee0      0x12c ./mbed/TARGET_LPC1768/TOOLCHAIN_GCC_ARM/libmbed.a(serial_api.o)
                0x0000000000000ee0                serial_set_flow_control
 .text.serial_init
                0x000000000000100c      0x1bc ./mbed/TARGET_LPC1768/TOOLCHAIN_GCC_ARM/libmbed.a(serial_api.o)
                0x000000000000100c                serial_init
 .text._ZN4mbed8FilePathC2EPKc
                0x00000000000011c8       0x58 ./mbed/TARGET_LPC1768/TOOLCHAIN_GCC_ARM/libmbed.a(FilePath.o)
                0x00000000000011c8                mbed::FilePath::FilePath(char const*)
                0x00000000000011c8                mbed::FilePath::FilePath(char const*)
 .text._ZN4mbed8FilePath8fileNameEv
                0x0000000000001220        0x4 ./mbed/TARGET_LPC1768/TOOLCHAIN_GCC_ARM/libmbed.a(FilePath.o)
                0x0000000000001220                mbed::FilePath::fileName()
 .text._ZN4mbed8FilePath10fileSystemEv
                0x0000000000001224       0x18 ./mbed/TARGET_LPC1768/TOOLCHAIN_GCC_ARM/libmbed.a(FilePath.o)
                0x0000000000001224                mbed::FilePath::fileSystem()
 .text._ZN4mbed8FilePath6isFileEv
                0x000000000000123c       0x14 ./mbed/TARGET_LPC1768/TOOLCHAIN_GCC_ARM/libmbed.a(FilePath.o)
                0x000000000000123c                mbed::FilePath::isFile()
 .text._ZN4mbed8FilePath4fileEv
                0x0000000000001250       0x1c ./mbed/TARGET_LPC1768/TOOLCHAIN_GCC_ARM/libmbed.a(FilePath.o)
                0x0000000000001250                mbed::FilePath::file()
 .text._ZN4mbed8FilePath6existsEv
                0x000000000000126c        0xc ./mbed/TARGET_LPC1768/TOOLCHAIN_GCC_ARM/libmbed.a(FilePath.o)
                0x000000000000126c                mbed::FilePath::exists()
 .text._ZN4mbed10SerialBase12_irq_handlerEm9SerialIrq
                0x0000000000001278       0x10 ./mbed/TARGET_LPC1768/TOOLCHAIN_GCC_ARM/libmbed.a(SerialBase.o)
                0x0000000000001278                mbed::SerialBase::_irq_handler(unsigned long, SerialIrq)
 .text._ZN4mbed10SerialBaseC2E7PinNameS1_
                0x0000000000001288       0x4c ./mbed/TARGET_LPC1768/TOOLCHAIN_GCC_ARM/libmbed.a(SerialBase.o)
                0x0000000000001288                mbed::SerialBase::SerialBase(PinName, PinName)
                0x0000000000001288                mbed::SerialBase::SerialBase(PinName, PinName)
 .text._ZN4mbed10SerialBase4baudEi
                0x00000000000012d4       0x10 ./mbed/TARGET_LPC1768/TOOLCHAIN_GCC_ARM/libmbed.a(SerialBase.o)
                0x00000000000012d4                mbed::SerialBase::baud(int)
 .text._ZN4mbed10SerialBase10_base_getcEv
                0x00000000000012e4        0x8 ./mbed/TARGET_LPC1768/TOOLCHAIN_GCC_ARM/libmbed.a(SerialBase.o)
                0x00000000000012e4                mbed::SerialBase::_base_getc()
 .text._ZN4mbed10SerialBase10_base_putcEi
                0x00000000000012ec       0x10 ./mbed/TARGET_LPC1768/TOOLCHAIN_GCC_ARM/libmbed.a(SerialBase.o)
                0x00000000000012ec                mbed::SerialBase::_base_putc(int)
 .text._ZN4mbed6Stream5closeEv
                0x00000000000012fc        0x4 ./mbed/TARGET_LPC1768/TOOLCHAIN_GCC_ARM/libmbed.a(Stream.o)
                0x00000000000012fc                mbed::Stream::close()
 .text._ZN4mbed6Stream5writeEPKvj
                0x0000000000001300       0x30 ./mbed/TARGET_LPC1768/TOOLCHAIN_GCC_ARM/libmbed.a(Stream.o)
                0x0000000000001300                mbed::Stream::write(void const*, unsigned int)
 .text._ZN4mbed6Stream4readEPvj
                0x0000000000001330       0x30 ./mbed/TARGET_LPC1768/TOOLCHAIN_GCC_ARM/libmbed.a(Stream.o)
                0x0000000000001330                mbed::Stream::read(void*, unsigned int)
 .text._ZN4mbed6Stream5lseekEli
                0x0000000000001360        0x4 ./mbed/TARGET_LPC1768/TOOLCHAIN_GCC_ARM/libmbed.a(Stream.o)
                0x0000000000001360                mbed::Stream::lseek(long, int)
 .text._ZN4mbed6Stream6isattyEv
                0x0000000000001364        0x4 ./mbed/TARGET_LPC1768/TOOLCHAIN_GCC_ARM/libmbed.a(Stream.o)
                0x0000000000001364                mbed::Stream::isatty()
 .text._ZN4mbed6Stream5fsyncEv
                0x0000000000001368        0x4 ./mbed/TARGET_LPC1768/TOOLCHAIN_GCC_ARM/libmbed.a(Stream.o)
                0x0000000000001368                mbed::Stream::fsync()
 .text._ZN4mbed6Stream4flenEv
                0x000000000000136c        0x4 ./mbed/TARGET_LPC1768/TOOLCHAIN_GCC_ARM/libmbed.a(Stream.o)
                0x000000000000136c                mbed::Stream::flen()
 .text._ZN4mbed6StreamD2Ev
                0x0000000000001370       0x24 ./mbed/TARGET_LPC1768/TOOLCHAIN_GCC_ARM/libmbed.a(Stream.o)
                0x0000000000001370                mbed::Stream::~Stream()
                0x0000000000001370                mbed::Stream::~Stream()
 .text._ZThn4_N4mbed6StreamD1Ev
                0x0000000000001394        0x8 ./mbed/TARGET_LPC1768/TOOLCHAIN_GCC_ARM/libmbed.a(Stream.o)
                0x0000000000001394                non-virtual thunk to mbed::Stream::~Stream()
 .text._ZN4mbed6StreamD0Ev
                0x000000000000139c       0x14 ./mbed/TARGET_LPC1768/TOOLCHAIN_GCC_ARM/libmbed.a(Stream.o)
                0x000000000000139c                mbed::Stream::~Stream()
 .text._ZThn4_N4mbed6StreamD0Ev
                0x00000000000013b0        0x8 ./mbed/TARGET_LPC1768/TOOLCHAIN_GCC_ARM/libmbed.a(Stream.o)
                0x00000000000013b0                non-virtual thunk to mbed::Stream::~Stream()
 .text._ZN4mbed6StreamC2EPKc
                0x00000000000013b8       0x44 ./mbed/TARGET_LPC1768/TOOLCHAIN_GCC_ARM/libmbed.a(Stream.o)
                0x00000000000013b8                mbed::Stream::Stream(char const*)
                0x00000000000013b8                mbed::Stream::Stream(char const*)
 .text._ZN4mbed6Stream4putcEi
                0x00000000000013fc       0x18 ./mbed/TARGET_LPC1768/TOOLCHAIN_GCC_ARM/libmbed.a(Stream.o)
                0x00000000000013fc                mbed::Stream::putc(int)
 .text._ZN4mbed6Stream4getcEv
                0x0000000000001414       0x14 ./mbed/TARGET_LPC1768/TOOLCHAIN_GCC_ARM/libmbed.a(Stream.o)
                0x0000000000001414                mbed::Stream::getc()
 .text._ZN4mbed6Stream6printfEPKcz
                0x0000000000001428       0x2c ./mbed/TARGET_LPC1768/TOOLCHAIN_GCC_ARM/libmbed.a(Stream.o)
                0x0000000000001428                mbed::Stream::printf(char const*, ...)
 .text._ZN4mbed6Serial5_getcEv
                0x0000000000001454        0x4 ./mbed/TARGET_LPC1768/TOOLCHAIN_GCC_ARM/libmbed.a(Serial.o)
                0x0000000000001454                mbed::Serial::_getc()
 .text._ZThn72_N4mbed6Serial5_getcEv
                0x0000000000001458        0x8 ./mbed/TARGET_LPC1768/TOOLCHAIN_GCC_ARM/libmbed.a(Serial.o)
                0x0000000000001458                non-virtual thunk to mbed::Serial::_getc()
 .text._ZN4mbed6Serial5_putcEi
                0x0000000000001460        0x4 ./mbed/TARGET_LPC1768/TOOLCHAIN_GCC_ARM/libmbed.a(Serial.o)
                0x0000000000001460                mbed::Serial::_putc(int)
 .text._ZThn72_N4mbed6Serial5_putcEi
                0x0000000000001464        0x8 ./mbed/TARGET_LPC1768/TOOLCHAIN_GCC_ARM/libmbed.a(Serial.o)
                0x0000000000001464                non-virtual thunk to mbed::Serial::_putc(int)
 .text._ZN4mbed6SerialC2E7PinNameS1_PKc
                0x000000000000146c       0x30 ./mbed/TARGET_LPC1768/TOOLCHAIN_GCC_ARM/libmbed.a(Serial.o)
                0x000000000000146c                mbed::Serial::Serial(PinName, PinName, char const*)
                0x000000000000146c                mbed::Serial::Serial(PinName, PinName, char const*)
 .text.mbed_assert_internal
                0x000000000000149c       0x2c ./mbed/TARGET_LPC1768/TOOLCHAIN_GCC_ARM/libmbed.a(assert.o)
                0x000000000000149c                mbed_assert_internal
 .text.error    0x00000000000014c8       0x24 ./mbed/TARGET_LPC1768/TOOLCHAIN_GCC_ARM/libmbed.a(error.o)
                0x00000000000014c8                error
 .text.mbed_interface_connected
                0x00000000000014ec        0x4 ./mbed/TARGET_LPC1768/TOOLCHAIN_GCC_ARM/libmbed.a(mbed_interface.o)
                0x00000000000014ec                mbed_interface_connected
 .text.gpio_init_in
                0x00000000000014f0       0x24 ./mbed/TARGET_LPC1768/TOOLCHAIN_GCC_ARM/libmbed.a(gpio.o)
                0x00000000000014f0                gpio_init_in
 .text.gpio_init_out
                0x0000000000001514       0x44 ./mbed/TARGET_LPC1768/TOOLCHAIN_GCC_ARM/libmbed.a(gpio.o)
                0x0000000000001514                gpio_init_out
 .text.gpio_init_out_ex
                0x0000000000001558       0x54 ./mbed/TARGET_LPC1768/TOOLCHAIN_GCC_ARM/libmbed.a(gpio.o)
                0x0000000000001558                gpio_init_out_ex
 .text.pinmap_pinout
                0x00000000000015ac       0x40 ./mbed/TARGET_LPC1768/TOOLCHAIN_GCC_ARM/libmbed.a(pinmap_common.o)
                0x00000000000015ac                pinmap_pinout
 .text.pinmap_merge
                0x00000000000015ec       0x24 ./mbed/TARGET_LPC1768/TOOLCHAIN_GCC_ARM/libmbed.a(pinmap_common.o)
                0x00000000000015ec                pinmap_merge
 .text.pinmap_find_peripheral
                0x0000000000001610       0x1c ./mbed/TARGET_LPC1768/TOOLCHAIN_GCC_ARM/libmbed.a(pinmap_common.o)
                0x0000000000001610                pinmap_find_peripheral
 .text.pinmap_peripheral
                0x000000000000162c       0x34 ./mbed/TARGET_LPC1768/TOOLCHAIN_GCC_ARM/libmbed.a(pinmap_common.o)
                0x000000000000162c                pinmap_peripheral
 .text.semihost_exit
                0x0000000000001660       0x18 ./mbed/TARGET_LPC1768/TOOLCHAIN_GCC_ARM/libmbed.a(semihost_api.o)
                0x0000000000001660                semihost_exit
 .text.semihost_connected
                0x0000000000001678       0x10 ./mbed/TARGET_LPC1768/TOOLCHAIN_GCC_ARM/libmbed.a(semihost_api.o)
                0x0000000000001678                semihost_connected
 .text.wait_us  0x0000000000001688       0x18 ./mbed/TARGET_LPC1768/TOOLCHAIN_GCC_ARM/libmbed.a(wait_api.o)
                0x0000000000001688                wait_us
 .text.wait_ms  0x00000000000016a0        0xc ./mbed/TARGET_LPC1768/TOOLCHAIN_GCC_ARM/libmbed.a(wait_api.o)
                0x00000000000016a0                wait_ms
 .text.gpio_set
                0x00000000000016ac       0x30 ./mbed/TARGET_LPC1768/TOOLCHAIN_GCC_ARM/libmbed.a(gpio_api.o)
                0x00000000000016ac                gpio_set
 .text.gpio_init
                0x00000000000016dc       0x30 ./mbed/TARGET_LPC1768/TOOLCHAIN_GCC_ARM/libmbed.a(gpio_api.o)
                0x00000000000016dc                gpio_init
 .text.gpio_mode
                0x000000000000170c        0x8 ./mbed/TARGET_LPC1768/TOOLCHAIN_GCC_ARM/libmbed.a(gpio_api.o)
                0x000000000000170c                gpio_mode
 .text.gpio_dir
                0x0000000000001714       0x44 ./mbed/TARGET_LPC1768/TOOLCHAIN_GCC_ARM/libmbed.a(gpio_api.o)
                0x0000000000001714                gpio_dir
 .text.pin_function
                0x0000000000001758       0x50 ./mbed/TARGET_LPC1768/TOOLCHAIN_GCC_ARM/libmbed.a(pinmap.o)
                0x0000000000001758                pin_function
 .text.pin_mode
                0x00000000000017a8       0x78 ./mbed/TARGET_LPC1768/TOOLCHAIN_GCC_ARM/libmbed.a(pinmap.o)
                0x00000000000017a8                pin_mode
 .text.us_ticker_init
                0x0000000000001820       0x68 ./mbed/TARGET_LPC1768/TOOLCHAIN_GCC_ARM/libmbed.a(us_ticker.o)
                0x0000000000001820                us_ticker_init
 .text.us_ticker_read
                0x0000000000001888       0x1c ./mbed/TARGET_LPC1768/TOOLCHAIN_GCC_ARM/libmbed.a(us_ticker.o)
                0x0000000000001888                us_ticker_read
 .text.us_ticker_set_interrupt
                0x00000000000018a4       0x14 ./mbed/TARGET_LPC1768/TOOLCHAIN_GCC_ARM/libmbed.a(us_ticker.o)
                0x00000000000018a4                us_ticker_set_interrupt
 .text.us_ticker_disable_interrupt
                0x00000000000018b8       0x10 ./mbed/TARGET_LPC1768/TOOLCHAIN_GCC_ARM/libmbed.a(us_ticker.o)
                0x00000000000018b8                us_ticker_disable_interrupt
 .text.us_ticker_clear_interrupt
                0x00000000000018c8        0xc ./mbed/TARGET_LPC1768/TOOLCHAIN_GCC_ARM/libmbed.a(us_ticker.o)
                0x00000000000018c8                us_ticker_clear_interrupt
 .text._ZN4mbed8FileBaseD2Ev
                0x00000000000018d4       0x30 ./mbed/TARGET_LPC1768/TOOLCHAIN_GCC_ARM/libmbed.a(FileBase.o)
                0x00000000000018d4                mbed::FileBase::~FileBase()
                0x00000000000018d4                mbed::FileBase::~FileBase()
 .text._ZN4mbed8FileBaseD0Ev
                0x0000000000001904       0x3c ./mbed/TARGET_LPC1768/TOOLCHAIN_GCC_ARM/libmbed.a(FileBase.o)
                0x0000000000001904                mbed::FileBase::~FileBase()
 .text._ZN4mbed8FileBaseC2EPKcNS_8PathTypeE
                0x0000000000001940       0x28 ./mbed/TARGET_LPC1768/TOOLCHAIN_GCC_ARM/libmbed.a(FileBase.o)
                0x0000000000001940                mbed::FileBase::FileBase(char const*, mbed::PathType)
                0x0000000000001940                mbed::FileBase::FileBase(char const*, mbed::PathType)
 .text._ZN4mbed8FileBase6lookupEPKcj
                0x0000000000001968       0x3c ./mbed/TARGET_LPC1768/TOOLCHAIN_GCC_ARM/libmbed.a(FileBase.o)
                0x0000000000001968                mbed::FileBase::lookup(char const*, unsigned int)
 .text._ZN4mbed8FileBase11getPathTypeEv
                0x00000000000019a4        0x4 ./mbed/TARGET_LPC1768/TOOLCHAIN_GCC_ARM/libmbed.a(FileBase.o)
                0x00000000000019a4                mbed::FileBase::getPathType()
 .text._ZN4mbed8FileLikeD2Ev
                0x00000000000019a8       0x24 ./mbed/TARGET_LPC1768/TOOLCHAIN_GCC_ARM/libmbed.a(FileLike.o)
                0x00000000000019a8                mbed::FileLike::~FileLike()
                0x00000000000019a8                mbed::FileLike::~FileLike()
 .text._ZThn4_N4mbed8FileLikeD1Ev
                0x00000000000019cc        0x8 ./mbed/TARGET_LPC1768/TOOLCHAIN_GCC_ARM/libmbed.a(FileLike.o)
                0x00000000000019cc                non-virtual thunk to mbed::FileLike::~FileLike()
 .text._ZN4mbed8FileLikeD0Ev
                0x00000000000019d4       0x2c ./mbed/TARGET_LPC1768/TOOLCHAIN_GCC_ARM/libmbed.a(FileLike.o)
                0x00000000000019d4                mbed::FileLike::~FileLike()
 .text._ZThn4_N4mbed8FileLikeD0Ev
                0x0000000000001a00        0x8 ./mbed/TARGET_LPC1768/TOOLCHAIN_GCC_ARM/libmbed.a(FileLike.o)
                0x0000000000001a00                non-virtual thunk to mbed::FileLike::~FileLike()
 .text._ZN4mbed8FileLikeC2EPKc
                0x0000000000001a08       0x28 ./mbed/TARGET_LPC1768/TOOLCHAIN_GCC_ARM/libmbed.a(FileLike.o)
                0x0000000000001a08                mbed::FileLike::FileLike(char const*)
                0x0000000000001a08                mbed::FileLike::FileLike(char const*)
 .text._ZN4mbed15FunctionPointerC2EPFvvE
                0x0000000000001a30        0xc ./mbed/TARGET_LPC1768/TOOLCHAIN_GCC_ARM/libmbed.a(FunctionPointer.o)
                0x0000000000001a30                mbed::FunctionPointer::FunctionPointer(void (*)())
                0x0000000000001a30                mbed::FunctionPointer::FunctionPointer(void (*)())
 .text._ZN4mbed15FunctionPointer4callEv
                0x0000000000001a3c       0x18 ./mbed/TARGET_LPC1768/TOOLCHAIN_GCC_ARM/libmbed.a(FunctionPointer.o)
                0x0000000000001a3c                mbed::FunctionPointer::call()
 .text.us_ticker_irq_handler
                0x0000000000001a54       0x48 ./mbed/TARGET_LPC1768/TOOLCHAIN_GCC_ARM/libmbed.a(us_ticker_api.o)
                0x0000000000001a54                us_ticker_irq_handler
 .text.__aeabi_atexit
                0x0000000000001a9c        0xa /usr/bin/../lib/gcc/arm-none-eabi/4.9.3/../../../../arm-none-eabi/lib/armv7-m/libstdc++_nano.a(atexit_arm.o)
                0x0000000000001a9c                __aeabi_atexit
 .text._ZdlPv   0x0000000000001aa6        0x4 /usr/bin/../lib/gcc/arm-none-eabi/4.9.3/../../../../arm-none-eabi/lib/armv7-m/libstdc++_nano.a(del_op.o)
                0x0000000000001aa6                operator delete(void*)
 .text.abs      0x0000000000001aaa        0x8 /usr/bin/../lib/gcc/arm-none-eabi/4.9.3/../../../../arm-none-eabi/lib/armv7-m/libc_nano.a(lib_a-abs.o)
                0x0000000000001aaa                abs
 *fill*         0x0000000000001ab2        0x2 
 .text.__cxa_atexit
                0x0000000000001ab4       0x1c /usr/bin/../lib/gcc/arm-none-eabi/4.9.3/../../../../arm-none-eabi/lib/armv7-m/libc_nano.a(lib_a-cxa_atexit.o)
                0x0000000000001ab4                __cxa_atexit
 .text.__errno  0x0000000000001ad0        0xc /usr/bin/../lib/gcc/arm-none-eabi/4.9.3/../../../../arm-none-eabi/lib/armv7-m/libc_nano.a(lib_a-errno.o)
                0x0000000000001ad0                __errno
 .text.exit     0x0000000000001adc       0x28 /usr/bin/../lib/gcc/arm-none-eabi/4.9.3/../../../../arm-none-eabi/lib/armv7-m/libc_nano.a(lib_a-exit.o)
                0x0000000000001adc                exit
 .text._fclose_r
                0x0000000000001b04       0xa4 /usr/bin/../lib/gcc/arm-none-eabi/4.9.3/../../../../arm-none-eabi/lib/armv7-m/libc_nano.a(lib_a-fclose.o)
                0x0000000000001b04                _fclose_r
 .text.fclose   0x0000000000001ba8       0x10 /usr/bin/../lib/gcc/arm-none-eabi/4.9.3/../../../../arm-none-eabi/lib/armv7-m/libc_nano.a(lib_a-fclose.o)
                0x0000000000001ba8                fclose
 .text.__sflush_r
                0x0000000000001bb8      0x106 /usr/bin/../lib/gcc/arm-none-eabi/4.9.3/../../../../arm-none-eabi/lib/armv7-m/libc_nano.a(lib_a-fflush.o)
                0x0000000000001bb8                __sflush_r
 *fill*         0x0000000000001cbe        0x2 
 .text._fflush_r
                0x0000000000001cc0       0x54 /usr/bin/../lib/gcc/arm-none-eabi/4.9.3/../../../../arm-none-eabi/lib/armv7-m/libc_nano.a(lib_a-fflush.o)
                0x0000000000001cc0                _fflush_r
 .text.fflush   0x0000000000001d14       0x24 /usr/bin/../lib/gcc/arm-none-eabi/4.9.3/../../../../arm-none-eabi/lib/armv7-m/libc_nano.a(lib_a-fflush.o)
                0x0000000000001d14                fflush
 .text._fgetc_r
                0x0000000000001d38       0x58 /usr/bin/../lib/gcc/arm-none-eabi/4.9.3/../../../../arm-none-eabi/lib/armv7-m/libc_nano.a(lib_a-fgetc.o)
                0x0000000000001d38                _fgetc_r
 .text.fgetc    0x0000000000001d90       0x10 /usr/bin/../lib/gcc/arm-none-eabi/4.9.3/../../../../arm-none-eabi/lib/armv7-m/libc_nano.a(lib_a-fgetc.o)
                0x0000000000001d90                fgetc
 .text._cleanup_r
                0x0000000000001da0        0xc /usr/bin/../lib/gcc/arm-none-eabi/4.9.3/../../../../arm-none-eabi/lib/armv7-m/libc_nano.a(lib_a-findfp.o)
                0x0000000000001da0                _cleanup_r
 .text.std.isra.0
                0x0000000000001dac       0x48 /usr/bin/../lib/gcc/arm-none-eabi/4.9.3/../../../../arm-none-eabi/lib/armv7-m/libc_nano.a(lib_a-findfp.o)
 .text.__sfmoreglue
                0x0000000000001df4       0x2c /usr/bin/../lib/gcc/arm-none-eabi/4.9.3/../../../../arm-none-eabi/lib/armv7-m/libc_nano.a(lib_a-findfp.o)
                0x0000000000001df4                __sfmoreglue
 .text.__sinit  0x0000000000001e20       0x60 /usr/bin/../lib/gcc/arm-none-eabi/4.9.3/../../../../arm-none-eabi/lib/armv7-m/libc_nano.a(lib_a-findfp.o)
                0x0000000000001e20                __sinit
 .text.__sfp    0x0000000000001e80       0x74 /usr/bin/../lib/gcc/arm-none-eabi/4.9.3/../../../../arm-none-eabi/lib/armv7-m/libc_nano.a(lib_a-findfp.o)
                0x0000000000001e80                __sfp
 .text.__sfp_lock_acquire
                0x0000000000001ef4        0x2 /usr/bin/../lib/gcc/arm-none-eabi/4.9.3/../../../../arm-none-eabi/lib/armv7-m/libc_nano.a(lib_a-findfp.o)
                0x0000000000001ef4                __sfp_lock_acquire
 .text.__sfp_lock_release
                0x0000000000001ef6        0x2 /usr/bin/../lib/gcc/arm-none-eabi/4.9.3/../../../../arm-none-eabi/lib/armv7-m/libc_nano.a(lib_a-findfp.o)
                0x0000000000001ef6                __sfp_lock_release
 .text._fopen_r
                0x0000000000001ef8       0x80 /usr/bin/../lib/gcc/arm-none-eabi/4.9.3/../../../../arm-none-eabi/lib/armv7-m/libc_nano.a(lib_a-fopen.o)
                0x0000000000001ef8                _fopen_r
 .text.fopen    0x0000000000001f78       0x14 /usr/bin/../lib/gcc/arm-none-eabi/4.9.3/../../../../arm-none-eabi/lib/armv7-m/libc_nano.a(lib_a-fopen.o)
                0x0000000000001f78                fopen
 .text.fprintf  0x0000000000001f8c       0x24 /usr/bin/../lib/gcc/arm-none-eabi/4.9.3/../../../../arm-none-eabi/lib/armv7-m/libc_nano.a(lib_a-fprintf.o)
                0x0000000000001f8c                fprintf
                0x0000000000001f8c                fiprintf
 .text._fputc_r
                0x0000000000001fb0       0x48 /usr/bin/../lib/gcc/arm-none-eabi/4.9.3/../../../../arm-none-eabi/lib/armv7-m/libc_nano.a(lib_a-fputc.o)
                0x0000000000001fb0                _fputc_r
 .text.fputc    0x0000000000001ff8       0x14 /usr/bin/../lib/gcc/arm-none-eabi/4.9.3/../../../../arm-none-eabi/lib/armv7-m/libc_nano.a(lib_a-fputc.o)
                0x0000000000001ff8                fputc
 .text._fseek_r
                0x000000000000200c        0x4 /usr/bin/../lib/gcc/arm-none-eabi/4.9.3/../../../../arm-none-eabi/lib/armv7-m/libc_nano.a(lib_a-fseek.o)
                0x000000000000200c                _fseek_r
 .text._fseeko_r
                0x0000000000002010      0x118 /usr/bin/../lib/gcc/arm-none-eabi/4.9.3/../../../../arm-none-eabi/lib/armv7-m/libc_nano.a(lib_a-fseeko.o)
                0x0000000000002010                _fseeko_r
 .text._fwalk   0x0000000000002128       0x38 /usr/bin/../lib/gcc/arm-none-eabi/4.9.3/../../../../arm-none-eabi/lib/armv7-m/libc_nano.a(lib_a-fwalk.o)
                0x0000000000002128                _fwalk
 .text._fwalk_reent
                0x0000000000002160       0x3c /usr/bin/../lib/gcc/arm-none-eabi/4.9.3/../../../../arm-none-eabi/lib/armv7-m/libc_nano.a(lib_a-fwalk.o)
                0x0000000000002160                _fwalk_reent
 .text.__libc_init_array
                0x000000000000219c       0x4c /usr/bin/../lib/gcc/arm-none-eabi/4.9.3/../../../../arm-none-eabi/lib/armv7-m/libc_nano.a(lib_a-init.o)
                0x000000000000219c                __libc_init_array
 .text.__smakebuf_r
                0x00000000000021e8       0x98 /usr/bin/../lib/gcc/arm-none-eabi/4.9.3/../../../../arm-none-eabi/lib/armv7-m/libc_nano.a(lib_a-makebuf.o)
                0x00000000000021e8                __smakebuf_r
 .text.malloc   0x0000000000002280       0x10 /usr/bin/../lib/gcc/arm-none-eabi/4.9.3/../../../../arm-none-eabi/lib/armv7-m/libc_nano.a(lib_a-malloc.o)
                0x0000000000002280                malloc
 .text.free     0x0000000000002290       0x10 /usr/bin/../lib/gcc/arm-none-eabi/4.9.3/../../../../arm-none-eabi/lib/armv7-m/libc_nano.a(lib_a-malloc.o)
                0x0000000000002290                free
 .text.memchr   0x00000000000022a0       0x1c /usr/bin/../lib/gcc/arm-none-eabi/4.9.3/../../../../arm-none-eabi/lib/armv7-m/libc_nano.a(lib_a-memchr.o)
                0x00000000000022a0                memchr
 .text.memcpy   0x00000000000022bc       0x16 /usr/bin/../lib/gcc/arm-none-eabi/4.9.3/../../../../arm-none-eabi/lib/armv7-m/libc_nano.a(lib_a-memcpy.o)
                0x00000000000022bc                memcpy
 .text.memset   0x00000000000022d2       0x10 /usr/bin/../lib/gcc/arm-none-eabi/4.9.3/../../../../arm-none-eabi/lib/armv7-m/libc_nano.a(lib_a-memset.o)
                0x00000000000022d2                memset
 *fill*         0x00000000000022e2        0x2 
 .text._free_r  0x00000000000022e4       0x88 /usr/bin/../lib/gcc/arm-none-eabi/4.9.3/../../../../arm-none-eabi/lib/armv7-m/libc_nano.a(lib_a-nano-freer.o)
                0x00000000000022e4                _free_r
 .text._malloc_r
                0x000000000000236c       0xac /usr/bin/../lib/gcc/arm-none-eabi/4.9.3/../../../../arm-none-eabi/lib/armv7-m/libc_nano.a(lib_a-nano-mallocr.o)
                0x000000000000236c                _malloc_r
 .text.__sfputc_r
                0x0000000000002418       0x2c /usr/bin/../lib/gcc/arm-none-eabi/4.9.3/../../../../arm-none-eabi/lib/armv7-m/libc_nano.a(lib_a-nano-vfprintf.o)
 .text.__sfputs_r
                0x0000000000002444       0x24 /usr/bin/../lib/gcc/arm-none-eabi/4.9.3/../../../../arm-none-eabi/lib/armv7-m/libc_nano.a(lib_a-nano-vfprintf.o)
                0x0000000000002444                __sfputs_r
 .text._vfprintf_r
                0x0000000000002468      0x210 /usr/bin/../lib/gcc/arm-none-eabi/4.9.3/../../../../arm-none-eabi/lib/armv7-m/libc_nano.a(lib_a-nano-vfprintf.o)
                0x0000000000002468                _vfiprintf_r
                0x0000000000002468                _vfprintf_r
 .text.vfprintf
                0x0000000000002678       0x1c /usr/bin/../lib/gcc/arm-none-eabi/4.9.3/../../../../arm-none-eabi/lib/armv7-m/libc_nano.a(lib_a-nano-vfprintf.o)
                0x0000000000002678                vfiprintf
                0x0000000000002678                vfprintf
 .text.__cvt    0x0000000000002694       0xbc /usr/bin/../lib/gcc/arm-none-eabi/4.9.3/../../../../arm-none-eabi/lib/armv7-m/libc_nano.a(lib_a-nano-vfprintf_float.o)
                0x0000000000002694                __cvt
 .text.__exponent
                0x0000000000002750       0x62 /usr/bin/../lib/gcc/arm-none-eabi/4.9.3/../../../../arm-none-eabi/lib/armv7-m/libc_nano.a(lib_a-nano-vfprintf_float.o)
                0x0000000000002750                __exponent
 *fill*         0x00000000000027b2        0x2 
 .text._printf_float
                0x00000000000027b4      0x48c /usr/bin/../lib/gcc/arm-none-eabi/4.9.3/../../../../arm-none-eabi/lib/armv7-m/libc_nano.a(lib_a-nano-vfprintf_float.o)
                0x00000000000027b4                _printf_float
 .text._printf_common
                0x0000000000002c40       0xea /usr/bin/../lib/gcc/arm-none-eabi/4.9.3/../../../../arm-none-eabi/lib/armv7-m/libc_nano.a(lib_a-nano-vfprintf_i.o)
                0x0000000000002c40                _printf_common
 *fill*         0x0000000000002d2a        0x2 
 .text._printf_i
                0x0000000000002d2c      0x240 /usr/bin/../lib/gcc/arm-none-eabi/4.9.3/../../../../arm-none-eabi/lib/armv7-m/libc_nano.a(lib_a-nano-vfprintf_i.o)
                0x0000000000002d2c                _printf_i
 .text._scanf_float
                0x0000000000002f6c      0x3cc /usr/bin/../lib/gcc/arm-none-eabi/4.9.3/../../../../arm-none-eabi/lib/armv7-m/libc_nano.a(lib_a-nano-vfscanf_float.o)
                0x0000000000002f6c                _scanf_float
 .text._scanf_chars
                0x0000000000003338       0xbc /usr/bin/../lib/gcc/arm-none-eabi/4.9.3/../../../../arm-none-eabi/lib/armv7-m/libc_nano.a(lib_a-nano-vfscanf_i.o)
                0x0000000000003338                _scanf_chars
 .text._scanf_i
                0x00000000000033f4      0x1e4 /usr/bin/../lib/gcc/arm-none-eabi/4.9.3/../../../../arm-none-eabi/lib/armv7-m/libc_nano.a(lib_a-nano-vfscanf_i.o)
                0x00000000000033f4                _scanf_i
 .text._open_r  0x00000000000035d8       0x24 /usr/bin/../lib/gcc/arm-none-eabi/4.9.3/../../../../arm-none-eabi/lib/armv7-m/libc_nano.a(lib_a-openr.o)
                0x00000000000035d8                _open_r
 .text._putc_r  0x00000000000035fc       0x78 /usr/bin/../lib/gcc/arm-none-eabi/4.9.3/../../../../arm-none-eabi/lib/armv7-m/libc_nano.a(lib_a-putc.o)
                0x00000000000035fc                _putc_r
 .text.lflush   0x0000000000003674       0x12 /usr/bin/../lib/gcc/arm-none-eabi/4.9.3/../../../../arm-none-eabi/lib/armv7-m/libc_nano.a(lib_a-refill.o)
 *fill*         0x0000000000003686        0x2 
 .text.__srefill_r
                0x0000000000003688      0x10c /usr/bin/../lib/gcc/arm-none-eabi/4.9.3/../../../../arm-none-eabi/lib/armv7-m/libc_nano.a(lib_a-refill.o)
                0x0000000000003688                __srefill_r
 .text.__srget_r
                0x0000000000003794       0x58 /usr/bin/../lib/gcc/arm-none-eabi/4.9.3/../../../../arm-none-eabi/lib/armv7-m/libc_nano.a(lib_a-rget.o)
                0x0000000000003794                __srget_r
 .text.__fpclassifyd
                0x00000000000037ec       0x50 /usr/bin/../lib/gcc/arm-none-eabi/4.9.3/../../../../arm-none-eabi/lib/armv7-m/libc_nano.a(lib_a-s_fpclassify.o)
                0x00000000000037ec                __fpclassifyd
 .text._sbrk_r  0x000000000000383c       0x20 /usr/bin/../lib/gcc/arm-none-eabi/4.9.3/../../../../arm-none-eabi/lib/armv7-m/libc_nano.a(lib_a-sbrkr.o)
                0x000000000000383c                _sbrk_r
 .text.__sccl   0x000000000000385c       0x62 /usr/bin/../lib/gcc/arm-none-eabi/4.9.3/../../../../arm-none-eabi/lib/armv7-m/libc_nano.a(lib_a-sccl.o)
                0x000000000000385c                __sccl
 .text.setbuf   0x00000000000038be       0x10 /usr/bin/../lib/gcc/arm-none-eabi/4.9.3/../../../../arm-none-eabi/lib/armv7-m/libc_nano.a(lib_a-setbuf.o)
                0x00000000000038be                setbuf
 *fill*         0x00000000000038ce        0x2 
 .text.setvbuf  0x00000000000038d0      0x110 /usr/bin/../lib/gcc/arm-none-eabi/4.9.3/../../../../arm-none-eabi/lib/armv7-m/libc_nano.a(lib_a-setvbuf.o)
                0x00000000000038d0                setvbuf
 .text.nanf     0x00000000000039e0        0x8 /usr/bin/../lib/gcc/arm-none-eabi/4.9.3/../../../../arm-none-eabi/lib/armv7-m/libc_nano.a(lib_a-sf_nan.o)
                0x00000000000039e0                nanf
 .text.sprintf  0x00000000000039e8       0x48 /usr/bin/../lib/gcc/arm-none-eabi/4.9.3/../../../../arm-none-eabi/lib/armv7-m/libc_nano.a(lib_a-sprintf.o)
                0x00000000000039e8                sprintf
                0x00000000000039e8                siprintf
 .text.sscanf   0x0000000000003a30       0x54 /usr/bin/../lib/gcc/arm-none-eabi/4.9.3/../../../../arm-none-eabi/lib/armv7-m/libc_nano.a(lib_a-sscanf.o)
                0x0000000000003a30                sscanf
                0x0000000000003a30                siscanf
 .text.__sread  0x0000000000003a84       0x22 /usr/bin/../lib/gcc/arm-none-eabi/4.9.3/../../../../arm-none-eabi/lib/armv7-m/libc_nano.a(lib_a-stdio.o)
                0x0000000000003a84                __sread
 .text.__seofread
                0x0000000000003aa6        0x4 /usr/bin/../lib/gcc/arm-none-eabi/4.9.3/../../../../arm-none-eabi/lib/armv7-m/libc_nano.a(lib_a-stdio.o)
                0x0000000000003aa6                __seofread
 .text.__swrite
                0x0000000000003aaa       0x38 /usr/bin/../lib/gcc/arm-none-eabi/4.9.3/../../../../arm-none-eabi/lib/armv7-m/libc_nano.a(lib_a-stdio.o)
                0x0000000000003aaa                __swrite
 .text.__sseek  0x0000000000003ae2       0x24 /usr/bin/../lib/gcc/arm-none-eabi/4.9.3/../../../../arm-none-eabi/lib/armv7-m/libc_nano.a(lib_a-stdio.o)
                0x0000000000003ae2                __sseek
 .text.__sclose
                0x0000000000003b06        0x8 /usr/bin/../lib/gcc/arm-none-eabi/4.9.3/../../../../arm-none-eabi/lib/armv7-m/libc_nano.a(lib_a-stdio.o)
                0x0000000000003b06                __sclose
 .text          0x0000000000003b0e       0x14 /usr/bin/../lib/gcc/arm-none-eabi/4.9.3/../../../../arm-none-eabi/lib/armv7-m/libc_nano.a(lib_a-strcmp.o)
                0x0000000000003b0e                strcmp
 .text.strlen   0x0000000000003b22       0x10 /usr/bin/../lib/gcc/arm-none-eabi/4.9.3/../../../../arm-none-eabi/lib/armv7-m/libc_nano.a(lib_a-strlen.o)
                0x0000000000003b22                strlen
 .text.strncmp  0x0000000000003b32       0x32 /usr/bin/../lib/gcc/arm-none-eabi/4.9.3/../../../../arm-none-eabi/lib/armv7-m/libc_nano.a(lib_a-strncmp.o)
                0x0000000000003b32                strncmp
 .text.match    0x0000000000003b64       0x26 /usr/bin/../lib/gcc/arm-none-eabi/4.9.3/../../../../arm-none-eabi/lib/armv7-m/libc_nano.a(lib_a-strtod.o)
 .text.sulp     0x0000000000003b8a       0x42 /usr/bin/../lib/gcc/arm-none-eabi/4.9.3/../../../../arm-none-eabi/lib/armv7-m/libc_nano.a(lib_a-strtod.o)
 *fill*         0x0000000000003bcc        0x4 
 .text._strtod_r
                0x0000000000003bd0      0xc40 /usr/bin/../lib/gcc/arm-none-eabi/4.9.3/../../../../arm-none-eabi/lib/armv7-m/libc_nano.a(lib_a-strtod.o)
                0x0000000000003bd0                _strtod_r
 .text._strtol_r
                0x0000000000004810      0x10c /usr/bin/../lib/gcc/arm-none-eabi/4.9.3/../../../../arm-none-eabi/lib/armv7-m/libc_nano.a(lib_a-strtol.o)
                0x0000000000004810                _strtol_r
 .text._strtoul_r
                0x000000000000491c       0xf8 /usr/bin/../lib/gcc/arm-none-eabi/4.9.3/../../../../arm-none-eabi/lib/armv7-m/libc_nano.a(lib_a-strtoul.o)
                0x000000000000491c                _strtoul_r
 .text.__submore
                0x0000000000004a14       0x72 /usr/bin/../lib/gcc/arm-none-eabi/4.9.3/../../../../arm-none-eabi/lib/armv7-m/libc_nano.a(lib_a-ungetc.o)
                0x0000000000004a14                __submore
 *fill*         0x0000000000004a86        0x2 
 .text.__swbuf_r
                0x0000000000004a88       0xa8 /usr/bin/../lib/gcc/arm-none-eabi/4.9.3/../../../../arm-none-eabi/lib/armv7-m/libc_nano.a(lib_a-wbuf.o)
                0x0000000000004a88                __swbuf_r
 .text._write_r
                0x0000000000004b30       0x24 /usr/bin/../lib/gcc/arm-none-eabi/4.9.3/../../../../arm-none-eabi/lib/armv7-m/libc_nano.a(lib_a-writer.o)
                0x0000000000004b30                _write_r
 .text.__swsetup_r
                0x0000000000004b54       0xd8 /usr/bin/../lib/gcc/arm-none-eabi/4.9.3/../../../../arm-none-eabi/lib/armv7-m/libc_nano.a(lib_a-wsetup.o)
                0x0000000000004b54                __swsetup_r
 .text._close_r
                0x0000000000004c2c       0x20 /usr/bin/../lib/gcc/arm-none-eabi/4.9.3/../../../../arm-none-eabi/lib/armv7-m/libc_nano.a(lib_a-closer.o)
                0x0000000000004c2c                _close_r
 .text.quorem   0x0000000000004c4c      0x114 /usr/bin/../lib/gcc/arm-none-eabi/4.9.3/../../../../arm-none-eabi/lib/armv7-m/libc_nano.a(lib_a-dtoa.o)
 .text._dtoa_r  0x0000000000004d60      0xb78 /usr/bin/../lib/gcc/arm-none-eabi/4.9.3/../../../../arm-none-eabi/lib/armv7-m/libc_nano.a(lib_a-dtoa.o)
                0x0000000000004d60                _dtoa_r
 .text.__sflags
                0x00000000000058d8       0x6e /usr/bin/../lib/gcc/arm-none-eabi/4.9.3/../../../../arm-none-eabi/lib/armv7-m/libc_nano.a(lib_a-flags.o)
                0x00000000000058d8                __sflags
 *fill*         0x0000000000005946        0x2 
 .text._fstat_r
                0x0000000000005948       0x24 /usr/bin/../lib/gcc/arm-none-eabi/4.9.3/../../../../arm-none-eabi/lib/armv7-m/libc_nano.a(lib_a-fstatr.o)
                0x0000000000005948                _fstat_r
 .text.rshift   0x000000000000596c       0x6c /usr/bin/../lib/gcc/arm-none-eabi/4.9.3/../../../../arm-none-eabi/lib/armv7-m/libc_nano.a(lib_a-gdtoa-gethex.o)
 .text.__hexdig_fun
                0x00000000000059d8       0x2a /usr/bin/../lib/gcc/arm-none-eabi/4.9.3/../../../../arm-none-eabi/lib/armv7-m/libc_nano.a(lib_a-gdtoa-gethex.o)
                0x00000000000059d8                __hexdig_fun
 .text.__gethex
                0x0000000000005a02      0x44a /usr/bin/../lib/gcc/arm-none-eabi/4.9.3/../../../../arm-none-eabi/lib/armv7-m/libc_nano.a(lib_a-gdtoa-gethex.o)
                0x0000000000005a02                __gethex
 .text.L_shift  0x0000000000005e4c       0x24 /usr/bin/../lib/gcc/arm-none-eabi/4.9.3/../../../../arm-none-eabi/lib/armv7-m/libc_nano.a(lib_a-gdtoa-hexnan.o)
 .text.__hexnan
                0x0000000000005e70      0x114 /usr/bin/../lib/gcc/arm-none-eabi/4.9.3/../../../../arm-none-eabi/lib/armv7-m/libc_nano.a(lib_a-gdtoa-hexnan.o)
                0x0000000000005e70                __hexnan
 .text._isatty_r
                0x0000000000005f84       0x20 /usr/bin/../lib/gcc/arm-none-eabi/4.9.3/../../../../arm-none-eabi/lib/armv7-m/libc_nano.a(lib_a-isattyr.o)
                0x0000000000005f84                _isatty_r
 .text._localeconv_r
                0x0000000000005fa4        0x8 /usr/bin/../lib/gcc/arm-none-eabi/4.9.3/../../../../arm-none-eabi/lib/armv7-m/libc_nano.a(lib_a-locale.o)
                0x0000000000005fa4                _localeconv_r
 .text._lseek_r
                0x0000000000005fac       0x24 /usr/bin/../lib/gcc/arm-none-eabi/4.9.3/../../../../arm-none-eabi/lib/armv7-m/libc_nano.a(lib_a-lseekr.o)
                0x0000000000005fac                _lseek_r
 .text.memmove  0x0000000000005fd0       0x36 /usr/bin/../lib/gcc/arm-none-eabi/4.9.3/../../../../arm-none-eabi/lib/armv7-m/libc_nano.a(lib_a-memmove.o)
                0x0000000000005fd0                memmove
 .text._Balloc  0x0000000000006006       0x6a /usr/bin/../lib/gcc/arm-none-eabi/4.9.3/../../../../arm-none-eabi/lib/armv7-m/libc_nano.a(lib_a-mprec.o)
                0x0000000000006006                _Balloc
 .text._Bfree   0x0000000000006070       0x2e /usr/bin/../lib/gcc/arm-none-eabi/4.9.3/../../../../arm-none-eabi/lib/armv7-m/libc_nano.a(lib_a-mprec.o)
                0x0000000000006070                _Bfree
 .text.__multadd
                0x000000000000609e       0x7c /usr/bin/../lib/gcc/arm-none-eabi/4.9.3/../../../../arm-none-eabi/lib/armv7-m/libc_nano.a(lib_a-mprec.o)
                0x000000000000609e                __multadd
 .text.__s2b    0x000000000000611a       0x80 /usr/bin/../lib/gcc/arm-none-eabi/4.9.3/../../../../arm-none-eabi/lib/armv7-m/libc_nano.a(lib_a-mprec.o)
                0x000000000000611a                __s2b
 .text.__hi0bits
                0x000000000000619a       0x40 /usr/bin/../lib/gcc/arm-none-eabi/4.9.3/../../../../arm-none-eabi/lib/armv7-m/libc_nano.a(lib_a-mprec.o)
                0x000000000000619a                __hi0bits
 .text.__lo0bits
                0x00000000000061da       0x5a /usr/bin/../lib/gcc/arm-none-eabi/4.9.3/../../../../arm-none-eabi/lib/armv7-m/libc_nano.a(lib_a-mprec.o)
                0x00000000000061da                __lo0bits
 .text.__i2b    0x0000000000006234       0x12 /usr/bin/../lib/gcc/arm-none-eabi/4.9.3/../../../../arm-none-eabi/lib/armv7-m/libc_nano.a(lib_a-mprec.o)
                0x0000000000006234                __i2b
 .text.__multiply
                0x0000000000006246      0x120 /usr/bin/../lib/gcc/arm-none-eabi/4.9.3/../../../../arm-none-eabi/lib/armv7-m/libc_nano.a(lib_a-mprec.o)
                0x0000000000006246                __multiply
 *fill*         0x0000000000006366        0x2 
 .text.__pow5mult
                0x0000000000006368       0x9c /usr/bin/../lib/gcc/arm-none-eabi/4.9.3/../../../../arm-none-eabi/lib/armv7-m/libc_nano.a(lib_a-mprec.o)
                0x0000000000006368                __pow5mult
 .text.__lshift
                0x0000000000006404       0xa6 /usr/bin/../lib/gcc/arm-none-eabi/4.9.3/../../../../arm-none-eabi/lib/armv7-m/libc_nano.a(lib_a-mprec.o)
                0x0000000000006404                __lshift
 .text.__mcmp   0x00000000000064aa       0x38 /usr/bin/../lib/gcc/arm-none-eabi/4.9.3/../../../../arm-none-eabi/lib/armv7-m/libc_nano.a(lib_a-mprec.o)
                0x00000000000064aa                __mcmp
 .text.__mdiff  0x00000000000064e2       0xbe /usr/bin/../lib/gcc/arm-none-eabi/4.9.3/../../../../arm-none-eabi/lib/armv7-m/libc_nano.a(lib_a-mprec.o)
                0x00000000000064e2                __mdiff
 .text.__ulp    0x00000000000065a0       0x48 /usr/bin/../lib/gcc/arm-none-eabi/4.9.3/../../../../arm-none-eabi/lib/armv7-m/libc_nano.a(lib_a-mprec.o)
                0x00000000000065a0                __ulp
 .text.__b2d    0x00000000000065e8       0x9e /usr/bin/../lib/gcc/arm-none-eabi/4.9.3/../../../../arm-none-eabi/lib/armv7-m/libc_nano.a(lib_a-mprec.o)
                0x00000000000065e8                __b2d
 .text.__d2b    0x0000000000006686       0xa4 /usr/bin/../lib/gcc/arm-none-eabi/4.9.3/../../../../arm-none-eabi/lib/armv7-m/libc_nano.a(lib_a-mprec.o)
                0x0000000000006686                __d2b
 .text.__ratio  0x000000000000672a       0x50 /usr/bin/../lib/gcc/arm-none-eabi/4.9.3/../../../../arm-none-eabi/lib/armv7-m/libc_nano.a(lib_a-mprec.o)
                0x000000000000672a                __ratio
 .text.__copybits
                0x000000000000677a       0x34 /usr/bin/../lib/gcc/arm-none-eabi/4.9.3/../../../../arm-none-eabi/lib/armv7-m/libc_nano.a(lib_a-mprec.o)
                0x000000000000677a                __copybits
 .text.__any_on
                0x00000000000067ae       0x44 /usr/bin/../lib/gcc/arm-none-eabi/4.9.3/../../../../arm-none-eabi/lib/armv7-m/libc_nano.a(lib_a-mprec.o)
                0x00000000000067ae                __any_on
 .text._calloc_r
                0x00000000000067f2       0x1c /usr/bin/../lib/gcc/arm-none-eabi/4.9.3/../../../../arm-none-eabi/lib/armv7-m/libc_nano.a(lib_a-nano-callocr.o)
                0x00000000000067f2                _calloc_r
 .text._realloc_r
                0x000000000000680e       0x4c /usr/bin/../lib/gcc/arm-none-eabi/4.9.3/../../../../arm-none-eabi/lib/armv7-m/libc_nano.a(lib_a-nano-reallocr.o)
                0x000000000000680e                _realloc_r
 .text.__ssputs_r
                0x000000000000685a       0xb2 /usr/bin/../lib/gcc/arm-none-eabi/4.9.3/../../../../arm-none-eabi/lib/armv7-m/libc_nano.a(lib_a-nano-svfprintf.o)
                0x000000000000685a                __ssputs_r
 .text._svfprintf_r
                0x000000000000690c      0x1e4 /usr/bin/../lib/gcc/arm-none-eabi/4.9.3/../../../../arm-none-eabi/lib/armv7-m/libc_nano.a(lib_a-nano-svfprintf.o)
                0x000000000000690c                _svfprintf_r
                0x000000000000690c                _svfiprintf_r
 .text._sungetc_r
                0x0000000000006af0       0x7a /usr/bin/../lib/gcc/arm-none-eabi/4.9.3/../../../../arm-none-eabi/lib/armv7-m/libc_nano.a(lib_a-nano-svfscanf.o)
                0x0000000000006af0                _sungetc_r
 .text.__ssrefill_r
                0x0000000000006b6a       0x3a /usr/bin/../lib/gcc/arm-none-eabi/4.9.3/../../../../arm-none-eabi/lib/armv7-m/libc_nano.a(lib_a-nano-svfscanf.o)
                0x0000000000006b6a                __ssrefill_r
 .text.__ssvfscanf_r
                0x0000000000006ba4      0x29c /usr/bin/../lib/gcc/arm-none-eabi/4.9.3/../../../../arm-none-eabi/lib/armv7-m/libc_nano.a(lib_a-nano-svfscanf.o)
                0x0000000000006ba4                __ssvfscanf_r
                0x0000000000006ba4                __ssvfiscanf_r
 .text._read_r  0x0000000000006e40       0x24 /usr/bin/../lib/gcc/arm-none-eabi/4.9.3/../../../../arm-none-eabi/lib/armv7-m/libc_nano.a(lib_a-readr.o)
                0x0000000000006e40                _read_r
 .text._malloc_usable_size_r
                0x0000000000006e64       0x14 /usr/bin/../lib/gcc/arm-none-eabi/4.9.3/../../../../arm-none-eabi/lib/armv7-m/libc_nano.a(lib_a-nano-msizer.o)
                0x0000000000006e64                _malloc_usable_size_r
 .text          0x0000000000006e78      0x370 /usr/bin/../lib/gcc/arm-none-eabi/4.9.3/armv7-m/libgcc.a(_arm_addsubdf3.o)
                0x0000000000006e78                __aeabi_drsub
                0x0000000000006e80                __aeabi_dsub
                0x0000000000006e80                __subdf3
                0x0000000000006e84                __adddf3
                0x0000000000006e84                __aeabi_dadd
                0x00000000000070fc                __aeabi_ui2d
                0x00000000000070fc                __floatunsidf
                0x000000000000711c                __floatsidf
                0x000000000000711c                __aeabi_i2d
                0x0000000000007140                __extendsfdf2
                0x0000000000007140                __aeabi_f2d
                0x000000000000717c                __aeabi_ul2d
                0x000000000000717c                __floatundidf
                0x000000000000718c                __floatdidf
                0x000000000000718c                __aeabi_l2d
 .text          0x00000000000071e8      0x424 /usr/bin/../lib/gcc/arm-none-eabi/4.9.3/armv7-m/libgcc.a(_arm_muldivdf3.o)
                0x00000000000071e8                __aeabi_dmul
                0x00000000000071e8                __muldf3
                0x000000000000743c                __aeabi_ddiv
                0x000000000000743c                __divdf3
 .text          0x000000000000760c      0x110 /usr/bin/../lib/gcc/arm-none-eabi/4.9.3/armv7-m/libgcc.a(_arm_cmpdf2.o)
                0x000000000000760c                __gtdf2
                0x000000000000760c                __gedf2
                0x0000000000007614                __ltdf2
                0x0000000000007614                __ledf2
                0x000000000000761c                __cmpdf2
                0x000000000000761c                __eqdf2
                0x000000000000761c                __nedf2
                0x0000000000007698                __aeabi_cdrcmple
                0x00000000000076a8                __aeabi_cdcmple
                0x00000000000076a8                __aeabi_cdcmpeq
                0x00000000000076b8                __aeabi_dcmpeq
                0x00000000000076cc                __aeabi_dcmplt
                0x00000000000076e0                __aeabi_dcmple
                0x00000000000076f4                __aeabi_dcmpge
                0x0000000000007708                __aeabi_dcmpgt
 .text          0x000000000000771c       0x50 /usr/bin/../lib/gcc/arm-none-eabi/4.9.3/armv7-m/libgcc.a(_arm_fixdfsi.o)
                0x000000000000771c                __fixdfsi
                0x000000000000771c                __aeabi_d2iz
 .text          0x000000000000776c       0x40 /usr/bin/../lib/gcc/arm-none-eabi/4.9.3/armv7-m/libgcc.a(_arm_fixunsdfsi.o)
                0x000000000000776c                __fixunsdfsi
                0x000000000000776c                __aeabi_d2uiz
 .text          0x00000000000077ac       0xa0 /usr/bin/../lib/gcc/arm-none-eabi/4.9.3/armv7-m/libgcc.a(_arm_truncdfsf2.o)
                0x00000000000077ac                __aeabi_d2f
                0x00000000000077ac                __truncdfsf2
 *(.init)
 .init          0x000000000000784c        0x4 /usr/bin/../lib/gcc/arm-none-eabi/4.9.3/armv7-m/crti.o
                0x000000000000784c                _init
 .init          0x0000000000007850        0x8 /usr/bin/../lib/gcc/arm-none-eabi/4.9.3/armv7-m/crtn.o
 *(.fini)
 .fini          0x0000000000007858        0x4 /usr/bin/../lib/gcc/arm-none-eabi/4.9.3/armv7-m/crti.o
                0x0000000000007858                _fini
 .fini          0x000000000000785c        0x8 /usr/bin/../lib/gcc/arm-none-eabi/4.9.3/armv7-m/crtn.o
 *crtbegin.o(.ctors)
 *crtbegin?.o(.ctors)
 *(EXCLUDE_FILE(*crtend.o *crtend?.o) .ctors)
 *(SORT(.ctors.*))
 *(.ctors)
 *crtbegin.o(.dtors)
 *crtbegin?.o(.dtors)
 *(EXCLUDE_FILE(*crtend.o *crtend?.o) .dtors)
 *(SORT(.dtors.*))
 *(.dtors)
 *(.rodata*)
 .rodata.str1.1
                0x0000000000007864       0x18 main.o
 .rodata.str1.4
                0x000000000000787c       0x80 mbed/TARGET_LPC1768/TOOLCHAIN_GCC_ARM/board.o
 .rodata.__stdin_name
                0x00000000000078fc        0x8 mbed/TARGET_LPC1768/TOOLCHAIN_GCC_ARM/retarget.o
                0x00000000000078fc                __stdin_name
 .rodata.__stderr_name
                0x0000000000007904        0x8 mbed/TARGET_LPC1768/TOOLCHAIN_GCC_ARM/retarget.o
                0x0000000000007904                __stderr_name
 .rodata.__stdout_name
                0x000000000000790c        0x8 mbed/TARGET_LPC1768/TOOLCHAIN_GCC_ARM/retarget.o
                0x000000000000790c                __stdout_name
 *fill*         0x0000000000007914        0x4 
 .rodata._ZTVN4mbed10FileHandleE
                0x0000000000007918       0x30 mbed/TARGET_LPC1768/TOOLCHAIN_GCC_ARM/retarget.o
                0x0000000000007918                vtable for mbed::FileHandle
 .rodata.str1.4
                0x0000000000007948        0xe mbed/TARGET_LPC1768/TOOLCHAIN_GCC_ARM/retarget.o
                                         0x10 (size before relaxing)
 *fill*         0x0000000000007956        0x2 
 .rodata.PinMap_UART_RTS
                0x0000000000007958       0x24 ./mbed/TARGET_LPC1768/TOOLCHAIN_GCC_ARM/libmbed.a(serial_api.o)
 .rodata.CSWTCH.24
                0x000000000000797c       0x10 ./mbed/TARGET_LPC1768/TOOLCHAIN_GCC_ARM/libmbed.a(serial_api.o)
 .rodata.PinMap_UART_RX
                0x000000000000798c       0x6c ./mbed/TARGET_LPC1768/TOOLCHAIN_GCC_ARM/libmbed.a(serial_api.o)
 .rodata.str1.4
                0x00000000000079f8      0x1d0 ./mbed/TARGET_LPC1768/TOOLCHAIN_GCC_ARM/libmbed.a(serial_api.o)
                                        0x1e8 (size before relaxing)
 .rodata.PinMap_UART_TX
                0x0000000000007bc8       0x6c ./mbed/TARGET_LPC1768/TOOLCHAIN_GCC_ARM/libmbed.a(serial_api.o)
 .rodata.PinMap_UART_CTS
                0x0000000000007c34       0x24 ./mbed/TARGET_LPC1768/TOOLCHAIN_GCC_ARM/libmbed.a(serial_api.o)
 .rodata._ZTVN4mbed10SerialBaseE
                0x0000000000007c58       0x10 ./mbed/TARGET_LPC1768/TOOLCHAIN_GCC_ARM/libmbed.a(SerialBase.o)
                0x0000000000007c58                vtable for mbed::SerialBase
 .rodata._ZTVN4mbed6StreamE
                0x0000000000007c68       0x48 ./mbed/TARGET_LPC1768/TOOLCHAIN_GCC_ARM/libmbed.a(Stream.o)
                0x0000000000007c68                vtable for mbed::Stream
 .rodata.str1.4
                0x0000000000007cb0        0x3 ./mbed/TARGET_LPC1768/TOOLCHAIN_GCC_ARM/libmbed.a(Stream.o)
                                          0x8 (size before relaxing)
 *fill*         0x0000000000007cb3        0x5 
 .rodata._ZTVN4mbed6SerialE
                0x0000000000007cb8       0x60 ./mbed/TARGET_LPC1768/TOOLCHAIN_GCC_ARM/libmbed.a(Serial.o)
                0x0000000000007cb8                vtable for mbed::Serial
 .rodata.str1.4
                0x0000000000007d18       0x31 ./mbed/TARGET_LPC1768/TOOLCHAIN_GCC_ARM/libmbed.a(assert.o)
                                         0x34 (size before relaxing)
 .rodata.str1.4
                0x0000000000000000       0x80 ./mbed/TARGET_LPC1768/TOOLCHAIN_GCC_ARM/libmbed.a(gpio.o)
 *fill*         0x0000000000007d49        0x3 
 .rodata.str1.4
                0x0000000000007d4c       0x66 ./mbed/TARGET_LPC1768/TOOLCHAIN_GCC_ARM/libmbed.a(pinmap_common.o)
                                         0x68 (size before relaxing)
 *fill*         0x0000000000007db2        0x2 
 .rodata.str1.4
                0x0000000000007db4       0x7a ./mbed/TARGET_LPC1768/TOOLCHAIN_GCC_ARM/libmbed.a(gpio_api.o)
                                         0x94 (size before relaxing)
 *fill*         0x0000000000007e2e        0x2 
 .rodata.str1.4
                0x0000000000007e30       0x64 ./mbed/TARGET_LPC1768/TOOLCHAIN_GCC_ARM/libmbed.a(pinmap.o)
                                         0x78 (size before relaxing)
 *fill*         0x0000000000007e94        0x4 
 .rodata._ZTVN4mbed8FileBaseE
                0x0000000000007e98       0x10 ./mbed/TARGET_LPC1768/TOOLCHAIN_GCC_ARM/libmbed.a(FileBase.o)
                0x0000000000007e98                vtable for mbed::FileBase
 .rodata._ZTVN4mbed8FileLikeE
                0x0000000000007ea8       0x40 ./mbed/TARGET_LPC1768/TOOLCHAIN_GCC_ARM/libmbed.a(FileLike.o)
                0x0000000000007ea8                vtable for mbed::FileLike
 .rodata.__sf_fake_stdin
                0x0000000000007ee8       0x20 /usr/bin/../lib/gcc/arm-none-eabi/4.9.3/../../../../arm-none-eabi/lib/armv7-m/libc_nano.a(lib_a-findfp.o)
                0x0000000000007ee8                __sf_fake_stdin
 .rodata.__sf_fake_stdout
                0x0000000000007f08       0x20 /usr/bin/../lib/gcc/arm-none-eabi/4.9.3/../../../../arm-none-eabi/lib/armv7-m/libc_nano.a(lib_a-findfp.o)
                0x0000000000007f08                __sf_fake_stdout
 .rodata.__sf_fake_stderr
                0x0000000000007f28       0x20 /usr/bin/../lib/gcc/arm-none-eabi/4.9.3/../../../../arm-none-eabi/lib/armv7-m/libc_nano.a(lib_a-findfp.o)
                0x0000000000007f28                __sf_fake_stderr
 .rodata.str1.1
                0x0000000000007f48        0x2 /usr/bin/../lib/gcc/arm-none-eabi/4.9.3/../../../../arm-none-eabi/lib/armv7-m/libc_nano.a(lib_a-impure.o)
 *fill*         0x0000000000007f4a        0x2 
 .rodata._global_impure_ptr
                0x0000000000007f4c        0x4 /usr/bin/../lib/gcc/arm-none-eabi/4.9.3/../../../../arm-none-eabi/lib/armv7-m/libc_nano.a(lib_a-impure.o)
                0x0000000000007f4c                _global_impure_ptr
 .rodata.str1.1
                0x0000000000007f50       0x11 /usr/bin/../lib/gcc/arm-none-eabi/4.9.3/../../../../arm-none-eabi/lib/armv7-m/libc_nano.a(lib_a-nano-vfprintf.o)
 .rodata.str1.1
                0x0000000000007f61       0x10 /usr/bin/../lib/gcc/arm-none-eabi/4.9.3/../../../../arm-none-eabi/lib/armv7-m/libc_nano.a(lib_a-nano-vfprintf_float.o)
                                         0x12 (size before relaxing)
 .rodata.str1.1
                0x0000000000007f71       0x22 /usr/bin/../lib/gcc/arm-none-eabi/4.9.3/../../../../arm-none-eabi/lib/armv7-m/libc_nano.a(lib_a-nano-vfprintf_i.o)
 .rodata.str1.1
                0x0000000000007f93        0x5 /usr/bin/../lib/gcc/arm-none-eabi/4.9.3/../../../../arm-none-eabi/lib/armv7-m/libc_nano.a(lib_a-nano-vfscanf_float.o)
 .rodata        0x0000000000007f98        0xc /usr/bin/../lib/gcc/arm-none-eabi/4.9.3/../../../../arm-none-eabi/lib/armv7-m/libc_nano.a(lib_a-nano-vfscanf_i.o)
 .rodata.str1.1
                0x0000000000007fa4       0x1b /usr/bin/../lib/gcc/arm-none-eabi/4.9.3/../../../../arm-none-eabi/lib/armv7-m/libc_nano.a(lib_a-nano-vfscanf_i.o)
 *fill*         0x0000000000007fbf        0x1 
 .rodata.fpinan.5309
                0x0000000000007fc0       0x14 /usr/bin/../lib/gcc/arm-none-eabi/4.9.3/../../../../arm-none-eabi/lib/armv7-m/libc_nano.a(lib_a-strtod.o)
 .rodata.str1.1
                0x0000000000000000       0x1b /usr/bin/../lib/gcc/arm-none-eabi/4.9.3/../../../../arm-none-eabi/lib/armv7-m/libc_nano.a(lib_a-strtod.o)
                                          0xc (size before relaxing)
 *fill*         0x0000000000007fd4        0x4 
 .rodata.tinytens
                0x0000000000007fd8       0x28 /usr/bin/../lib/gcc/arm-none-eabi/4.9.3/../../../../arm-none-eabi/lib/armv7-m/libc_nano.a(lib_a-strtod.o)
 .rodata.fpi.5273
                0x0000000000008000       0x14 /usr/bin/../lib/gcc/arm-none-eabi/4.9.3/../../../../arm-none-eabi/lib/armv7-m/libc_nano.a(lib_a-strtod.o)
 .rodata._ctype_
                0x0000000000008014      0x101 /usr/bin/../lib/gcc/arm-none-eabi/4.9.3/../../../../arm-none-eabi/lib/armv7-m/libc_nano.a(lib_a-ctype_.o)
                0x0000000000008014                _ctype_
 .rodata.str1.1
                0x0000000000008115        0xd /usr/bin/../lib/gcc/arm-none-eabi/4.9.3/../../../../arm-none-eabi/lib/armv7-m/libc_nano.a(lib_a-dtoa.o)
                                          0xf (size before relaxing)
 .rodata.str1.1
                0x0000000000008122        0x8 /usr/bin/../lib/gcc/arm-none-eabi/4.9.3/../../../../arm-none-eabi/lib/armv7-m/libc_nano.a(lib_a-locale.o)
                                          0xb (size before relaxing)
 *fill*         0x000000000000812a        0x6 
 .rodata.__mprec_tens
                0x0000000000008130       0xc8 /usr/bin/../lib/gcc/arm-none-eabi/4.9.3/../../../../arm-none-eabi/lib/armv7-m/libc_nano.a(lib_a-mprec.o)
                0x0000000000008130                __mprec_tens
 .rodata.__mprec_bigtens
                0x00000000000081f8       0x28 /usr/bin/../lib/gcc/arm-none-eabi/4.9.3/../../../../arm-none-eabi/lib/armv7-m/libc_nano.a(lib_a-mprec.o)
                0x00000000000081f8                __mprec_bigtens
 .rodata.p05.5308
                0x0000000000008220        0xc /usr/bin/../lib/gcc/arm-none-eabi/4.9.3/../../../../arm-none-eabi/lib/armv7-m/libc_nano.a(lib_a-mprec.o)
 .rodata.str1.1
                0x0000000000000000       0x11 /usr/bin/../lib/gcc/arm-none-eabi/4.9.3/../../../../arm-none-eabi/lib/armv7-m/libc_nano.a(lib_a-nano-svfprintf.o)
 .rodata.str1.1
                0x0000000000000000        0x4 /usr/bin/../lib/gcc/arm-none-eabi/4.9.3/../../../../arm-none-eabi/lib/armv7-m/libc_nano.a(lib_a-nano-svfscanf.o)
 *(.eh_frame*)
 .eh_frame      0x000000000000822c        0x0 /usr/bin/../lib/gcc/arm-none-eabi/4.9.3/armv7-m/crtbegin.o
 .eh_frame      0x000000000000822c       0x28 /usr/bin/../lib/gcc/arm-none-eabi/4.9.3/../../../../arm-none-eabi/lib/armv7-m/libc_nano.a(lib_a-strcmp.o)
 .eh_frame      0x0000000000008254        0x4 /usr/bin/../lib/gcc/arm-none-eabi/4.9.3/armv7-m/crtend.o

.glue_7         0x0000000000008258        0x0
 .glue_7        0x0000000000000000        0x0 linker stubs

.glue_7t        0x0000000000008258        0x0
 .glue_7t       0x0000000000000000        0x0 linker stubs

.vfp11_veneer   0x0000000000008258        0x0
 .vfp11_veneer  0x0000000000000000        0x0 linker stubs

.v4_bx          0x0000000000008258        0x0
 .v4_bx         0x0000000000000000        0x0 linker stubs

.iplt           0x0000000000008258        0x0
 .iplt          0x0000000000000000        0x0 /usr/bin/../lib/gcc/arm-none-eabi/4.9.3/armv7-m/crtbegin.o

.ARM.extab
 *(.ARM.extab* .gnu.linkonce.armextab.*)
                0x0000000000008258                __exidx_start = .

.ARM.exidx      0x0000000000008258        0x8
 *(.ARM.exidx* .gnu.linkonce.armexidx.*)
 .ARM.exidx     0x0000000000008258        0x8 /usr/bin/../lib/gcc/arm-none-eabi/4.9.3/../../../../arm-none-eabi/lib/armv7-m/crt0.o
                0x0000000000008260                __exidx_end = .
                0x0000000000008260                __etext = .

.rel.dyn        0x0000000000008260        0x0
 .rel.iplt      0x0000000000000000        0x0 /usr/bin/../lib/gcc/arm-none-eabi/4.9.3/armv7-m/crtbegin.o

.data           0x00000000100000c8       0xb8 load address 0x0000000000008260
                0x00000000100000c8                __data_start__ = .
                0x00000000100000c8                Image$$RW_IRAM1$$Base = .
 *(vtable)
 *(.data*)
 .data          0x00000000100000c8        0x4 /usr/bin/../lib/gcc/arm-none-eabi/4.9.3/armv7-m/crtbegin.o
                0x00000000100000c8                __dso_handle
 .data.SystemCoreClock
                0x00000000100000cc        0x4 mbed/TARGET_LPC1768/TOOLCHAIN_GCC_ARM/system_LPC17xx.o
                0x00000000100000cc                SystemCoreClock
 .data._ZZ5_sbrkE4heap
                0x00000000100000d0        0x4 mbed/TARGET_LPC1768/TOOLCHAIN_GCC_ARM/retarget.o
 .data.impure_data
                0x00000000100000d4       0x60 /usr/bin/../lib/gcc/arm-none-eabi/4.9.3/../../../../arm-none-eabi/lib/armv7-m/libc_nano.a(lib_a-impure.o)
 .data._impure_ptr
                0x0000000010000134        0x4 /usr/bin/../lib/gcc/arm-none-eabi/4.9.3/../../../../arm-none-eabi/lib/armv7-m/libc_nano.a(lib_a-impure.o)
                0x0000000010000134                _impure_ptr
 .data.__ctype_ptr__
                0x0000000010000138        0x4 /usr/bin/../lib/gcc/arm-none-eabi/4.9.3/../../../../arm-none-eabi/lib/armv7-m/libc_nano.a(lib_a-ctype_.o)
                0x0000000010000138                __ctype_ptr__
 .data.lconv    0x000000001000013c       0x38 /usr/bin/../lib/gcc/arm-none-eabi/4.9.3/../../../../arm-none-eabi/lib/armv7-m/libc_nano.a(lib_a-locale.o)
                0x0000000010000174                . = ALIGN (0x4)
                0x0000000010000174                PROVIDE (__preinit_array_start, .)
 *(.preinit_array)
                0x0000000010000174                PROVIDE (__preinit_array_end, .)
                0x0000000010000174                . = ALIGN (0x4)
                0x0000000010000174                PROVIDE (__init_array_start, .)
 *(SORT(.init_array.*))
 *(.init_array)
 .init_array    0x0000000010000174        0x4 /usr/bin/../lib/gcc/arm-none-eabi/4.9.3/armv7-m/crtbegin.o
 .init_array    0x0000000010000178        0x4 main.o
                0x000000001000017c                PROVIDE (__init_array_end, .)
                0x000000001000017c                . = ALIGN (0x4)
                0x000000001000017c                PROVIDE (__fini_array_start, .)
 *(SORT(.fini_array.*))
 *(.fini_array)
 .fini_array    0x000000001000017c        0x4 /usr/bin/../lib/gcc/arm-none-eabi/4.9.3/armv7-m/crtbegin.o
                0x0000000010000180                PROVIDE (__fini_array_end, .)
                0x0000000010000180                . = ALIGN (0x4)
                0x0000000010000180                __data_end__ = .

.jcr            0x0000000010000180        0x0 load address 0x0000000000008318
 .jcr           0x0000000010000180        0x0 /usr/bin/../lib/gcc/arm-none-eabi/4.9.3/armv7-m/crtbegin.o

.igot.plt       0x0000000010000180        0x0 load address 0x0000000000008318
 .igot.plt      0x0000000000000000        0x0 /usr/bin/../lib/gcc/arm-none-eabi/4.9.3/armv7-m/crtbegin.o

.bss            0x0000000010000180      0x2e8 load address 0x0000000000008318
                0x0000000010000180                __bss_start__ = .
 *(.bss*)
 .bss           0x0000000010000180       0x1c /usr/bin/../lib/gcc/arm-none-eabi/4.9.3/armv7-m/crtbegin.o
 .bss.pc        0x000000001000019c       0x60 main.o
                0x000000001000019c                pc
 .bss.ledArr    0x00000000100001fc       0x60 main.o
                0x00000000100001fc                ledArr
 .bss._ZL11filehandles
                0x000000001000025c      0x100 mbed/TARGET_LPC1768/TOOLCHAIN_GCC_ARM/retarget.o
 .bss.stdio_uart_inited
                0x000000001000035c        0x4 ./mbed/TARGET_LPC1768/TOOLCHAIN_GCC_ARM/libmbed.a(serial_api.o)
                0x000000001000035c                stdio_uart_inited
 .bss.irq_handler
                0x0000000010000360        0x4 ./mbed/TARGET_LPC1768/TOOLCHAIN_GCC_ARM/libmbed.a(serial_api.o)
 .bss.uart_data
                0x0000000010000364       0xe0 ./mbed/TARGET_LPC1768/TOOLCHAIN_GCC_ARM/libmbed.a(serial_api.o)
 .bss.us_ticker_inited
                0x0000000010000444        0x4 ./mbed/TARGET_LPC1768/TOOLCHAIN_GCC_ARM/libmbed.a(us_ticker.o)
                0x0000000010000444                us_ticker_inited
 .bss._ZN4mbed8FileBase5_headE
                0x0000000010000448        0x4 ./mbed/TARGET_LPC1768/TOOLCHAIN_GCC_ARM/libmbed.a(FileBase.o)
                0x0000000010000448                mbed::FileBase::_head
 .bss.head      0x000000001000044c        0x4 ./mbed/TARGET_LPC1768/TOOLCHAIN_GCC_ARM/libmbed.a(us_ticker_api.o)
 .bss.event_handler
                0x0000000010000450        0x4 ./mbed/TARGET_LPC1768/TOOLCHAIN_GCC_ARM/libmbed.a(us_ticker_api.o)
 .bss.__malloc_sbrk_start
                0x0000000010000454        0x4 /usr/bin/../lib/gcc/arm-none-eabi/4.9.3/../../../../arm-none-eabi/lib/armv7-m/libc_nano.a(lib_a-nano-mallocr.o)
                0x0000000010000454                __malloc_sbrk_start
 .bss.__malloc_free_list
                0x0000000010000458        0x4 /usr/bin/../lib/gcc/arm-none-eabi/4.9.3/../../../../arm-none-eabi/lib/armv7-m/libc_nano.a(lib_a-nano-mallocr.o)
                0x0000000010000458                __malloc_free_list
 *(COMMON)
 COMMON         0x000000001000045c        0x8 ./mbed/TARGET_LPC1768/TOOLCHAIN_GCC_ARM/libmbed.a(serial_api.o)
                0x000000001000045c                stdio_uart
 COMMON         0x0000000010000464        0x4 /usr/bin/../lib/gcc/arm-none-eabi/4.9.3/../../../../arm-none-eabi/lib/armv7-m/libc_nano.a(lib_a-reent.o)
                0x0000000010000464                errno
                0x0000000010000468                __bss_end__ = .
                0x0000000010000468                Image$$RW_IRAM1$$ZI$$Limit = .

.heap           0x0000000010000468      0x800
                0x0000000010000468                __end__ = .
                0x0000000010000468                end = __end__
 *(.heap*)
 .heap          0x0000000010000468      0x800 mbed/TARGET_LPC1768/TOOLCHAIN_GCC_ARM/startup_LPC17xx.o
                0x0000000010000468                __HeapBase
                0x0000000010000c68                __HeapLimit = .

.stack_dummy    0x0000000010000468      0xc00
 *(.stack)
 .stack         0x0000000010000468      0xc00 mbed/TARGET_LPC1768/TOOLCHAIN_GCC_ARM/startup_LPC17xx.o
                0x0000000010008000                __StackTop = (ORIGIN (RAM) + 0x7f38)
                0x0000000010007400                __StackLimit = (__StackTop - SIZEOF (.stack_dummy))
                0x0000000010008000                PROVIDE (__stack, __StackTop)
                0x0000000000000001                ASSERT ((__StackLimit >= __HeapLimit), region RAM overflowed with stack)

.AHBSRAM0       0x000000002007c000        0x0
                0x000000002007c000                Image$$RW_IRAM2$$Base = .
 *(AHBSRAM0)
                0x000000002007c000                Image$$RW_IRAM2$$ZI$$Limit = .

.AHBSRAM1       0x0000000020080000        0x0
                0x0000000020080000                Image$$RW_IRAM3$$Base = .
 *(AHBSRAM1)
                0x0000000020080000                Image$$RW_IRAM3$$ZI$$Limit = .
OUTPUT(hw04.elf elf32-littlearm)

.ARM.attributes
                0x0000000000000000       0x29
 .ARM.attributes
                0x0000000000000000       0x1d /usr/bin/../lib/gcc/arm-none-eabi/4.9.3/armv7-m/crti.o
 .ARM.attributes
                0x000000000000001d       0x2d /usr/bin/../lib/gcc/arm-none-eabi/4.9.3/armv7-m/crtbegin.o
 .ARM.attributes
                0x000000000000004a       0x1b /usr/bin/../lib/gcc/arm-none-eabi/4.9.3/../../../../arm-none-eabi/lib/armv7-m/crt0.o
 .ARM.attributes
                0x0000000000000065       0x33 main.o
 .ARM.attributes
                0x0000000000000098       0x33 mbed/TARGET_LPC1768/TOOLCHAIN_GCC_ARM/cmsis_nvic.o
 .ARM.attributes
                0x00000000000000cb       0x33 mbed/TARGET_LPC1768/TOOLCHAIN_GCC_ARM/system_LPC17xx.o
 .ARM.attributes
                0x00000000000000fe       0x33 mbed/TARGET_LPC1768/TOOLCHAIN_GCC_ARM/board.o
 .ARM.attributes
                0x0000000000000131       0x33 mbed/TARGET_LPC1768/TOOLCHAIN_GCC_ARM/retarget.o
 .ARM.attributes
                0x0000000000000164       0x1b mbed/TARGET_LPC1768/TOOLCHAIN_GCC_ARM/startup_LPC17xx.o
 .ARM.attributes
                0x000000000000017f       0x33 ./mbed/TARGET_LPC1768/TOOLCHAIN_GCC_ARM/libmbed.a(serial_api.o)
 .ARM.attributes
                0x00000000000001b2       0x33 ./mbed/TARGET_LPC1768/TOOLCHAIN_GCC_ARM/libmbed.a(FilePath.o)
 .ARM.attributes
                0x00000000000001e5       0x33 ./mbed/TARGET_LPC1768/TOOLCHAIN_GCC_ARM/libmbed.a(SerialBase.o)
 .ARM.attributes
                0x0000000000000218       0x33 ./mbed/TARGET_LPC1768/TOOLCHAIN_GCC_ARM/libmbed.a(Stream.o)
 .ARM.attributes
                0x000000000000024b       0x33 ./mbed/TARGET_LPC1768/TOOLCHAIN_GCC_ARM/libmbed.a(Serial.o)
 .ARM.attributes
                0x000000000000027e       0x33 ./mbed/TARGET_LPC1768/TOOLCHAIN_GCC_ARM/libmbed.a(assert.o)
 .ARM.attributes
                0x00000000000002b1       0x33 ./mbed/TARGET_LPC1768/TOOLCHAIN_GCC_ARM/libmbed.a(error.o)
 .ARM.attributes
                0x00000000000002e4       0x33 ./mbed/TARGET_LPC1768/TOOLCHAIN_GCC_ARM/libmbed.a(mbed_interface.o)
 .ARM.attributes
                0x0000000000000317       0x33 ./mbed/TARGET_LPC1768/TOOLCHAIN_GCC_ARM/libmbed.a(gpio.o)
 .ARM.attributes
                0x000000000000034a       0x33 ./mbed/TARGET_LPC1768/TOOLCHAIN_GCC_ARM/libmbed.a(pinmap_common.o)
 .ARM.attributes
                0x000000000000037d       0x33 ./mbed/TARGET_LPC1768/TOOLCHAIN_GCC_ARM/libmbed.a(semihost_api.o)
 .ARM.attributes
                0x00000000000003b0       0x33 ./mbed/TARGET_LPC1768/TOOLCHAIN_GCC_ARM/libmbed.a(wait_api.o)
 .ARM.attributes
                0x00000000000003e3       0x33 ./mbed/TARGET_LPC1768/TOOLCHAIN_GCC_ARM/libmbed.a(gpio_api.o)
 .ARM.attributes
                0x0000000000000416       0x33 ./mbed/TARGET_LPC1768/TOOLCHAIN_GCC_ARM/libmbed.a(pinmap.o)
 .ARM.attributes
                0x0000000000000449       0x33 ./mbed/TARGET_LPC1768/TOOLCHAIN_GCC_ARM/libmbed.a(us_ticker.o)
 .ARM.attributes
                0x000000000000047c       0x33 ./mbed/TARGET_LPC1768/TOOLCHAIN_GCC_ARM/libmbed.a(FileBase.o)
 .ARM.attributes
                0x00000000000004af       0x33 ./mbed/TARGET_LPC1768/TOOLCHAIN_GCC_ARM/libmbed.a(FileLike.o)
 .ARM.attributes
                0x00000000000004e2       0x33 ./mbed/TARGET_LPC1768/TOOLCHAIN_GCC_ARM/libmbed.a(FunctionPointer.o)
 .ARM.attributes
                0x0000000000000515       0x33 ./mbed/TARGET_LPC1768/TOOLCHAIN_GCC_ARM/libmbed.a(us_ticker_api.o)
 .ARM.attributes
                0x0000000000000548       0x2d /usr/bin/../lib/gcc/arm-none-eabi/4.9.3/../../../../arm-none-eabi/lib/armv7-m/libstdc++_nano.a(atexit_arm.o)
 .ARM.attributes
                0x0000000000000575       0x2d /usr/bin/../lib/gcc/arm-none-eabi/4.9.3/../../../../arm-none-eabi/lib/armv7-m/libstdc++_nano.a(del_op.o)
 .ARM.attributes
                0x00000000000005a2       0x2d /usr/bin/../lib/gcc/arm-none-eabi/4.9.3/../../../../arm-none-eabi/lib/armv7-m/libc_nano.a(lib_a-abs.o)
 .ARM.attributes
                0x00000000000005cf       0x2d /usr/bin/../lib/gcc/arm-none-eabi/4.9.3/../../../../arm-none-eabi/lib/armv7-m/libc_nano.a(lib_a-cxa_atexit.o)
 .ARM.attributes
                0x00000000000005fc       0x2d /usr/bin/../lib/gcc/arm-none-eabi/4.9.3/../../../../arm-none-eabi/lib/armv7-m/libc_nano.a(lib_a-errno.o)
 .ARM.attributes
                0x0000000000000629       0x2d /usr/bin/../lib/gcc/arm-none-eabi/4.9.3/../../../../arm-none-eabi/lib/armv7-m/libc_nano.a(lib_a-exit.o)
 .ARM.attributes
                0x0000000000000656       0x2d /usr/bin/../lib/gcc/arm-none-eabi/4.9.3/../../../../arm-none-eabi/lib/armv7-m/libc_nano.a(lib_a-fclose.o)
 .ARM.attributes
                0x0000000000000683       0x2d /usr/bin/../lib/gcc/arm-none-eabi/4.9.3/../../../../arm-none-eabi/lib/armv7-m/libc_nano.a(lib_a-fflush.o)
 .ARM.attributes
                0x00000000000006b0       0x2d /usr/bin/../lib/gcc/arm-none-eabi/4.9.3/../../../../arm-none-eabi/lib/armv7-m/libc_nano.a(lib_a-fgetc.o)
 .ARM.attributes
                0x00000000000006dd       0x2d /usr/bin/../lib/gcc/arm-none-eabi/4.9.3/../../../../arm-none-eabi/lib/armv7-m/libc_nano.a(lib_a-findfp.o)
 .ARM.attributes
                0x000000000000070a       0x2d /usr/bin/../lib/gcc/arm-none-eabi/4.9.3/../../../../arm-none-eabi/lib/armv7-m/libc_nano.a(lib_a-fopen.o)
 .ARM.attributes
                0x0000000000000737       0x2d /usr/bin/../lib/gcc/arm-none-eabi/4.9.3/../../../../arm-none-eabi/lib/armv7-m/libc_nano.a(lib_a-fprintf.o)
 .ARM.attributes
                0x0000000000000764       0x2d /usr/bin/../lib/gcc/arm-none-eabi/4.9.3/../../../../arm-none-eabi/lib/armv7-m/libc_nano.a(lib_a-fputc.o)
 .ARM.attributes
                0x0000000000000791       0x2d /usr/bin/../lib/gcc/arm-none-eabi/4.9.3/../../../../arm-none-eabi/lib/armv7-m/libc_nano.a(lib_a-fseek.o)
 .ARM.attributes
                0x00000000000007be       0x2d /usr/bin/../lib/gcc/arm-none-eabi/4.9.3/../../../../arm-none-eabi/lib/armv7-m/libc_nano.a(lib_a-fseeko.o)
 .ARM.attributes
                0x00000000000007eb       0x2d /usr/bin/../lib/gcc/arm-none-eabi/4.9.3/../../../../arm-none-eabi/lib/armv7-m/libc_nano.a(lib_a-fwalk.o)
 .ARM.attributes
                0x0000000000000818       0x2d /usr/bin/../lib/gcc/arm-none-eabi/4.9.3/../../../../arm-none-eabi/lib/armv7-m/libc_nano.a(lib_a-impure.o)
 .ARM.attributes
                0x0000000000000845       0x2d /usr/bin/../lib/gcc/arm-none-eabi/4.9.3/../../../../arm-none-eabi/lib/armv7-m/libc_nano.a(lib_a-init.o)
 .ARM.attributes
                0x0000000000000872       0x2d /usr/bin/../lib/gcc/arm-none-eabi/4.9.3/../../../../arm-none-eabi/lib/armv7-m/libc_nano.a(lib_a-makebuf.o)
 .ARM.attributes
                0x000000000000089f       0x2d /usr/bin/../lib/gcc/arm-none-eabi/4.9.3/../../../../arm-none-eabi/lib/armv7-m/libc_nano.a(lib_a-malloc.o)
 .ARM.attributes
                0x00000000000008cc       0x2d /usr/bin/../lib/gcc/arm-none-eabi/4.9.3/../../../../arm-none-eabi/lib/armv7-m/libc_nano.a(lib_a-memchr.o)
 .ARM.attributes
                0x00000000000008f9       0x2d /usr/bin/../lib/gcc/arm-none-eabi/4.9.3/../../../../arm-none-eabi/lib/armv7-m/libc_nano.a(lib_a-memcpy.o)
 .ARM.attributes
                0x0000000000000926       0x2d /usr/bin/../lib/gcc/arm-none-eabi/4.9.3/../../../../arm-none-eabi/lib/armv7-m/libc_nano.a(lib_a-memset.o)
 .ARM.attributes
                0x0000000000000953       0x2d /usr/bin/../lib/gcc/arm-none-eabi/4.9.3/../../../../arm-none-eabi/lib/armv7-m/libc_nano.a(lib_a-nano-freer.o)
 .ARM.attributes
                0x0000000000000980       0x2d /usr/bin/../lib/gcc/arm-none-eabi/4.9.3/../../../../arm-none-eabi/lib/armv7-m/libc_nano.a(lib_a-nano-mallocr.o)
 .ARM.attributes
                0x00000000000009ad       0x2d /usr/bin/../lib/gcc/arm-none-eabi/4.9.3/../../../../arm-none-eabi/lib/armv7-m/libc_nano.a(lib_a-nano-vfprintf.o)
 .ARM.attributes
                0x00000000000009da       0x2d /usr/bin/../lib/gcc/arm-none-eabi/4.9.3/../../../../arm-none-eabi/lib/armv7-m/libc_nano.a(lib_a-nano-vfprintf_float.o)
 .ARM.attributes
                0x0000000000000a07       0x2d /usr/bin/../lib/gcc/arm-none-eabi/4.9.3/../../../../arm-none-eabi/lib/armv7-m/libc_nano.a(lib_a-nano-vfprintf_i.o)
 .ARM.attributes
                0x0000000000000a34       0x2d /usr/bin/../lib/gcc/arm-none-eabi/4.9.3/../../../../arm-none-eabi/lib/armv7-m/libc_nano.a(lib_a-nano-vfscanf_float.o)
 .ARM.attributes
                0x0000000000000a61       0x2d /usr/bin/../lib/gcc/arm-none-eabi/4.9.3/../../../../arm-none-eabi/lib/armv7-m/libc_nano.a(lib_a-nano-vfscanf_i.o)
 .ARM.attributes
                0x0000000000000a8e       0x2d /usr/bin/../lib/gcc/arm-none-eabi/4.9.3/../../../../arm-none-eabi/lib/armv7-m/libc_nano.a(lib_a-openr.o)
 .ARM.attributes
                0x0000000000000abb       0x2d /usr/bin/../lib/gcc/arm-none-eabi/4.9.3/../../../../arm-none-eabi/lib/armv7-m/libc_nano.a(lib_a-putc.o)
 .ARM.attributes
                0x0000000000000ae8       0x2d /usr/bin/../lib/gcc/arm-none-eabi/4.9.3/../../../../arm-none-eabi/lib/armv7-m/libc_nano.a(lib_a-reent.o)
 .ARM.attributes
                0x0000000000000b15       0x2d /usr/bin/../lib/gcc/arm-none-eabi/4.9.3/../../../../arm-none-eabi/lib/armv7-m/libc_nano.a(lib_a-refill.o)
 .ARM.attributes
                0x0000000000000b42       0x2d /usr/bin/../lib/gcc/arm-none-eabi/4.9.3/../../../../arm-none-eabi/lib/armv7-m/libc_nano.a(lib_a-rget.o)
 .ARM.attributes
                0x0000000000000b6f       0x2d /usr/bin/../lib/gcc/arm-none-eabi/4.9.3/../../../../arm-none-eabi/lib/armv7-m/libc_nano.a(lib_a-s_fpclassify.o)
 .ARM.attributes
                0x0000000000000b9c       0x2d /usr/bin/../lib/gcc/arm-none-eabi/4.9.3/../../../../arm-none-eabi/lib/armv7-m/libc_nano.a(lib_a-sbrkr.o)
 .ARM.attributes
                0x0000000000000bc9       0x2d /usr/bin/../lib/gcc/arm-none-eabi/4.9.3/../../../../arm-none-eabi/lib/armv7-m/libc_nano.a(lib_a-sccl.o)
 .ARM.attributes
                0x0000000000000bf6       0x2d /usr/bin/../lib/gcc/arm-none-eabi/4.9.3/../../../../arm-none-eabi/lib/armv7-m/libc_nano.a(lib_a-setbuf.o)
 .ARM.attributes
                0x0000000000000c23       0x2d /usr/bin/../lib/gcc/arm-none-eabi/4.9.3/../../../../arm-none-eabi/lib/armv7-m/libc_nano.a(lib_a-setvbuf.o)
 .ARM.attributes
                0x0000000000000c50       0x2d /usr/bin/../lib/gcc/arm-none-eabi/4.9.3/../../../../arm-none-eabi/lib/armv7-m/libc_nano.a(lib_a-sf_nan.o)
 .ARM.attributes
                0x0000000000000c7d       0x2d /usr/bin/../lib/gcc/arm-none-eabi/4.9.3/../../../../arm-none-eabi/lib/armv7-m/libc_nano.a(lib_a-sprintf.o)
 .ARM.attributes
                0x0000000000000caa       0x2d /usr/bin/../lib/gcc/arm-none-eabi/4.9.3/../../../../arm-none-eabi/lib/armv7-m/libc_nano.a(lib_a-sscanf.o)
 .ARM.attributes
                0x0000000000000cd7       0x2d /usr/bin/../lib/gcc/arm-none-eabi/4.9.3/../../../../arm-none-eabi/lib/armv7-m/libc_nano.a(lib_a-stdio.o)
 .ARM.attributes
                0x0000000000000d04       0x1b /usr/bin/../lib/gcc/arm-none-eabi/4.9.3/../../../../arm-none-eabi/lib/armv7-m/libc_nano.a(lib_a-strcmp.o)
 .ARM.attributes
                0x0000000000000d1f       0x2d /usr/bin/../lib/gcc/arm-none-eabi/4.9.3/../../../../arm-none-eabi/lib/armv7-m/libc_nano.a(lib_a-strlen.o)
 .ARM.attributes
                0x0000000000000d4c       0x2d /usr/bin/../lib/gcc/arm-none-eabi/4.9.3/../../../../arm-none-eabi/lib/armv7-m/libc_nano.a(lib_a-strncmp.o)
 .ARM.attributes
                0x0000000000000d79       0x2d /usr/bin/../lib/gcc/arm-none-eabi/4.9.3/../../../../arm-none-eabi/lib/armv7-m/libc_nano.a(lib_a-strtod.o)
 .ARM.attributes
                0x0000000000000da6       0x2d /usr/bin/../lib/gcc/arm-none-eabi/4.9.3/../../../../arm-none-eabi/lib/armv7-m/libc_nano.a(lib_a-strtol.o)
 .ARM.attributes
                0x0000000000000dd3       0x2d /usr/bin/../lib/gcc/arm-none-eabi/4.9.3/../../../../arm-none-eabi/lib/armv7-m/libc_nano.a(lib_a-strtoul.o)
 .ARM.attributes
                0x0000000000000e00       0x2d /usr/bin/../lib/gcc/arm-none-eabi/4.9.3/../../../../arm-none-eabi/lib/armv7-m/libc_nano.a(lib_a-ungetc.o)
 .ARM.attributes
                0x0000000000000e2d       0x2d /usr/bin/../lib/gcc/arm-none-eabi/4.9.3/../../../../arm-none-eabi/lib/armv7-m/libc_nano.a(lib_a-wbuf.o)
 .ARM.attributes
                0x0000000000000e5a       0x2d /usr/bin/../lib/gcc/arm-none-eabi/4.9.3/../../../../arm-none-eabi/lib/armv7-m/libc_nano.a(lib_a-writer.o)
 .ARM.attributes
                0x0000000000000e87       0x2d /usr/bin/../lib/gcc/arm-none-eabi/4.9.3/../../../../arm-none-eabi/lib/armv7-m/libc_nano.a(lib_a-wsetup.o)
 .ARM.attributes
                0x0000000000000eb4       0x2d /usr/bin/../lib/gcc/arm-none-eabi/4.9.3/../../../../arm-none-eabi/lib/armv7-m/libc_nano.a(lib_a-closer.o)
 .ARM.attributes
                0x0000000000000ee1       0x2d /usr/bin/../lib/gcc/arm-none-eabi/4.9.3/../../../../arm-none-eabi/lib/armv7-m/libc_nano.a(lib_a-ctype_.o)
 .ARM.attributes
                0x0000000000000f0e       0x2d /usr/bin/../lib/gcc/arm-none-eabi/4.9.3/../../../../arm-none-eabi/lib/armv7-m/libc_nano.a(lib_a-dtoa.o)
 .ARM.attributes
                0x0000000000000f3b       0x2d /usr/bin/../lib/gcc/arm-none-eabi/4.9.3/../../../../arm-none-eabi/lib/armv7-m/libc_nano.a(lib_a-flags.o)
 .ARM.attributes
                0x0000000000000f68       0x2d /usr/bin/../lib/gcc/arm-none-eabi/4.9.3/../../../../arm-none-eabi/lib/armv7-m/libc_nano.a(lib_a-fstatr.o)
 .ARM.attributes
                0x0000000000000f95       0x2d /usr/bin/../lib/gcc/arm-none-eabi/4.9.3/../../../../arm-none-eabi/lib/armv7-m/libc_nano.a(lib_a-gdtoa-gethex.o)
 .ARM.attributes
                0x0000000000000fc2       0x2d /usr/bin/../lib/gcc/arm-none-eabi/4.9.3/../../../../arm-none-eabi/lib/armv7-m/libc_nano.a(lib_a-gdtoa-hexnan.o)
 .ARM.attributes
                0x0000000000000fef       0x2d /usr/bin/../lib/gcc/arm-none-eabi/4.9.3/../../../../arm-none-eabi/lib/armv7-m/libc_nano.a(lib_a-isattyr.o)
 .ARM.attributes
                0x000000000000101c       0x2d /usr/bin/../lib/gcc/arm-none-eabi/4.9.3/../../../../arm-none-eabi/lib/armv7-m/libc_nano.a(lib_a-locale.o)
 .ARM.attributes
                0x0000000000001049       0x2d /usr/bin/../lib/gcc/arm-none-eabi/4.9.3/../../../../arm-none-eabi/lib/armv7-m/libc_nano.a(lib_a-lseekr.o)
 .ARM.attributes
                0x0000000000001076       0x2d /usr/bin/../lib/gcc/arm-none-eabi/4.9.3/../../../../arm-none-eabi/lib/armv7-m/libc_nano.a(lib_a-memmove.o)
 .ARM.attributes
                0x00000000000010a3       0x2d /usr/bin/../lib/gcc/arm-none-eabi/4.9.3/../../../../arm-none-eabi/lib/armv7-m/libc_nano.a(lib_a-mprec.o)
 .ARM.attributes