Archive member included because of file (symbol)

./mbed/TARGET_LPC1768/TOOLCHAIN_GCC_ARM/libmbed.a(pwmout_api.o)
                              main.o (pwmout_write)
./mbed/TARGET_LPC1768/TOOLCHAIN_GCC_ARM/libmbed.a(serial_api.o)
                              mbed/TARGET_LPC1768/TOOLCHAIN_GCC_ARM/retarget.o (serial_getc)
./mbed/TARGET_LPC1768/TOOLCHAIN_GCC_ARM/libmbed.a(FilePath.o)
                              mbed/TARGET_LPC1768/TOOLCHAIN_GCC_ARM/retarget.o (mbed::FilePath::FilePath(char const*))
./mbed/TARGET_LPC1768/TOOLCHAIN_GCC_ARM/libmbed.a(FileSystemLike.o)
                              mbed/TARGET_LPC1768/TOOLCHAIN_GCC_ARM/retarget.o (mbed::FileSystemLike::opendir())
./mbed/TARGET_LPC1768/TOOLCHAIN_GCC_ARM/libmbed.a(InterruptIn.o)
                              main.o (mbed::InterruptIn::~InterruptIn())
./mbed/TARGET_LPC1768/TOOLCHAIN_GCC_ARM/libmbed.a(SPI.o)
                              C12832/C12832.o (mbed::SPI::SPI(PinName, PinName, PinName, PinName))
./mbed/TARGET_LPC1768/TOOLCHAIN_GCC_ARM/libmbed.a(SerialBase.o)
                              main.o (mbed::SerialBase::baud(int))
./mbed/TARGET_LPC1768/TOOLCHAIN_GCC_ARM/libmbed.a(Stream.o)
                              main.o (mbed::Stream::close())
./mbed/TARGET_LPC1768/TOOLCHAIN_GCC_ARM/libmbed.a(Serial.o)
                              main.o (mbed::Serial::_getc())
./mbed/TARGET_LPC1768/TOOLCHAIN_GCC_ARM/libmbed.a(assert.o)
                              mbed/TARGET_LPC1768/TOOLCHAIN_GCC_ARM/board.o (mbed_assert_internal)
./mbed/TARGET_LPC1768/TOOLCHAIN_GCC_ARM/libmbed.a(error.o)
                              mbed/TARGET_LPC1768/TOOLCHAIN_GCC_ARM/retarget.o (error)
./mbed/TARGET_LPC1768/TOOLCHAIN_GCC_ARM/libmbed.a(mbed_interface.o)
                              mbed/TARGET_LPC1768/TOOLCHAIN_GCC_ARM/retarget.o (mbed_interface_connected)
./mbed/TARGET_LPC1768/TOOLCHAIN_GCC_ARM/libmbed.a(gpio.o)
                              ./mbed/TARGET_LPC1768/TOOLCHAIN_GCC_ARM/libmbed.a(serial_api.o) (gpio_init_in)
./mbed/TARGET_LPC1768/TOOLCHAIN_GCC_ARM/libmbed.a(pinmap_common.o)
                              ./mbed/TARGET_LPC1768/TOOLCHAIN_GCC_ARM/libmbed.a(pwmout_api.o) (pinmap_pinout)
./mbed/TARGET_LPC1768/TOOLCHAIN_GCC_ARM/libmbed.a(semihost_api.o)
                              mbed/TARGET_LPC1768/TOOLCHAIN_GCC_ARM/retarget.o (semihost_exit)
./mbed/TARGET_LPC1768/TOOLCHAIN_GCC_ARM/libmbed.a(wait_api.o)
                              C12832/C12832.o (wait_us)
./mbed/TARGET_LPC1768/TOOLCHAIN_GCC_ARM/libmbed.a(gpio_api.o)
                              ./mbed/TARGET_LPC1768/TOOLCHAIN_GCC_ARM/libmbed.a(gpio.o) (gpio_init)
./mbed/TARGET_LPC1768/TOOLCHAIN_GCC_ARM/libmbed.a(gpio_irq_api.o)
                              ./mbed/TARGET_LPC1768/TOOLCHAIN_GCC_ARM/libmbed.a(InterruptIn.o) (gpio_irq_init)
./mbed/TARGET_LPC1768/TOOLCHAIN_GCC_ARM/libmbed.a(pinmap.o)
                              ./mbed/TARGET_LPC1768/TOOLCHAIN_GCC_ARM/libmbed.a(pinmap_common.o) (pin_function)
./mbed/TARGET_LPC1768/TOOLCHAIN_GCC_ARM/libmbed.a(us_ticker.o)
                              ./mbed/TARGET_LPC1768/TOOLCHAIN_GCC_ARM/libmbed.a(wait_api.o) (us_ticker_read)
./mbed/TARGET_LPC1768/TOOLCHAIN_GCC_ARM/libmbed.a(spi_api.o)
                              ./mbed/TARGET_LPC1768/TOOLCHAIN_GCC_ARM/libmbed.a(SPI.o) (spi_format)
./mbed/TARGET_LPC1768/TOOLCHAIN_GCC_ARM/libmbed.a(FileBase.o)
                              ./mbed/TARGET_LPC1768/TOOLCHAIN_GCC_ARM/libmbed.a(FileSystemLike.o) (mbed::FileBase::~FileBase())
./mbed/TARGET_LPC1768/TOOLCHAIN_GCC_ARM/libmbed.a(FileLike.o)
                              ./mbed/TARGET_LPC1768/TOOLCHAIN_GCC_ARM/libmbed.a(Stream.o) (mbed::FileLike::~FileLike())
./mbed/TARGET_LPC1768/TOOLCHAIN_GCC_ARM/libmbed.a(FunctionPointer.o)
                              ./mbed/TARGET_LPC1768/TOOLCHAIN_GCC_ARM/libmbed.a(InterruptIn.o) (mbed::FunctionPointer::FunctionPointer(void (*)()))
./mbed/TARGET_LPC1768/TOOLCHAIN_GCC_ARM/libmbed.a(us_ticker_api.o)
                              ./mbed/TARGET_LPC1768/TOOLCHAIN_GCC_ARM/libmbed.a(us_ticker.o) (us_ticker_irq_handler)
/usr/bin/../lib/gcc/arm-none-eabi/4.9.3/../../../../arm-none-eabi/lib/armv7-m/libstdc++_nano.a(new_opv.o)
                              C12832/TextDisplay.o (operator new[](unsigned int))
/usr/bin/../lib/gcc/arm-none-eabi/4.9.3/../../../../arm-none-eabi/lib/armv7-m/libstdc++_nano.a(new_op.o)
                              ./mbed/TARGET_LPC1768/TOOLCHAIN_GCC_ARM/libmbed.a(FileSystemLike.o) (operator new(unsigned int))
/usr/bin/../lib/gcc/arm-none-eabi/4.9.3/../../../../arm-none-eabi/lib/armv7-m/libstdc++_nano.a(new_handler.o)
                              /usr/bin/../lib/gcc/arm-none-eabi/4.9.3/../../../../arm-none-eabi/lib/armv7-m/libstdc++_nano.a(new_op.o) (std::get_new_handler())
/usr/bin/../lib/gcc/arm-none-eabi/4.9.3/../../../../arm-none-eabi/lib/armv7-m/libstdc++_nano.a(atexit_arm.o)
                              main.o (__aeabi_atexit)
[...]
Memory Configuration

Name             Origin             Length             Attributes
FLASH            0x0000000000000000 0x0000000000080000 xr
RAM              0x00000000100000c8 0x0000000000007f38 xrw
USB_RAM          0x000000002007c000 0x0000000000004000 xrw
ETH_RAM          0x0000000020080000 0x0000000000004000 xrw
*default*        0x0000000000000000 0xffffffffffffffff

Linker script and memory map

LOAD /usr/bin/../lib/gcc/arm-none-eabi/4.9.3/armv7-m/crti.o
LOAD /usr/bin/../lib/gcc/arm-none-eabi/4.9.3/armv7-m/crtbegin.o
LOAD /usr/bin/../lib/gcc/arm-none-eabi/4.9.3/../../../../arm-none-eabi/lib/armv7-m/crt0.o
LOAD main.o
LOAD GT511C3/GT511C3.o
LOAD C12832/TextDisplay.o
LOAD C12832/C12832.o
LOAD C12832/GraphicsDisplay.o
LOAD mbed/TARGET_LPC1768/TOOLCHAIN_GCC_ARM/retarget.o
LOAD mbed/TARGET_LPC1768/TOOLCHAIN_GCC_ARM/system_LPC17xx.o
LOAD mbed/TARGET_LPC1768/TOOLCHAIN_GCC_ARM/board.o
LOAD mbed/TARGET_LPC1768/TOOLCHAIN_GCC_ARM/cmsis_nvic.o
LOAD mbed/TARGET_LPC1768/TOOLCHAIN_GCC_ARM/startup_LPC17xx.o
LOAD ./mbed/TARGET_LPC1768/TOOLCHAIN_GCC_ARM/libmbed.a
LOAD /usr/bin/../lib/gcc/arm-none-eabi/4.9.3/../../../../arm-none-eabi/lib/armv7-m/libstdc++_nano.a
LOAD /usr/bin/../lib/gcc/arm-none-eabi/4.9.3/../../../../arm-none-eabi/lib/armv7-m/libsupc++_nano.a
LOAD /usr/bin/../lib/gcc/arm-none-eabi/4.9.3/../../../../arm-none-eabi/lib/armv7-m/libm.a
LOAD /usr/bin/../lib/gcc/arm-none-eabi/4.9.3/../../../../arm-none-eabi/lib/armv7-m/libc_nano.a
LOAD /usr/bin/../lib/gcc/arm-none-eabi/4.9.3/armv7-m/libgcc.a
LOAD /usr/bin/../lib/gcc/arm-none-eabi/4.9.3/../../../../arm-none-eabi/lib/armv7-m/libnosys.a
LOAD ./mbed/TARGET_LPC1768/TOOLCHAIN_GCC_ARM/libmbed.a
LOAD /usr/bin/../lib/gcc/arm-none-eabi/4.9.3/../../../../arm-none-eabi/lib/armv7-m/libstdc++_nano.a
LOAD /usr/bin/../lib/gcc/arm-none-eabi/4.9.3/../../../../arm-none-eabi/lib/armv7-m/libsupc++_nano.a
LOAD /usr/bin/../lib/gcc/arm-none-eabi/4.9.3/../../../../arm-none-eabi/lib/armv7-m/libm.a
LOAD /usr/bin/../lib/gcc/arm-none-eabi/4.9.3/../../../../arm-none-eabi/lib/armv7-m/libc_nano.a
LOAD /usr/bin/../lib/gcc/arm-none-eabi/4.9.3/armv7-m/libgcc.a
LOAD /usr/bin/../lib/gcc/arm-none-eabi/4.9.3/../../../../arm-none-eabi/lib/armv7-m/libnosys.a
START GROUP
LOAD /usr/bin/../lib/gcc/arm-none-eabi/4.9.3/armv7-m/libgcc.a
LOAD /usr/bin/../lib/gcc/arm-none-eabi/4.9.3/../../../../arm-none-eabi/lib/armv7-m/libc_nano.a
END GROUP
START GROUP
LOAD /usr/bin/../lib/gcc/arm-none-eabi/4.9.3/armv7-m/libgcc.a
LOAD /usr/bin/../lib/gcc/arm-none-eabi/4.9.3/../../../../arm-none-eabi/lib/armv7-m/libc_nano.a
END GROUP
LOAD /usr/bin/../lib/gcc/arm-none-eabi/4.9.3/armv7-m/crtend.o
LOAD /usr/bin/../lib/gcc/arm-none-eabi/4.9.3/armv7-m/crtn.o

.text           0x0000000000000000     0xbae0
 *(.isr_vector)
 .isr_vector    0x0000000000000000       0xcc mbed/TARGET_LPC1768/TOOLCHAIN_GCC_ARM/startup_LPC17xx.o
                0x0000000000000000                __isr_vector
 *(.text*)
 .text          0x00000000000000cc       0x5c /usr/bin/../lib/gcc/arm-none-eabi/4.9.3/armv7-m/crtbegin.o
 .text          0x0000000000000128       0x74 /usr/bin/../lib/gcc/arm-none-eabi/4.9.3/../../../../arm-none-eabi/lib/armv7-m/crt0.o
                0x0000000000000128                _mainCRTStartup
                0x0000000000000128                _start
 .text._ZN4mbed10SerialBaseD2Ev
                0x000000000000019c        0x2 main.o
                0x000000000000019c                mbed::SerialBase::~SerialBase()
                0x000000000000019c                mbed::SerialBase::~SerialBase()
 .text._ZN4mbed10SerialBaseD0Ev
                0x000000000000019e        0xc main.o
                0x000000000000019e                mbed::SerialBase::~SerialBase()
 *fill*         0x00000000000001aa        0x2 
 .text._ZN4mbed6SerialD2Ev
                0x00000000000001ac       0x24 main.o
                0x00000000000001ac                mbed::Serial::~Serial()
                0x00000000000001ac                mbed::Serial::~Serial()
 .text._ZN4mbed6SerialD1Ev
                0x00000000000001d0       0x10 main.o
                0x00000000000001d0                non-virtual thunk to mbed::Serial::~Serial()
                0x00000000000001d8                non-virtual thunk to mbed::Serial::~Serial()
 .text._ZN7GT511C3D2Ev
                0x00000000000001e0       0x20 main.o
                0x00000000000001e0                GT511C3::~GT511C3()
                0x00000000000001e0                GT511C3::~GT511C3()
 .text._ZN7GT511C3D1Ev
                0x0000000000000200       0x10 main.o
                0x0000000000000200                non-virtual thunk to GT511C3::~GT511C3()
                0x0000000000000208                non-virtual thunk to GT511C3::~GT511C3()
 .text._ZN7GT511C3D0Ev
                0x0000000000000210       0x1e main.o
                0x0000000000000210                GT511C3::~GT511C3()
                0x0000000000000222                non-virtual thunk to GT511C3::~GT511C3()
                0x0000000000000228                non-virtual thunk to GT511C3::~GT511C3()
 .text._ZN4mbed6SerialD0Ev
                0x000000000000022e       0x1e main.o
                0x000000000000022e                mbed::Serial::~Serial()
                0x0000000000000240                non-virtual thunk to mbed::Serial::~Serial()
                0x0000000000000246                non-virtual thunk to mbed::Serial::~Serial()
 .text._Z8err_beepv
                0x000000000000024c       0x34 main.o
                0x000000000000024c                err_beep()
 .text._Z9good_beepv
                0x0000000000000280       0x38 main.o
                0x0000000000000280                good_beep()
 .text._Z6red_onv
                0x00000000000002b8       0x40 main.o
                0x00000000000002b8                red_on()
 .text._Z8green_onv
                0x00000000000002f8       0x40 main.o
                0x00000000000002f8                green_on()
 .text._Z7blue_onv
                0x0000000000000338       0x40 main.o
                0x0000000000000338                blue_on()
 .text._Z8progressiPc
                0x0000000000000378       0x48 main.o
                0x0000000000000378                progress(int, char*)
 .text._Z7rgb_offv
                0x00000000000003c0       0x30 main.o
                0x00000000000003c0                rgb_off()
 .text._Z4initv
                0x00000000000003f0       0x5c main.o
                0x00000000000003f0                init()
 .text._Z12disp_GT_infov
                0x000000000000044c       0x60 main.o
                0x000000000000044c                disp_GT_info()
 .text._Z12chk_Enrolledi
                0x00000000000004ac       0x5c main.o
                0x00000000000004ac                chk_Enrolled(int)
 .text._Z8identifyi
                0x0000000000000508       0xd0 main.o
                0x0000000000000508                identify(int)
 .text._Z12joy_left_ISRv
                0x00000000000005d8       0x40 main.o
                0x00000000000005d8                joy_left_ISR()
 .text._Z12joy_down_ISRv
                0x0000000000000618       0x40 main.o
                0x0000000000000618                joy_down_ISR()
 .text._Z9disp_menuv
                0x0000000000000658       0x4c main.o
                0x0000000000000658                disp_menu()
 .text._Z14joy_center_ISRv
                0x00000000000006a4       0x1c main.o
                0x00000000000006a4                joy_center_ISR()
 .text._Z9enroll_idi
                0x00000000000006c0       0x40 main.o
                0x00000000000006c0                enroll_id(int)
 .text._Z10joy_up_ISRv
                0x0000000000000700       0x34 main.o
                0x0000000000000700                joy_up_ISR()
 .text._Z9delete_idv
                0x0000000000000734       0x60 main.o
                0x0000000000000734                delete_id()
 .text._Z13joy_right_ISRv
                0x0000000000000794       0x2c main.o
                0x0000000000000794                joy_right_ISR()
 .text._Z7set_ISRv
                0x00000000000007c0       0x58 main.o
                0x00000000000007c0                set_ISR()
 .text.startup.main
                0x0000000000000818       0x38 main.o
                0x0000000000000818                main
 .text._ZN15GraphicsDisplayD2Ev
                0x0000000000000850       0x18 main.o
                0x0000000000000850                GraphicsDisplay::~GraphicsDisplay()
                0x0000000000000850                GraphicsDisplay::~GraphicsDisplay()
 .text._ZN15GraphicsDisplayD1Ev
                0x0000000000000868        0x8 main.o
                0x0000000000000868                non-virtual thunk to GraphicsDisplay::~GraphicsDisplay()
 .text._ZN6C12832D2Ev
                0x0000000000000870       0x18 main.o
                0x0000000000000870                C12832::~C12832()
                0x0000000000000870                C12832::~C12832()
 .text._ZN6C12832D1Ev
                0x0000000000000888        0x8 main.o
                0x0000000000000888                non-virtual thunk to C12832::~C12832()
 .text._ZN15GraphicsDisplayD0Ev
                0x0000000000000890       0x18 main.o
                0x0000000000000890                GraphicsDisplay::~GraphicsDisplay()
                0x00000000000008a2                non-virtual thunk to GraphicsDisplay::~GraphicsDisplay()
 .text._ZN6C12832D0Ev
                0x00000000000008a8       0x18 main.o
                0x00000000000008a8                C12832::~C12832()
                0x00000000000008ba                non-virtual thunk to C12832::~C12832()
 .text.startup._GLOBAL__sub_I_debug
                0x00000000000008c0      0x1a4 main.o
 .text._ZN7GT511C311SendCommandEmt
                0x0000000000000a64       0x82 GT511C3/GT511C3.o
                0x0000000000000a64                GT511C3::SendCommand(unsigned long, unsigned short)
 *fill*         0x0000000000000ae6        0x2 
 .text._ZN7GT511C312RecvResponseEPmPt
                0x0000000000000ae8       0xa4 GT511C3/GT511C3.o
                0x0000000000000ae8                GT511C3::RecvResponse(unsigned long*, unsigned short*)
 .text._ZN7GT511C38RecvDataEPhm
                0x0000000000000b8c       0x7c GT511C3/GT511C3.o
                0x0000000000000b8c                GT511C3::RecvData(unsigned char*, unsigned long)
 .text._ZN7GT511C38SendRecvEtPmPt
                0x0000000000000c08       0x38 GT511C3/GT511C3.o
                0x0000000000000c08                GT511C3::SendRecv(unsigned short, unsigned long*, unsigned short*)
 .text._ZN7GT511C39ClearLineEv
                0x0000000000000c40       0x18 GT511C3/GT511C3.o
                0x0000000000000c40                GT511C3::ClearLine()
 .text._ZN7GT511C34InitEv
                0x0000000000000c58       0x16 GT511C3/GT511C3.o
                0x0000000000000c58                GT511C3::Init()
 .text._ZN7GT511C34OpenEv
                0x0000000000000c6e       0x6a GT511C3/GT511C3.o
                0x0000000000000c6e                GT511C3::Open()
 .text._ZN7GT511C37CmosLedEi
                0x0000000000000cd8       0x34 GT511C3/GT511C3.o
                0x0000000000000cd8                GT511C3::CmosLed(int)
 .text._ZN7GT511C37IsPressEv
                0x0000000000000d0c       0x30 GT511C3/GT511C3.o
                0x0000000000000d0c                GT511C3::IsPress()
 .text._ZN7GT511C39WaitPressEi
                0x0000000000000d3c       0x14 GT511C3/GT511C3.o
                0x0000000000000d3c                GT511C3::WaitPress(int)
 .text._ZN7GT511C37CaptureEi
                0x0000000000000d50       0x30 GT511C3/GT511C3.o
                0x0000000000000d50                GT511C3::Capture(int)
 .text._ZN7GT511C38Enroll_NEi
                0x0000000000000d80       0x3e GT511C3/GT511C3.o
                0x0000000000000d80                GT511C3::Enroll_N(int)
 .text._ZN7GT511C38IdentifyEv
                0x0000000000000dbe       0x2e GT511C3/GT511C3.o
                0x0000000000000dbe                GT511C3::Identify()
 .text._ZN7GT511C36EnrollEiPFiiPcE
                0x0000000000000dec      0x134 GT511C3/GT511C3.o
                0x0000000000000dec                GT511C3::Enroll(int, int (*)(int, char*))
 .text._ZN7GT511C313CheckEnrolledEi
                0x0000000000000f20       0x30 GT511C3/GT511C3.o
                0x0000000000000f20                GT511C3::CheckEnrolled(int)
 .text._ZN7GT511C38DeleteIDEi
                0x0000000000000f50       0x30 GT511C3/GT511C3.o
                0x0000000000000f50                GT511C3::DeleteID(int)
 .text._ZN11TextDisplay5_putcEi
                0x0000000000000f80       0x5c C12832/TextDisplay.o
                0x0000000000000f80                TextDisplay::_putc(int)
 .text._ZN11TextDisplay6locateEii
                0x0000000000000fdc        0x6 C12832/TextDisplay.o
                0x0000000000000fdc                TextDisplay::locate(int, int)
 .text._ZN11TextDisplay5_getcEv
                0x0000000000000fe2        0x6 C12832/TextDisplay.o
                0x0000000000000fe2                TextDisplay::_getc()
 .text._ZN11TextDisplay10foregroundEt
                0x0000000000000fe8        0x4 C12832/TextDisplay.o
                0x0000000000000fe8                TextDisplay::foreground(unsigned short)
 .text._ZN11TextDisplay10backgroundEt
                0x0000000000000fec        0x4 C12832/TextDisplay.o
                0x0000000000000fec                TextDisplay::background(unsigned short)
 .text._ZN11TextDisplay3clsEv
                0x0000000000000ff0       0x36 C12832/TextDisplay.o
                0x0000000000000ff0                TextDisplay::cls()
 *fill*         0x0000000000001026        0x2 
 .text._ZN11TextDisplay5claimEP7__sFILE
                0x0000000000001028       0x50 C12832/TextDisplay.o
                0x0000000000001028                TextDisplay::claim(__sFILE*)
 .text._ZN11TextDisplayC2EPKc
                0x0000000000001078       0x40 C12832/TextDisplay.o
                0x0000000000001078                TextDisplay::TextDisplay(char const*)
                0x0000000000001078                TextDisplay::TextDisplay(char const*)
 .text._ZN6C128325widthEv
                0x00000000000010b8       0x10 C12832/C12832.o
                0x00000000000010b8                C12832::width()
 .text._ZN6C128326heightEv
                0x00000000000010c8       0x10 C12832/C12832.o
                0x00000000000010c8                C12832::height()
 .text._ZN6C128326locateEii
                0x00000000000010d8        0xa C12832/C12832.o
                0x00000000000010d8                C12832::locate(int, int)
 .text._ZN6C128327columnsEv
                0x00000000000010e2       0x16 C12832/C12832.o
                0x00000000000010e2                C12832::columns()
 .text._ZN6C128324rowsEv
                0x00000000000010f8       0x16 C12832/C12832.o
                0x00000000000010f8                C12832::rows()
 .text._ZN6C128325pixelEiii
                0x000000000000110e       0x56 C12832/C12832.o
                0x000000000000110e                C12832::pixel(int, int, int)
 .text._ZN6C128329characterEiii
                0x0000000000001164       0xd4 C12832/C12832.o
                0x0000000000001164                C12832::character(int, int, int)
 .text._ZN4mbed10DigitalOutC2E7PinName
                0x0000000000001238       0x1a C12832/C12832.o
                0x0000000000001238                mbed::DigitalOut::DigitalOut(PinName)
                0x0000000000001238                mbed::DigitalOut::DigitalOut(PinName)
 .text._ZN6C128326wr_cmdEh
                0x0000000000001252       0x20 C12832/C12832.o
                0x0000000000001252                C12832::wr_cmd(unsigned char)
 .text._ZN6C128326wr_datEh
                0x0000000000001272       0x20 C12832/C12832.o
                0x0000000000001272                C12832::wr_dat(unsigned char)
 .text._ZN6C1283211copy_to_lcdEv
                0x0000000000001292       0xd0 C12832/C12832.o
                0x0000000000001292                C12832::copy_to_lcd()
 .text._ZN6C128323clsEv
                0x0000000000001362       0x1a C12832/C12832.o
                0x0000000000001362                C12832::cls()
 .text._ZN6C128325_putcEi
                0x000000000000137c       0x56 C12832/C12832.o
                0x000000000000137c                C12832::_putc(int)
 *fill*         0x00000000000013d2        0x2 
 .text._ZN6C128329lcd_resetEv
                0x00000000000013d4       0xd0 C12832/C12832.o
                0x00000000000013d4                C12832::lcd_reset()
 .text._ZN6C12832C2E7PinNameS0_S0_S0_S0_PKc
                0x00000000000014a4       0x6c C12832/C12832.o
                0x00000000000014a4                C12832::C12832(PinName, PinName, PinName, PinName, PinName, char const*)
                0x00000000000014a4                C12832::C12832(PinName, PinName, PinName, PinName, PinName, char const*)
 .text._ZN15GraphicsDisplay9characterEiii
                0x0000000000001510       0x24 C12832/GraphicsDisplay.o
                0x0000000000001510                GraphicsDisplay::character(int, int, int)
 .text._ZN15GraphicsDisplay6windowEiiii
                0x0000000000001534       0x1e C12832/GraphicsDisplay.o
                0x0000000000001534                GraphicsDisplay::window(int, int, int, int)
 .text._ZN15GraphicsDisplay4fillEiiiii
                0x0000000000001552       0x2a C12832/GraphicsDisplay.o
                0x0000000000001552                GraphicsDisplay::fill(int, int, int, int, int)
 .text._ZN15GraphicsDisplay3clsEv
                0x000000000000157c       0x2a C12832/GraphicsDisplay.o
                0x000000000000157c                GraphicsDisplay::cls()
 .text._ZN15GraphicsDisplay4blitEiiiiPKi
                0x00000000000015a6       0x34 C12832/GraphicsDisplay.o
                0x00000000000015a6                GraphicsDisplay::blit(int, int, int, int, int const*)
 .text._ZN15GraphicsDisplay7blitbitEiiiiPKc
                0x00000000000015da       0x3c C12832/GraphicsDisplay.o
                0x00000000000015da                GraphicsDisplay::blitbit(int, int, int, int, char const*)
 .text._ZN15GraphicsDisplay7columnsEv
                0x0000000000001616       0x10 C12832/GraphicsDisplay.o
                0x0000000000001616                GraphicsDisplay::columns()
 .text._ZN15GraphicsDisplay4rowsEv
                0x0000000000001626       0x10 C12832/GraphicsDisplay.o
                0x0000000000001626                GraphicsDisplay::rows()
 .text._ZN15GraphicsDisplay4putpEi
                0x0000000000001636       0x42 C12832/GraphicsDisplay.o
                0x0000000000001636                GraphicsDisplay::putp(int)
 .text._ZN15GraphicsDisplayC2EPKc
                0x0000000000001678       0x30 C12832/GraphicsDisplay.o
                0x0000000000001678                GraphicsDisplay::GraphicsDisplay(char const*)
                0x0000000000001678                GraphicsDisplay::GraphicsDisplay(char const*)
 .text._ZN4mbed10FileHandle4flenEv
                0x00000000000016a8       0x34 mbed/TARGET_LPC1768/TOOLCHAIN_GCC_ARM/retarget.o
                0x00000000000016a8                mbed::FileHandle::flen()
 .text._ZN4mbed10FileHandleD2Ev
                0x00000000000016dc       0x2c mbed/TARGET_LPC1768/TOOLCHAIN_GCC_ARM/retarget.o
                0x00000000000016dc                mbed::FileHandle::~FileHandle()
                0x00000000000016dc                mbed::FileHandle::~FileHandle()
 .text._ZN4mbed10FileHandleD0Ev
                0x0000000000001708       0x34 mbed/TARGET_LPC1768/TOOLCHAIN_GCC_ARM/retarget.o
                0x0000000000001708                mbed::FileHandle::~FileHandle()
 .text._ZL11init_serialv.part.0
                0x000000000000173c       0x18 mbed/TARGET_LPC1768/TOOLCHAIN_GCC_ARM/retarget.o
 .text._open    0x0000000000001754       0xf8 mbed/TARGET_LPC1768/TOOLCHAIN_GCC_ARM/retarget.o
                0x0000000000001754                _open
 .text._close   0x000000000000184c       0x2c mbed/TARGET_LPC1768/TOOLCHAIN_GCC_ARM/retarget.o
                0x000000000000184c                _close
 .text._write   0x0000000000001878       0x50 mbed/TARGET_LPC1768/TOOLCHAIN_GCC_ARM/retarget.o
                0x0000000000001878                _write
 .text._read    0x00000000000018c8       0x4c mbed/TARGET_LPC1768/TOOLCHAIN_GCC_ARM/retarget.o
                0x00000000000018c8                _read
 .text._isatty  0x0000000000001914       0x28 mbed/TARGET_LPC1768/TOOLCHAIN_GCC_ARM/retarget.o
                0x0000000000001914                _isatty
 .text._lseek   0x000000000000193c       0x28 mbed/TARGET_LPC1768/TOOLCHAIN_GCC_ARM/retarget.o
                0x000000000000193c                _lseek
 .text._fstat   0x0000000000001964       0x20 mbed/TARGET_LPC1768/TOOLCHAIN_GCC_ARM/retarget.o
                0x0000000000001964                _fstat
 .text.__cxa_pure_virtual
                0x0000000000001984        0x8 mbed/TARGET_LPC1768/TOOLCHAIN_GCC_ARM/retarget.o
                0x0000000000001984                __cxa_pure_virtual
 .text.mbed_main
                0x000000000000198c        0x4 mbed/TARGET_LPC1768/TOOLCHAIN_GCC_ARM/retarget.o
                0x000000000000198c                mbed_main
 .text.mbed_sdk_init
                0x0000000000001990        0x4 mbed/TARGET_LPC1768/TOOLCHAIN_GCC_ARM/retarget.o
                0x0000000000001990                mbed_sdk_init
 .text.__wrap_main
                0x0000000000001994       0x14 mbed/TARGET_LPC1768/TOOLCHAIN_GCC_ARM/retarget.o
                0x0000000000001994                __wrap_main
 .text._sbrk    0x00000000000019a8       0x28 mbed/TARGET_LPC1768/TOOLCHAIN_GCC_ARM/retarget.o
                0x00000000000019a8                _sbrk
 .text._exit    0x00000000000019d0       0x30 mbed/TARGET_LPC1768/TOOLCHAIN_GCC_ARM/retarget.o
                0x00000000000019d0                _exit
 .text._ZN4mbed26mbed_set_unbuffered_streamEP7__sFILE
                0x0000000000001a00        0x8 mbed/TARGET_LPC1768/TOOLCHAIN_GCC_ARM/retarget.o
                0x0000000000001a00                mbed::mbed_set_unbuffered_stream(__sFILE*)
 .text._ZN4mbed9mbed_getcEP7__sFILE
                0x0000000000001a08        0x4 mbed/TARGET_LPC1768/TOOLCHAIN_GCC_ARM/retarget.o
                0x0000000000001a08                mbed::mbed_getc(__sFILE*)
 .text.SystemInit
                0x0000000000001a0c       0xb8 mbed/TARGET_LPC1768/TOOLCHAIN_GCC_ARM/system_LPC17xx.o
                0x0000000000001a0c                SystemInit
 .text.mbed_die
                0x0000000000001ac4      0x10c mbed/TARGET_LPC1768/TOOLCHAIN_GCC_ARM/board.o
                0x0000000000001ac4                mbed_die
 .text.NVIC_SetVector
                0x0000000000001bd0       0x3c mbed/TARGET_LPC1768/TOOLCHAIN_GCC_ARM/cmsis_nvic.o
                0x0000000000001bd0                NVIC_SetVector
 .text          0x0000000000001c0c       0x44 mbed/TARGET_LPC1768/TOOLCHAIN_GCC_ARM/startup_LPC17xx.o
                0x0000000000001c0c                Reset_Handler
                0x0000000000001c3c                NMI_Handler
                0x0000000000001c3e                HardFault_Handler
                0x0000000000001c40                MemManage_Handler
                0x0000000000001c42                BusFault_Handler
                0x0000000000001c44                UsageFault_Handler
                0x0000000000001c46                SVC_Handler
                0x0000000000001c48                DebugMon_Handler
                0x0000000000001c4a                PendSV_Handler
                0x0000000000001c4c                SysTick_Handler
                0x0000000000001c4e                TIMER2_IRQHandler
                0x0000000000001c4e                RIT_IRQHandler
                0x0000000000001c4e                I2C0_IRQHandler
                0x0000000000001c4e                USBActivity_IRQHandler
                0x0000000000001c4e                PWM1_IRQHandler
                0x0000000000001c4e                I2C1_IRQHandler
                0x0000000000001c4e                EINT2_IRQHandler
                0x0000000000001c4e                UART1_IRQHandler
                0x0000000000001c4e                EINT3_IRQHandler
                0x0000000000001c4e                CANActivity_IRQHandler
                0x0000000000001c4e                TIMER3_IRQHandler
                0x0000000000001c4e                UART0_IRQHandler
                0x0000000000001c4e                PLL0_IRQHandler
                0x0000000000001c4e                CAN_IRQHandler
                0x0000000000001c4e                PLL1_IRQHandler
                0x0000000000001c4e                SSP0_IRQHandler
                0x0000000000001c4e                I2S_IRQHandler
                0x0000000000001c4e                I2C2_IRQHandler
                0x0000000000001c4e                RTC_IRQHandler
                0x0000000000001c4e                TIMER0_IRQHandler
                0x0000000000001c4e                SPI_IRQHandler
                0x0000000000001c4e                EINT1_IRQHandler
                0x0000000000001c4e                TIMER1_IRQHandler
                0x0000000000001c4e                UART2_IRQHandler
                0x0000000000001c4e                Default_Handler
                0x0000000000001c4e                ADC_IRQHandler
                0x0000000000001c4e                SSP1_IRQHandler
                0x0000000000001c4e                USB_IRQHandler
                0x0000000000001c4e                BOD_IRQHandler
                0x0000000000001c4e                WDT_IRQHandler
                0x0000000000001c4e                QEI_IRQHandler
                0x0000000000001c4e                EINT0_IRQHandler
                0x0000000000001c4e                DEF_IRQHandler
                0x0000000000001c4e                DMA_IRQHandler
                0x0000000000001c4e                UART3_IRQHandler
                0x0000000000001c4e                MCPWM_IRQHandler
                0x0000000000001c4e                ENET_IRQHandler
 .text.pwmout_write
                0x0000000000001c50       0x5c ./mbed/TARGET_LPC1768/TOOLCHAIN_GCC_ARM/libmbed.a(pwmout_api.o)
                0x0000000000001c50                pwmout_write
 .text.pwmout_period_us
                0x0000000000001cac       0x44 ./mbed/TARGET_LPC1768/TOOLCHAIN_GCC_ARM/libmbed.a(pwmout_api.o)
                0x0000000000001cac                pwmout_period_us
 .text.pwmout_period
                0x0000000000001cf0       0x20 ./mbed/TARGET_LPC1768/TOOLCHAIN_GCC_ARM/libmbed.a(pwmout_api.o)
                0x0000000000001cf0                pwmout_period
 .text.pwmout_init
                0x0000000000001d10       0xd8 ./mbed/TARGET_LPC1768/TOOLCHAIN_GCC_ARM/libmbed.a(pwmout_api.o)
                0x0000000000001d10                pwmout_init
 .text.uart2_irq
                0x0000000000001de8       0x64 ./mbed/TARGET_LPC1768/TOOLCHAIN_GCC_ARM/libmbed.a(serial_api.o)
                0x0000000000001de8                uart2_irq
 .text.serial_irq_set_internal
                0x0000000000001e4c       0xcc ./mbed/TARGET_LPC1768/TOOLCHAIN_GCC_ARM/libmbed.a(serial_api.o)
 .text.uart0_irq
                0x0000000000001f18       0x64 ./mbed/TARGET_LPC1768/TOOLCHAIN_GCC_ARM/libmbed.a(serial_api.o)
                0x0000000000001f18                uart0_irq
 .text.uart3_irq
                0x0000000000001f7c       0x6c ./mbed/TARGET_LPC1768/TOOLCHAIN_GCC_ARM/libmbed.a(serial_api.o)
                0x0000000000001f7c                uart3_irq
 .text.uart1_irq
                0x0000000000001fe8       0x64 ./mbed/TARGET_LPC1768/TOOLCHAIN_GCC_ARM/libmbed.a(serial_api.o)
                0x0000000000001fe8                uart1_irq
 .text.serial_baud
                0x000000000000204c      0x244 ./mbed/TARGET_LPC1768/TOOLCHAIN_GCC_ARM/libmbed.a(serial_api.o)
                0x000000000000204c                serial_baud
 .text.serial_format
                0x0000000000002290       0x78 ./mbed/TARGET_LPC1768/TOOLCHAIN_GCC_ARM/libmbed.a(serial_api.o)
                0x0000000000002290                serial_format
 .text.serial_irq_handler
                0x0000000000002308       0x20 ./mbed/TARGET_LPC1768/TOOLCHAIN_GCC_ARM/libmbed.a(serial_api.o)
                0x0000000000002308                serial_irq_handler
 .text.serial_getc
                0x0000000000002328       0x38 ./mbed/TARGET_LPC1768/TOOLCHAIN_GCC_ARM/libmbed.a(serial_api.o)
                0x0000000000002328                serial_getc
 .text.serial_readable
                0x0000000000002360        0xc ./mbed/TARGET_LPC1768/TOOLCHAIN_GCC_ARM/libmbed.a(serial_api.o)
                0x0000000000002360                serial_readable
 .text.serial_writable
                0x000000000000236c       0x74 ./mbed/TARGET_LPC1768/TOOLCHAIN_GCC_ARM/libmbed.a(serial_api.o)
                0x000000000000236c                serial_writable
 .text.serial_putc
                0x00000000000023e0       0x34 ./mbed/TARGET_LPC1768/TOOLCHAIN_GCC_ARM/libmbed.a(serial_api.o)
                0x00000000000023e0                serial_putc
 .text.serial_set_flow_control
                0x0000000000002414      0x12c ./mbed/TARGET_LPC1768/TOOLCHAIN_GCC_ARM/libmbed.a(serial_api.o)
                0x0000000000002414                serial_set_flow_control
 .text.serial_init
                0x0000000000002540      0x1bc ./mbed/TARGET_LPC1768/TOOLCHAIN_GCC_ARM/libmbed.a(serial_api.o)
                0x0000000000002540                serial_init
 .text._ZN4mbed8FilePathC2EPKc
                0x00000000000026fc       0x58 ./mbed/TARGET_LPC1768/TOOLCHAIN_GCC_ARM/libmbed.a(FilePath.o)
                0x00000000000026fc                mbed::FilePath::FilePath(char const*)
                0x00000000000026fc                mbed::FilePath::FilePath(char const*)
 .text._ZN4mbed8FilePath8fileNameEv
                0x0000000000002754        0x4 ./mbed/TARGET_LPC1768/TOOLCHAIN_GCC_ARM/libmbed.a(FilePath.o)
                0x0000000000002754                mbed::FilePath::fileName()
 .text._ZN4mbed8FilePath10fileSystemEv
                0x0000000000002758       0x18 ./mbed/TARGET_LPC1768/TOOLCHAIN_GCC_ARM/libmbed.a(FilePath.o)
                0x0000000000002758                mbed::FilePath::fileSystem()
 .text._ZN4mbed8FilePath6isFileEv
                0x0000000000002770       0x14 ./mbed/TARGET_LPC1768/TOOLCHAIN_GCC_ARM/libmbed.a(FilePath.o)
                0x0000000000002770                mbed::FilePath::isFile()
 .text._ZN4mbed8FilePath4fileEv
                0x0000000000002784       0x1c ./mbed/TARGET_LPC1768/TOOLCHAIN_GCC_ARM/libmbed.a(FilePath.o)
                0x0000000000002784                mbed::FilePath::file()
 .text._ZN4mbed8FilePath6existsEv
                0x00000000000027a0        0xc ./mbed/TARGET_LPC1768/TOOLCHAIN_GCC_ARM/libmbed.a(FilePath.o)
                0x00000000000027a0                mbed::FilePath::exists()
 .text._ZN4mbed11InterruptInD2Ev
                0x00000000000027ac       0x18 ./mbed/TARGET_LPC1768/TOOLCHAIN_GCC_ARM/libmbed.a(InterruptIn.o)
                0x00000000000027ac                mbed::InterruptIn::~InterruptIn()
                0x00000000000027ac                mbed::InterruptIn::~InterruptIn()
 .text._ZN4mbed11InterruptInD0Ev
                0x00000000000027c4       0x1c ./mbed/TARGET_LPC1768/TOOLCHAIN_GCC_ARM/libmbed.a(InterruptIn.o)
                0x00000000000027c4                mbed::InterruptIn::~InterruptIn()
 .text._ZN4mbed11InterruptIn12_irq_handlerEm14gpio_irq_event
                0x00000000000027e0       0x18 ./mbed/TARGET_LPC1768/TOOLCHAIN_GCC_ARM/libmbed.a(InterruptIn.o)
                0x00000000000027e0                mbed::InterruptIn::_irq_handler(unsigned long, gpio_irq_event)
 .text._ZN4mbed11InterruptInC2E7PinName
                0x00000000000027f8       0x54 ./mbed/TARGET_LPC1768/TOOLCHAIN_GCC_ARM/libmbed.a(InterruptIn.o)
                0x00000000000027f8                mbed::InterruptIn::InterruptIn(PinName)
                0x00000000000027f8                mbed::InterruptIn::InterruptIn(PinName)
 .text._ZN4mbed11InterruptIn4riseEPFvvE
                0x000000000000284c       0x2c ./mbed/TARGET_LPC1768/TOOLCHAIN_GCC_ARM/libmbed.a(InterruptIn.o)
                0x000000000000284c                mbed::InterruptIn::rise(void (*)())
 .text._ZN4mbed3SPID2Ev
                0x0000000000002878        0xc ./mbed/TARGET_LPC1768/TOOLCHAIN_GCC_ARM/libmbed.a(SPI.o)
                0x0000000000002878                mbed::SPI::~SPI()
                0x0000000000002878                mbed::SPI::~SPI()
 .text._ZN4mbed3SPID0Ev
                0x0000000000002884       0x14 ./mbed/TARGET_LPC1768/TOOLCHAIN_GCC_ARM/libmbed.a(SPI.o)
                0x0000000000002884                mbed::SPI::~SPI()
 .text._ZN4mbed3SPIC2E7PinNameS1_S1_S1_
                0x0000000000002898       0x50 ./mbed/TARGET_LPC1768/TOOLCHAIN_GCC_ARM/libmbed.a(SPI.o)
                0x0000000000002898                mbed::SPI::SPI(PinName, PinName, PinName, PinName)
                0x0000000000002898                mbed::SPI::SPI(PinName, PinName, PinName, PinName)
 .text._ZN4mbed3SPI6aquireEv
                0x00000000000028e8       0x2c ./mbed/TARGET_LPC1768/TOOLCHAIN_GCC_ARM/libmbed.a(SPI.o)
                0x00000000000028e8                mbed::SPI::aquire()
 .text._ZN4mbed3SPI6formatEii
                0x0000000000002914       0x18 ./mbed/TARGET_LPC1768/TOOLCHAIN_GCC_ARM/libmbed.a(SPI.o)
                0x0000000000002914                mbed::SPI::format(int, int)
 .text._ZN4mbed3SPI9frequencyEi
                0x000000000000292c       0x10 ./mbed/TARGET_LPC1768/TOOLCHAIN_GCC_ARM/libmbed.a(SPI.o)
                0x000000000000292c                mbed::SPI::frequency(int)
 .text._ZN4mbed3SPI5writeEi
                0x000000000000293c       0x18 ./mbed/TARGET_LPC1768/TOOLCHAIN_GCC_ARM/libmbed.a(SPI.o)
                0x000000000000293c                mbed::SPI::write(int)
 .text._ZN4mbed10SerialBase12_irq_handlerEm9SerialIrq
                0x0000000000002954       0x10 ./mbed/TARGET_LPC1768/TOOLCHAIN_GCC_ARM/libmbed.a(SerialBase.o)
                0x0000000000002954                mbed::SerialBase::_irq_handler(unsigned long, SerialIrq)
 .text._ZN4mbed10SerialBaseC2E7PinNameS1_
                0x0000000000002964       0x4c ./mbed/TARGET_LPC1768/TOOLCHAIN_GCC_ARM/libmbed.a(SerialBase.o)
                0x0000000000002964                mbed::SerialBase::SerialBase(PinName, PinName)
                0x0000000000002964                mbed::SerialBase::SerialBase(PinName, PinName)
 .text._ZN4mbed10SerialBase4baudEi
                0x00000000000029b0       0x10 ./mbed/TARGET_LPC1768/TOOLCHAIN_GCC_ARM/libmbed.a(SerialBase.o)
                0x00000000000029b0                mbed::SerialBase::baud(int)
 .text._ZN4mbed10SerialBase6formatEiNS0_6ParityEi
                0x00000000000029c0        0x8 ./mbed/TARGET_LPC1768/TOOLCHAIN_GCC_ARM/libmbed.a(SerialBase.o)
                0x00000000000029c0                mbed::SerialBase::format(int, mbed::SerialBase::Parity, int)
 .text._ZN4mbed10SerialBase8readableEv
                0x00000000000029c8        0x8 ./mbed/TARGET_LPC1768/TOOLCHAIN_GCC_ARM/libmbed.a(SerialBase.o)
                0x00000000000029c8                mbed::SerialBase::readable()
 .text._ZN4mbed10SerialBase9writeableEv
                0x00000000000029d0        0x8 ./mbed/TARGET_LPC1768/TOOLCHAIN_GCC_ARM/libmbed.a(SerialBase.o)
                0x00000000000029d0                mbed::SerialBase::writeable()
 .text._ZN4mbed10SerialBase10_base_getcEv
                0x00000000000029d8        0x8 ./mbed/TARGET_LPC1768/TOOLCHAIN_GCC_ARM/libmbed.a(SerialBase.o)
                0x00000000000029d8                mbed::SerialBase::_base_getc()
 .text._ZN4mbed10SerialBase10_base_putcEi
                0x00000000000029e0       0x10 ./mbed/TARGET_LPC1768/TOOLCHAIN_GCC_ARM/libmbed.a(SerialBase.o)
                0x00000000000029e0                mbed::SerialBase::_base_putc(int)
 .text._ZN4mbed6Stream5closeEv
                0x00000000000029f0        0x4 ./mbed/TARGET_LPC1768/TOOLCHAIN_GCC_ARM/libmbed.a(Stream.o)
                0x00000000000029f0                mbed::Stream::close()
 .text._ZN4mbed6Stream5writeEPKvj
                0x00000000000029f4       0x30 ./mbed/TARGET_LPC1768/TOOLCHAIN_GCC_ARM/libmbed.a(Stream.o)
                0x00000000000029f4                mbed::Stream::write(void const*, unsigned int)
 .text._ZN4mbed6Stream4readEPvj
                0x0000000000002a24       0x30 ./mbed/TARGET_LPC1768/TOOLCHAIN_GCC_ARM/libmbed.a(Stream.o)
                0x0000000000002a24                mbed::Stream::read(void*, unsigned int)
 .text._ZN4mbed6Stream5lseekEli
                0x0000000000002a54        0x4 ./mbed/TARGET_LPC1768/TOOLCHAIN_GCC_ARM/libmbed.a(Stream.o)
                0x0000000000002a54                mbed::Stream::lseek(long, int)
 .text._ZN4mbed6Stream6isattyEv
                0x0000000000002a58        0x4 ./mbed/TARGET_LPC1768/TOOLCHAIN_GCC_ARM/libmbed.a(Stream.o)
                0x0000000000002a58                mbed::Stream::isatty()
 .text._ZN4mbed6Stream5fsyncEv
                0x0000000000002a5c        0x4 ./mbed/TARGET_LPC1768/TOOLCHAIN_GCC_ARM/libmbed.a(Stream.o)
                0x0000000000002a5c                mbed::Stream::fsync()
 .text._ZN4mbed6Stream4flenEv
                0x0000000000002a60        0x4 ./mbed/TARGET_LPC1768/TOOLCHAIN_GCC_ARM/libmbed.a(Stream.o)
                0x0000000000002a60                mbed::Stream::flen()
 .text._ZN4mbed6StreamD2Ev
                0x0000000000002a64       0x24 ./mbed/TARGET_LPC1768/TOOLCHAIN_GCC_ARM/libmbed.a(Stream.o)
                0x0000000000002a64                mbed::Stream::~Stream()
                0x0000000000002a64                mbed::Stream::~Stream()
 .text._ZThn4_N4mbed6StreamD1Ev
                0x0000000000002a88        0x8 ./mbed/TARGET_LPC1768/TOOLCHAIN_GCC_ARM/libmbed.a(Stream.o)
                0x0000000000002a88                non-virtual thunk to mbed::Stream::~Stream()
 .text._ZN4mbed6StreamD0Ev
                0x0000000000002a90       0x14 ./mbed/TARGET_LPC1768/TOOLCHAIN_GCC_ARM/libmbed.a(Stream.o)
                0x0000000000002a90                mbed::Stream::~Stream()
 .text._ZThn4_N4mbed6StreamD0Ev
                0x0000000000002aa4        0x8 ./mbed/TARGET_LPC1768/TOOLCHAIN_GCC_ARM/libmbed.a(Stream.o)
                0x0000000000002aa4                non-virtual thunk to mbed::Stream::~Stream()
 .text._ZN4mbed6StreamC2EPKc
                0x0000000000002aac       0x44 ./mbed/TARGET_LPC1768/TOOLCHAIN_GCC_ARM/libmbed.a(Stream.o)
                0x0000000000002aac                mbed::Stream::Stream(char const*)
                0x0000000000002aac                mbed::Stream::Stream(char const*)
 .text._ZN4mbed6Stream4putcEi
                0x0000000000002af0       0x18 ./mbed/TARGET_LPC1768/TOOLCHAIN_GCC_ARM/libmbed.a(Stream.o)
                0x0000000000002af0                mbed::Stream::putc(int)
 .text._ZN4mbed6Stream4getcEv
                0x0000000000002b08       0x14 ./mbed/TARGET_LPC1768/TOOLCHAIN_GCC_ARM/libmbed.a(Stream.o)
                0x0000000000002b08                mbed::Stream::getc()
 .text._ZN4mbed6Stream6printfEPKcz
                0x0000000000002b1c       0x2c ./mbed/TARGET_LPC1768/TOOLCHAIN_GCC_ARM/libmbed.a(Stream.o)
                0x0000000000002b1c                mbed::Stream::printf(char const*, ...)
 .text._ZN4mbed6Serial5_getcEv
                0x0000000000002b48        0x4 ./mbed/TARGET_LPC1768/TOOLCHAIN_GCC_ARM/libmbed.a(Serial.o)
                0x0000000000002b48                mbed::Serial::_getc()
 .text._ZThn72_N4mbed6Serial5_getcEv
                0x0000000000002b4c        0x8 ./mbed/TARGET_LPC1768/TOOLCHAIN_GCC_ARM/libmbed.a(Serial.o)
                0x0000000000002b4c                non-virtual thunk to mbed::Serial::_getc()
 .text._ZN4mbed6Serial5_putcEi
                0x0000000000002b54        0x4 ./mbed/TARGET_LPC1768/TOOLCHAIN_GCC_ARM/libmbed.a(Serial.o)
                0x0000000000002b54                mbed::Serial::_putc(int)
 .text._ZThn72_N4mbed6Serial5_putcEi
                0x0000000000002b58        0x8 ./mbed/TARGET_LPC1768/TOOLCHAIN_GCC_ARM/libmbed.a(Serial.o)
                0x0000000000002b58                non-virtual thunk to mbed::Serial::_putc(int)
 .text._ZN4mbed6SerialC2E7PinNameS1_PKc
                0x0000000000002b60       0x30 ./mbed/TARGET_LPC1768/TOOLCHAIN_GCC_ARM/libmbed.a(Serial.o)
                0x0000000000002b60                mbed::Serial::Serial(PinName, PinName, char const*)
                0x0000000000002b60                mbed::Serial::Serial(PinName, PinName, char const*)
 .text.mbed_assert_internal
                0x0000000000002b90       0x2c ./mbed/TARGET_LPC1768/TOOLCHAIN_GCC_ARM/libmbed.a(assert.o)
                0x0000000000002b90                mbed_assert_internal
 .text.error    0x0000000000002bbc       0x24 ./mbed/TARGET_LPC1768/TOOLCHAIN_GCC_ARM/libmbed.a(error.o)
                0x0000000000002bbc                error
 .text.mbed_interface_connected
                0x0000000000002be0        0x4 ./mbed/TARGET_LPC1768/TOOLCHAIN_GCC_ARM/libmbed.a(mbed_interface.o)
                0x0000000000002be0                mbed_interface_connected
 .text.gpio_init_in
                0x0000000000002be4       0x24 ./mbed/TARGET_LPC1768/TOOLCHAIN_GCC_ARM/libmbed.a(gpio.o)
                0x0000000000002be4                gpio_init_in
 .text.gpio_init_out
                0x0000000000002c08       0x44 ./mbed/TARGET_LPC1768/TOOLCHAIN_GCC_ARM/libmbed.a(gpio.o)
                0x0000000000002c08                gpio_init_out
 .text.gpio_init_out_ex
                0x0000000000002c4c       0x54 ./mbed/TARGET_LPC1768/TOOLCHAIN_GCC_ARM/libmbed.a(gpio.o)
                0x0000000000002c4c                gpio_init_out_ex
 .text.pinmap_pinout
                0x0000000000002ca0       0x40 ./mbed/TARGET_LPC1768/TOOLCHAIN_GCC_ARM/libmbed.a(pinmap_common.o)
                0x0000000000002ca0                pinmap_pinout
 .text.pinmap_merge
                0x0000000000002ce0       0x24 ./mbed/TARGET_LPC1768/TOOLCHAIN_GCC_ARM/libmbed.a(pinmap_common.o)
                0x0000000000002ce0                pinmap_merge
 .text.pinmap_find_peripheral
                0x0000000000002d04       0x1c ./mbed/TARGET_LPC1768/TOOLCHAIN_GCC_ARM/libmbed.a(pinmap_common.o)
                0x0000000000002d04                pinmap_find_peripheral
 .text.pinmap_peripheral
                0x0000000000002d20       0x34 ./mbed/TARGET_LPC1768/TOOLCHAIN_GCC_ARM/libmbed.a(pinmap_common.o)
                0x0000000000002d20                pinmap_peripheral
 .text.semihost_exit
                0x0000000000002d54       0x18 ./mbed/TARGET_LPC1768/TOOLCHAIN_GCC_ARM/libmbed.a(semihost_api.o)
                0x0000000000002d54                semihost_exit
 .text.semihost_connected
                0x0000000000002d6c       0x10 ./mbed/TARGET_LPC1768/TOOLCHAIN_GCC_ARM/libmbed.a(semihost_api.o)
                0x0000000000002d6c                semihost_connected
 .text.wait_us  0x0000000000002d7c       0x18 ./mbed/TARGET_LPC1768/TOOLCHAIN_GCC_ARM/libmbed.a(wait_api.o)
                0x0000000000002d7c                wait_us
 .text.wait     0x0000000000002d94       0x18 ./mbed/TARGET_LPC1768/TOOLCHAIN_GCC_ARM/libmbed.a(wait_api.o)
                0x0000000000002d94                wait
 .text.wait_ms  0x0000000000002dac        0xc ./mbed/TARGET_LPC1768/TOOLCHAIN_GCC_ARM/libmbed.a(wait_api.o)
                0x0000000000002dac                wait_ms
 .text.gpio_set
                0x0000000000002db8       0x30 ./mbed/TARGET_LPC1768/TOOLCHAIN_GCC_ARM/libmbed.a(gpio_api.o)
                0x0000000000002db8                gpio_set
 .text.gpio_init
                0x0000000000002de8       0x30 ./mbed/TARGET_LPC1768/TOOLCHAIN_GCC_ARM/libmbed.a(gpio_api.o)
                0x0000000000002de8                gpio_init
 .text.gpio_mode
                0x0000000000002e18        0x8 ./mbed/TARGET_LPC1768/TOOLCHAIN_GCC_ARM/libmbed.a(gpio_api.o)
                0x0000000000002e18                gpio_mode
 .text.gpio_dir
                0x0000000000002e20       0x44 ./mbed/TARGET_LPC1768/TOOLCHAIN_GCC_ARM/libmbed.a(gpio_api.o)
                0x0000000000002e20                gpio_dir
 .text.handle_interrupt_in
                0x0000000000002e64      0x118 ./mbed/TARGET_LPC1768/TOOLCHAIN_GCC_ARM/libmbed.a(gpio_irq_api.o)
 .text.gpio_irq_init
                0x0000000000002f7c       0x70 ./mbed/TARGET_LPC1768/TOOLCHAIN_GCC_ARM/libmbed.a(gpio_irq_api.o)
                0x0000000000002f7c                gpio_irq_init
 .text.gpio_irq_free
                0x0000000000002fec       0x10 ./mbed/TARGET_LPC1768/TOOLCHAIN_GCC_ARM/libmbed.a(gpio_irq_api.o)
                0x0000000000002fec                gpio_irq_free
 .text.gpio_irq_set
                0x0000000000002ffc       0xd8 ./mbed/TARGET_LPC1768/TOOLCHAIN_GCC_ARM/libmbed.a(gpio_irq_api.o)
                0x0000000000002ffc                gpio_irq_set
 .text.pin_function
                0x00000000000030d4       0x50 ./mbed/TARGET_LPC1768/TOOLCHAIN_GCC_ARM/libmbed.a(pinmap.o)
                0x00000000000030d4                pin_function
 .text.pin_mode
                0x0000000000003124       0x78 ./mbed/TARGET_LPC1768/TOOLCHAIN_GCC_ARM/libmbed.a(pinmap.o)
                0x0000000000003124                pin_mode
 .text.us_ticker_init
                0x000000000000319c       0x68 ./mbed/TARGET_LPC1768/TOOLCHAIN_GCC_ARM/libmbed.a(us_ticker.o)
                0x000000000000319c                us_ticker_init
 .text.us_ticker_read
                0x0000000000003204       0x1c ./mbed/TARGET_LPC1768/TOOLCHAIN_GCC_ARM/libmbed.a(us_ticker.o)
                0x0000000000003204                us_ticker_read
 .text.us_ticker_set_interrupt
                0x0000000000003220       0x14 ./mbed/TARGET_LPC1768/TOOLCHAIN_GCC_ARM/libmbed.a(us_ticker.o)
                0x0000000000003220                us_ticker_set_interrupt
 .text.us_ticker_disable_interrupt
                0x0000000000003234       0x10 ./mbed/TARGET_LPC1768/TOOLCHAIN_GCC_ARM/libmbed.a(us_ticker.o)
                0x0000000000003234                us_ticker_disable_interrupt
 .text.us_ticker_clear_interrupt
                0x0000000000003244        0xc ./mbed/TARGET_LPC1768/TOOLCHAIN_GCC_ARM/libmbed.a(us_ticker.o)
                0x0000000000003244                us_ticker_clear_interrupt
 .text.spi_format
                0x0000000000003250       0x70 ./mbed/TARGET_LPC1768/TOOLCHAIN_GCC_ARM/libmbed.a(spi_api.o)
                0x0000000000003250                spi_format
 .text.spi_frequency
                0x00000000000032c0       0xd0 ./mbed/TARGET_LPC1768/TOOLCHAIN_GCC_ARM/libmbed.a(spi_api.o)
                0x00000000000032c0                spi_frequency
 .text.spi_init
                0x0000000000003390      0x144 ./mbed/TARGET_LPC1768/TOOLCHAIN_GCC_ARM/libmbed.a(spi_api.o)
                0x0000000000003390                spi_init
 .text.spi_master_write
                0x00000000000034d4       0x14 ./mbed/TARGET_LPC1768/TOOLCHAIN_GCC_ARM/libmbed.a(spi_api.o)
                0x00000000000034d4                spi_master_write
 .text._ZN4mbed8FileBaseD2Ev
                0x00000000000034e8       0x30 ./mbed/TARGET_LPC1768/TOOLCHAIN_GCC_ARM/libmbed.a(FileBase.o)
                0x00000000000034e8                mbed::FileBase::~FileBase()
                0x00000000000034e8                mbed::FileBase::~FileBase()
 .text._ZN4mbed8FileBaseD0Ev
                0x0000000000003518       0x3c ./mbed/TARGET_LPC1768/TOOLCHAIN_GCC_ARM/libmbed.a(FileBase.o)
                0x0000000000003518                mbed::FileBase::~FileBase()
 .text._ZN4mbed8FileBaseC2EPKcNS_8PathTypeE
                0x0000000000003554       0x28 ./mbed/TARGET_LPC1768/TOOLCHAIN_GCC_ARM/libmbed.a(FileBase.o)
                0x0000000000003554                mbed::FileBase::FileBase(char const*, mbed::PathType)
                0x0000000000003554                mbed::FileBase::FileBase(char const*, mbed::PathType)
 .text._ZN4mbed8FileBase6lookupEPKcj
                0x000000000000357c       0x3c ./mbed/TARGET_LPC1768/TOOLCHAIN_GCC_ARM/libmbed.a(FileBase.o)
                0x000000000000357c                mbed::FileBase::lookup(char const*, unsigned int)
 .text._ZN4mbed8FileBase11getPathTypeEv
                0x00000000000035b8        0x4 ./mbed/TARGET_LPC1768/TOOLCHAIN_GCC_ARM/libmbed.a(FileBase.o)
                0x00000000000035b8                mbed::FileBase::getPathType()
 .text._ZN4mbed8FileLikeD2Ev
                0x00000000000035bc       0x24 ./mbed/TARGET_LPC1768/TOOLCHAIN_GCC_ARM/libmbed.a(FileLike.o)
                0x00000000000035bc                mbed::FileLike::~FileLike()
                0x00000000000035bc                mbed::FileLike::~FileLike()
 .text._ZThn4_N4mbed8FileLikeD1Ev
                0x00000000000035e0        0x8 ./mbed/TARGET_LPC1768/TOOLCHAIN_GCC_ARM/libmbed.a(FileLike.o)
                0x00000000000035e0                non-virtual thunk to mbed::FileLike::~FileLike()
 .text._ZN4mbed8FileLikeD0Ev
                0x00000000000035e8       0x2c ./mbed/TARGET_LPC1768/TOOLCHAIN_GCC_ARM/libmbed.a(FileLike.o)
                0x00000000000035e8                mbed::FileLike::~FileLike()
 .text._ZThn4_N4mbed8FileLikeD0Ev
                0x0000000000003614        0x8 ./mbed/TARGET_LPC1768/TOOLCHAIN_GCC_ARM/libmbed.a(FileLike.o)
                0x0000000000003614                non-virtual thunk to mbed::FileLike::~FileLike()
 .text._ZN4mbed8FileLikeC2EPKc
                0x000000000000361c       0x28 ./mbed/TARGET_LPC1768/TOOLCHAIN_GCC_ARM/libmbed.a(FileLike.o)
                0x000000000000361c                mbed::FileLike::FileLike(char const*)
                0x000000000000361c                mbed::FileLike::FileLike(char const*)
 .text._ZN4mbed15FunctionPointerC2EPFvvE
                0x0000000000003644        0xc ./mbed/TARGET_LPC1768/TOOLCHAIN_GCC_ARM/libmbed.a(FunctionPointer.o)
                0x0000000000003644                mbed::FunctionPointer::FunctionPointer(void (*)())
                0x0000000000003644                mbed::FunctionPointer::FunctionPointer(void (*)())
 .text._ZN4mbed15FunctionPointer6attachEPFvvE
                0x0000000000003650        0x8 ./mbed/TARGET_LPC1768/TOOLCHAIN_GCC_ARM/libmbed.a(FunctionPointer.o)
                0x0000000000003650                mbed::FunctionPointer::attach(void (*)())
 .text._ZN4mbed15FunctionPointer4callEv
                0x0000000000003658       0x18 ./mbed/TARGET_LPC1768/TOOLCHAIN_GCC_ARM/libmbed.a(FunctionPointer.o)
                0x0000000000003658                mbed::FunctionPointer::call()
 .text.us_ticker_irq_handler
                0x0000000000003670       0x48 ./mbed/TARGET_LPC1768/TOOLCHAIN_GCC_ARM/libmbed.a(us_ticker_api.o)
                0x0000000000003670                us_ticker_irq_handler
 .text._Znaj    0x00000000000036b8        0x4 /usr/bin/../lib/gcc/arm-none-eabi/4.9.3/../../../../arm-none-eabi/lib/armv7-m/libstdc++_nano.a(new_opv.o)
                0x00000000000036b8                operator new[](unsigned int)
 .text._Znwj    0x00000000000036bc       0x22 /usr/bin/../lib/gcc/arm-none-eabi/4.9.3/../../../../arm-none-eabi/lib/armv7-m/libstdc++_nano.a(new_op.o)
                0x00000000000036bc                operator new(unsigned int)
 *fill*         0x00000000000036de        0x2 
 .text._ZSt15get_new_handlerv
                0x00000000000036e0       0x10 /usr/bin/../lib/gcc/arm-none-eabi/4.9.3/../../../../arm-none-eabi/lib/armv7-m/libstdc++_nano.a(new_handler.o)
                0x00000000000036e0                std::get_new_handler()
 .text.__aeabi_atexit
                0x00000000000036f0        0xa /usr/bin/../lib/gcc/arm-none-eabi/4.9.3/../../../../arm-none-eabi/lib/armv7-m/libstdc++_nano.a(atexit_arm.o)
                0x00000000000036f0                __aeabi_atexit
 .text._ZdlPv   0x00000000000036fa        0x4 /usr/bin/../lib/gcc/arm-none-eabi/4.9.3/../../../../arm-none-eabi/lib/armv7-m/libstdc++_nano.a(del_op.o)
                0x00000000000036fa                operator delete(void*)
 *fill*         0x00000000000036fe        0x2 
 .text.floor    0x0000000000003700      0x118 /usr/bin/../lib/gcc/arm-none-eabi/4.9.3/../../../../arm-none-eabi/lib/armv7-m/libm.a(lib_a-s_floor.o)
                0x0000000000003700                floor
 .text.abort    0x0000000000003818        0xe /usr/bin/../lib/gcc/arm-none-eabi/4.9.3/../../../../arm-none-eabi/lib/armv7-m/libc_nano.a(lib_a-abort.o)
                0x0000000000003818                abort
 .text.abs      0x0000000000003826        0x8 /usr/bin/../lib/gcc/arm-none-eabi/4.9.3/../../../../arm-none-eabi/lib/armv7-m/libc_nano.a(lib_a-abs.o)
                0x0000000000003826                abs
 *fill*         0x000000000000382e        0x2 
 .text.__cxa_atexit
                0x0000000000003830       0x1c /usr/bin/../lib/gcc/arm-none-eabi/4.9.3/../../../../arm-none-eabi/lib/armv7-m/libc_nano.a(lib_a-cxa_atexit.o)
                0x0000000000003830                __cxa_atexit
 .text.__errno  0x000000000000384c        0xc /usr/bin/../lib/gcc/arm-none-eabi/4.9.3/../../../../arm-none-eabi/lib/armv7-m/libc_nano.a(lib_a-errno.o)
                0x000000000000384c                __errno
 .text.exit     0x0000000000003858       0x28 /usr/bin/../lib/gcc/arm-none-eabi/4.9.3/../../../../arm-none-eabi/lib/armv7-m/libc_nano.a(lib_a-exit.o)
                0x0000000000003858                exit
 .text._fclose_r
                0x0000000000003880       0xa4 /usr/bin/../lib/gcc/arm-none-eabi/4.9.3/../../../../arm-none-eabi/lib/armv7-m/libc_nano.a(lib_a-fclose.o)
                0x0000000000003880                _fclose_r
 .text.fclose   0x0000000000003924       0x10 /usr/bin/../lib/gcc/arm-none-eabi/4.9.3/../../../../arm-none-eabi/lib/armv7-m/libc_nano.a(lib_a-fclose.o)
                0x0000000000003924                fclose
 .text.__sflush_r
                0x0000000000003934      0x106 /usr/bin/../lib/gcc/arm-none-eabi/4.9.3/../../../../arm-none-eabi/lib/armv7-m/libc_nano.a(lib_a-fflush.o)
                0x0000000000003934                __sflush_r
 *fill*         0x0000000000003a3a        0x2 
 .text._fflush_r
                0x0000000000003a3c       0x54 /usr/bin/../lib/gcc/arm-none-eabi/4.9.3/../../../../arm-none-eabi/lib/armv7-m/libc_nano.a(lib_a-fflush.o)
                0x0000000000003a3c                _fflush_r
 .text.fflush   0x0000000000003a90       0x24 /usr/bin/../lib/gcc/arm-none-eabi/4.9.3/../../../../arm-none-eabi/lib/armv7-m/libc_nano.a(lib_a-fflush.o)
                0x0000000000003a90                fflush
 .text._fgetc_r
                0x0000000000003ab4       0x58 /usr/bin/../lib/gcc/arm-none-eabi/4.9.3/../../../../arm-none-eabi/lib/armv7-m/libc_nano.a(lib_a-fgetc.o)
                0x0000000000003ab4                _fgetc_r
 .text.fgetc    0x0000000000003b0c       0x10 /usr/bin/../lib/gcc/arm-none-eabi/4.9.3/../../../../arm-none-eabi/lib/armv7-m/libc_nano.a(lib_a-fgetc.o)
                0x0000000000003b0c                fgetc
 .text._cleanup_r
                0x0000000000003b1c        0xc /usr/bin/../lib/gcc/arm-none-eabi/4.9.3/../../../../arm-none-eabi/lib/armv7-m/libc_nano.a(lib_a-findfp.o)
                0x0000000000003b1c                _cleanup_r
 .text.std.isra.0
                0x0000000000003b28       0x48 /usr/bin/../lib/gcc/arm-none-eabi/4.9.3/../../../../arm-none-eabi/lib/armv7-m/libc_nano.a(lib_a-findfp.o)
 .text.__sfmoreglue
                0x0000000000003b70       0x2c /usr/bin/../lib/gcc/arm-none-eabi/4.9.3/../../../../arm-none-eabi/lib/armv7-m/libc_nano.a(lib_a-findfp.o)
                0x0000000000003b70                __sfmoreglue
 .text.__sinit  0x0000000000003b9c       0x60 /usr/bin/../lib/gcc/arm-none-eabi/4.9.3/../../../../arm-none-eabi/lib/armv7-m/libc_nano.a(lib_a-findfp.o)
                0x0000000000003b9c                __sinit
 .text.__sfp    0x0000000000003bfc       0x74 /usr/bin/../lib/gcc/arm-none-eabi/4.9.3/../../../../arm-none-eabi/lib/armv7-m/libc_nano.a(lib_a-findfp.o)
                0x0000000000003bfc                __sfp
 .text.__sfp_lock_acquire
                0x0000000000003c70        0x2 /usr/bin/../lib/gcc/arm-none-eabi/4.9.3/../../../../arm-none-eabi/lib/armv7-m/libc_nano.a(lib_a-findfp.o)
                0x0000000000003c70                __sfp_lock_acquire
 .text.__sfp_lock_release
                0x0000000000003c72        0x2 /usr/bin/../lib/gcc/arm-none-eabi/4.9.3/../../../../arm-none-eabi/lib/armv7-m/libc_nano.a(lib_a-findfp.o)
                0x0000000000003c72                __sfp_lock_release
 .text._fopen_r
                0x0000000000003c74       0x80 /usr/bin/../lib/gcc/arm-none-eabi/4.9.3/../../../../arm-none-eabi/lib/armv7-m/libc_nano.a(lib_a-fopen.o)
                0x0000000000003c74                _fopen_r
 .text.fopen    0x0000000000003cf4       0x14 /usr/bin/../lib/gcc/arm-none-eabi/4.9.3/../../../../arm-none-eabi/lib/armv7-m/libc_nano.a(lib_a-fopen.o)
                0x0000000000003cf4                fopen
 .text.fprintf  0x0000000000003d08       0x24 /usr/bin/../lib/gcc/arm-none-eabi/4.9.3/../../../../arm-none-eabi/lib/armv7-m/libc_nano.a(lib_a-fprintf.o)
                0x0000000000003d08                fprintf
                0x0000000000003d08                fiprintf
 .text._fputc_r
                0x0000000000003d2c       0x48 /usr/bin/../lib/gcc/arm-none-eabi/4.9.3/../../../../arm-none-eabi/lib/armv7-m/libc_nano.a(lib_a-fputc.o)
                0x0000000000003d2c                _fputc_r
 .text.fputc    0x0000000000003d74       0x14 /usr/bin/../lib/gcc/arm-none-eabi/4.9.3/../../../../arm-none-eabi/lib/armv7-m/libc_nano.a(lib_a-fputc.o)
                0x0000000000003d74                fputc
 .text._fputs_r
                0x0000000000003d88       0xa8 /usr/bin/../lib/gcc/arm-none-eabi/4.9.3/../../../../arm-none-eabi/lib/armv7-m/libc_nano.a(lib_a-fputs.o)
                0x0000000000003d88                _fputs_r
 .text.fputs    0x0000000000003e30       0x14 /usr/bin/../lib/gcc/arm-none-eabi/4.9.3/../../../../arm-none-eabi/lib/armv7-m/libc_nano.a(lib_a-fputs.o)
                0x0000000000003e30                fputs
 .text._freopen_r
                0x0000000000003e44      0x150 /usr/bin/../lib/gcc/arm-none-eabi/4.9.3/../../../../arm-none-eabi/lib/armv7-m/libc_nano.a(lib_a-freopen.o)
                0x0000000000003e44                _freopen_r
 .text.freopen  0x0000000000003f94       0x1c /usr/bin/../lib/gcc/arm-none-eabi/4.9.3/../../../../arm-none-eabi/lib/armv7-m/libc_nano.a(lib_a-freopen.o)
                0x0000000000003f94                freopen
 .text._fseek_r
                0x0000000000003fb0        0x4 /usr/bin/../lib/gcc/arm-none-eabi/4.9.3/../../../../arm-none-eabi/lib/armv7-m/libc_nano.a(lib_a-fseek.o)
                0x0000000000003fb0                _fseek_r
 .text._fseeko_r
                0x0000000000003fb4      0x118 /usr/bin/../lib/gcc/arm-none-eabi/4.9.3/../../../../arm-none-eabi/lib/armv7-m/libc_nano.a(lib_a-fseeko.o)
                0x0000000000003fb4                _fseeko_r
 .text._fwalk   0x00000000000040cc       0x38 /usr/bin/../lib/gcc/arm-none-eabi/4.9.3/../../../../arm-none-eabi/lib/armv7-m/libc_nano.a(lib_a-fwalk.o)
                0x00000000000040cc                _fwalk
 .text._fwalk_reent
                0x0000000000004104       0x3c /usr/bin/../lib/gcc/arm-none-eabi/4.9.3/../../../../arm-none-eabi/lib/armv7-m/libc_nano.a(lib_a-fwalk.o)
                0x0000000000004104                _fwalk_reent
 .text.__libc_init_array
                0x0000000000004140       0x4c /usr/bin/../lib/gcc/arm-none-eabi/4.9.3/../../../../arm-none-eabi/lib/armv7-m/libc_nano.a(lib_a-init.o)
                0x0000000000004140                __libc_init_array
 .text.__smakebuf_r
                0x000000000000418c       0x98 /usr/bin/../lib/gcc/arm-none-eabi/4.9.3/../../../../arm-none-eabi/lib/armv7-m/libc_nano.a(lib_a-makebuf.o)
                0x000000000000418c                __smakebuf_r
 .text.malloc   0x0000000000004224       0x10 /usr/bin/../lib/gcc/arm-none-eabi/4.9.3/../../../../arm-none-eabi/lib/armv7-m/libc_nano.a(lib_a-malloc.o)
                0x0000000000004224                malloc
 .text.free     0x0000000000004234       0x10 /usr/bin/../lib/gcc/arm-none-eabi/4.9.3/../../../../arm-none-eabi/lib/armv7-m/libc_nano.a(lib_a-malloc.o)
                0x0000000000004234                free
 .text.memchr   0x0000000000004244       0x1c /usr/bin/../lib/gcc/arm-none-eabi/4.9.3/../../../../arm-none-eabi/lib/armv7-m/libc_nano.a(lib_a-memchr.o)
                0x0000000000004244                memchr
 .text.memcpy   0x0000000000004260       0x16 /usr/bin/../lib/gcc/arm-none-eabi/4.9.3/../../../../arm-none-eabi/lib/armv7-m/libc_nano.a(lib_a-memcpy.o)
                0x0000000000004260                memcpy
 .text.memset   0x0000000000004276       0x10 /usr/bin/../lib/gcc/arm-none-eabi/4.9.3/../../../../arm-none-eabi/lib/armv7-m/libc_nano.a(lib_a-memset.o)
                0x0000000000004276                memset
 *fill*         0x0000000000004286        0x2 
 .text._free_r  0x0000000000004288       0x88 /usr/bin/../lib/gcc/arm-none-eabi/4.9.3/../../../../arm-none-eabi/lib/armv7-m/libc_nano.a(lib_a-nano-freer.o)
                0x0000000000004288                _free_r
 .text._malloc_r
                0x0000000000004310       0xac /usr/bin/../lib/gcc/arm-none-eabi/4.9.3/../../../../arm-none-eabi/lib/armv7-m/libc_nano.a(lib_a-nano-mallocr.o)
                0x0000000000004310                _malloc_r
 .text.__sfputc_r
                0x00000000000043bc       0x2c /usr/bin/../lib/gcc/arm-none-eabi/4.9.3/../../../../arm-none-eabi/lib/armv7-m/libc_nano.a(lib_a-nano-vfprintf.o)
 .text.__sfputs_r
                0x00000000000043e8       0x24 /usr/bin/../lib/gcc/arm-none-eabi/4.9.3/../../../../arm-none-eabi/lib/armv7-m/libc_nano.a(lib_a-nano-vfprintf.o)
                0x00000000000043e8                __sfputs_r
 .text._vfprintf_r
                0x000000000000440c      0x210 /usr/bin/../lib/gcc/arm-none-eabi/4.9.3/../../../../arm-none-eabi/lib/armv7-m/libc_nano.a(lib_a-nano-vfprintf.o)
                0x000000000000440c                _vfiprintf_r
                0x000000000000440c                _vfprintf_r
 .text.vfprintf
                0x000000000000461c       0x1c /usr/bin/../lib/gcc/arm-none-eabi/4.9.3/../../../../arm-none-eabi/lib/armv7-m/libc_nano.a(lib_a-nano-vfprintf.o)
                0x000000000000461c                vfiprintf
                0x000000000000461c                vfprintf
 .text.__cvt    0x0000000000004638       0xbc /usr/bin/../lib/gcc/arm-none-eabi/4.9.3/../../../../arm-none-eabi/lib/armv7-m/libc_nano.a(lib_a-nano-vfprintf_float.o)
                0x0000000000004638                __cvt
 .text.__exponent
                0x00000000000046f4       0x62 /usr/bin/../lib/gcc/arm-none-eabi/4.9.3/../../../../arm-none-eabi/lib/armv7-m/libc_nano.a(lib_a-nano-vfprintf_float.o)
                0x00000000000046f4                __exponent
 *fill*         0x0000000000004756        0x2 
 .text._printf_float
                0x0000000000004758      0x48c /usr/bin/../lib/gcc/arm-none-eabi/4.9.3/../../../../arm-none-eabi/lib/armv7-m/libc_nano.a(lib_a-nano-vfprintf_float.o)
                0x0000000000004758                _printf_float
 .text._printf_common
                0x0000000000004be4       0xea /usr/bin/../lib/gcc/arm-none-eabi/4.9.3/../../../../arm-none-eabi/lib/armv7-m/libc_nano.a(lib_a-nano-vfprintf_i.o)
                0x0000000000004be4                _printf_common
 *fill*         0x0000000000004cce        0x2 
 .text._printf_i
                0x0000000000004cd0      0x240 /usr/bin/../lib/gcc/arm-none-eabi/4.9.3/../../../../arm-none-eabi/lib/armv7-m/libc_nano.a(lib_a-nano-vfprintf_i.o)
                0x0000000000004cd0                _printf_i
 .text._scanf_float
                0x0000000000004f10      0x3cc /usr/bin/../lib/gcc/arm-none-eabi/4.9.3/../../../../arm-none-eabi/lib/armv7-m/libc_nano.a(lib_a-nano-vfscanf_float.o)
                0x0000000000004f10                _scanf_float
 .text._scanf_chars
                0x00000000000052dc       0xbc /usr/bin/../lib/gcc/arm-none-eabi/4.9.3/../../../../arm-none-eabi/lib/armv7-m/libc_nano.a(lib_a-nano-vfscanf_i.o)
                0x00000000000052dc                _scanf_chars
 .text._scanf_i
                0x0000000000005398      0x1e4 /usr/bin/../lib/gcc/arm-none-eabi/4.9.3/../../../../arm-none-eabi/lib/armv7-m/libc_nano.a(lib_a-nano-vfscanf_i.o)
                0x0000000000005398                _scanf_i
 .text._open_r  0x000000000000557c       0x24 /usr/bin/../lib/gcc/arm-none-eabi/4.9.3/../../../../arm-none-eabi/lib/armv7-m/libc_nano.a(lib_a-openr.o)
                0x000000000000557c                _open_r
 .text._putc_r  0x00000000000055a0       0x78 /usr/bin/../lib/gcc/arm-none-eabi/4.9.3/../../../../arm-none-eabi/lib/armv7-m/libc_nano.a(lib_a-putc.o)
                0x00000000000055a0                _putc_r
 .text.lflush   0x0000000000005618       0x12 /usr/bin/../lib/gcc/arm-none-eabi/4.9.3/../../../../arm-none-eabi/lib/armv7-m/libc_nano.a(lib_a-refill.o)
 *fill*         0x000000000000562a        0x2 
 .text.__srefill_r
                0x000000000000562c      0x10c /usr/bin/../lib/gcc/arm-none-eabi/4.9.3/../../../../arm-none-eabi/lib/armv7-m/libc_nano.a(lib_a-refill.o)
                0x000000000000562c                __srefill_r
 .text.__srget_r
                0x0000000000005738       0x58 /usr/bin/../lib/gcc/arm-none-eabi/4.9.3/../../../../arm-none-eabi/lib/armv7-m/libc_nano.a(lib_a-rget.o)
                0x0000000000005738                __srget_r
 .text.__fpclassifyd
                0x0000000000005790       0x50 /usr/bin/../lib/gcc/arm-none-eabi/4.9.3/../../../../arm-none-eabi/lib/armv7-m/libc_nano.a(lib_a-s_fpclassify.o)
                0x0000000000005790                __fpclassifyd
 .text._sbrk_r  0x00000000000057e0       0x20 /usr/bin/../lib/gcc/arm-none-eabi/4.9.3/../../../../arm-none-eabi/lib/armv7-m/libc_nano.a(lib_a-sbrkr.o)
                0x00000000000057e0                _sbrk_r
 .text.__sccl   0x0000000000005800       0x62 /usr/bin/../lib/gcc/arm-none-eabi/4.9.3/../../../../arm-none-eabi/lib/armv7-m/libc_nano.a(lib_a-sccl.o)
                0x0000000000005800                __sccl
 .text.setbuf   0x0000000000005862       0x10 /usr/bin/../lib/gcc/arm-none-eabi/4.9.3/../../../../arm-none-eabi/lib/armv7-m/libc_nano.a(lib_a-setbuf.o)
                0x0000000000005862                setbuf
 *fill*         0x0000000000005872        0x2 
 .text.setvbuf  0x0000000000005874      0x110 /usr/bin/../lib/gcc/arm-none-eabi/4.9.3/../../../../arm-none-eabi/lib/armv7-m/libc_nano.a(lib_a-setvbuf.o)
                0x0000000000005874                setvbuf
 .text.nanf     0x0000000000005984        0x8 /usr/bin/../lib/gcc/arm-none-eabi/4.9.3/../../../../arm-none-eabi/lib/armv7-m/libc_nano.a(lib_a-sf_nan.o)
                0x0000000000005984                nanf
 .text._raise_r
                0x000000000000598c       0x50 /usr/bin/../lib/gcc/arm-none-eabi/4.9.3/../../../../arm-none-eabi/lib/armv7-m/libc_nano.a(lib_a-signal.o)
                0x000000000000598c                _raise_r
 .text.raise    0x00000000000059dc       0x10 /usr/bin/../lib/gcc/arm-none-eabi/4.9.3/../../../../arm-none-eabi/lib/armv7-m/libc_nano.a(lib_a-signal.o)
                0x00000000000059dc                raise
 .text._kill_r  0x00000000000059ec       0x24 /usr/bin/../lib/gcc/arm-none-eabi/4.9.3/../../../../arm-none-eabi/lib/armv7-m/libc_nano.a(lib_a-signalr.o)
                0x00000000000059ec                _kill_r
 .text._getpid_r
                0x0000000000005a10        0x4 /usr/bin/../lib/gcc/arm-none-eabi/4.9.3/../../../../arm-none-eabi/lib/armv7-m/libc_nano.a(lib_a-signalr.o)
                0x0000000000005a10                _getpid_r
 .text.sprintf  0x0000000000005a14       0x48 /usr/bin/../lib/gcc/arm-none-eabi/4.9.3/../../../../arm-none-eabi/lib/armv7-m/libc_nano.a(lib_a-sprintf.o)
                0x0000000000005a14                sprintf
                0x0000000000005a14                siprintf
 .text.sscanf   0x0000000000005a5c       0x54 /usr/bin/../lib/gcc/arm-none-eabi/4.9.3/../../../../arm-none-eabi/lib/armv7-m/libc_nano.a(lib_a-sscanf.o)
                0x0000000000005a5c                sscanf
                0x0000000000005a5c                siscanf
 .text.__sread  0x0000000000005ab0       0x22 /usr/bin/../lib/gcc/arm-none-eabi/4.9.3/../../../../arm-none-eabi/lib/armv7-m/libc_nano.a(lib_a-stdio.o)
                0x0000000000005ab0                __sread
 .text.__seofread
                0x0000000000005ad2        0x4 /usr/bin/../lib/gcc/arm-none-eabi/4.9.3/../../../../arm-none-eabi/lib/armv7-m/libc_nano.a(lib_a-stdio.o)
                0x0000000000005ad2                __seofread
 .text.__swrite
                0x0000000000005ad6       0x38 /usr/bin/../lib/gcc/arm-none-eabi/4.9.3/../../../../arm-none-eabi/lib/armv7-m/libc_nano.a(lib_a-stdio.o)
                0x0000000000005ad6                __swrite
 .text.__sseek  0x0000000000005b0e       0x24 /usr/bin/../lib/gcc/arm-none-eabi/4.9.3/../../../../arm-none-eabi/lib/armv7-m/libc_nano.a(lib_a-stdio.o)
                0x0000000000005b0e                __sseek
 .text.__sclose
                0x0000000000005b32        0x8 /usr/bin/../lib/gcc/arm-none-eabi/4.9.3/../../../../arm-none-eabi/lib/armv7-m/libc_nano.a(lib_a-stdio.o)
                0x0000000000005b32                __sclose
 .text          0x0000000000005b3a       0x14 /usr/bin/../lib/gcc/arm-none-eabi/4.9.3/../../../../arm-none-eabi/lib/armv7-m/libc_nano.a(lib_a-strcmp.o)
                0x0000000000005b3a                strcmp
 .text.strlen   0x0000000000005b4e       0x10 /usr/bin/../lib/gcc/arm-none-eabi/4.9.3/../../../../arm-none-eabi/lib/armv7-m/libc_nano.a(lib_a-strlen.o)
                0x0000000000005b4e                strlen
 .text.strncmp  0x0000000000005b5e       0x32 /usr/bin/../lib/gcc/arm-none-eabi/4.9.3/../../../../arm-none-eabi/lib/armv7-m/libc_nano.a(lib_a-strncmp.o)
                0x0000000000005b5e                strncmp
 .text.match    0x0000000000005b90       0x26 /usr/bin/../lib/gcc/arm-none-eabi/4.9.3/../../../../arm-none-eabi/lib/armv7-m/libc_nano.a(lib_a-strtod.o)
 .text.sulp     0x0000000000005bb6       0x42 /usr/bin/../lib/gcc/arm-none-eabi/4.9.3/../../../../arm-none-eabi/lib/armv7-m/libc_nano.a(lib_a-strtod.o)
 .text._strtod_r
                0x0000000000005bf8      0xc40 /usr/bin/../lib/gcc/arm-none-eabi/4.9.3/../../../../arm-none-eabi/lib/armv7-m/libc_nano.a(lib_a-strtod.o)
                0x0000000000005bf8                _strtod_r
 .text._strtol_r
                0x0000000000006838      0x10c /usr/bin/../lib/gcc/arm-none-eabi/4.9.3/../../../../arm-none-eabi/lib/armv7-m/libc_nano.a(lib_a-strtol.o)
                0x0000000000006838                _strtol_r
 .text._strtoul_r
                0x0000000000006944       0xf8 /usr/bin/../lib/gcc/arm-none-eabi/4.9.3/../../../../arm-none-eabi/lib/armv7-m/libc_nano.a(lib_a-strtoul.o)
                0x0000000000006944                _strtoul_r
 .text.__submore
                0x0000000000006a3c       0x72 /usr/bin/../lib/gcc/arm-none-eabi/4.9.3/../../../../arm-none-eabi/lib/armv7-m/libc_nano.a(lib_a-ungetc.o)
                0x0000000000006a3c                __submore
 *fill*         0x0000000000006aae        0x2 
 .text.__swbuf_r
                0x0000000000006ab0       0xa8 /usr/bin/../lib/gcc/arm-none-eabi/4.9.3/../../../../arm-none-eabi/lib/armv7-m/libc_nano.a(lib_a-wbuf.o)
                0x0000000000006ab0                __swbuf_r
 .text._write_r
                0x0000000000006b58       0x24 /usr/bin/../lib/gcc/arm-none-eabi/4.9.3/../../../../arm-none-eabi/lib/armv7-m/libc_nano.a(lib_a-writer.o)
                0x0000000000006b58                _write_r
 .text.__swsetup_r
                0x0000000000006b7c       0xd8 /usr/bin/../lib/gcc/arm-none-eabi/4.9.3/../../../../arm-none-eabi/lib/armv7-m/libc_nano.a(lib_a-wsetup.o)
                0x0000000000006b7c                __swsetup_r
 .text._close_r
                0x0000000000006c54       0x20 /usr/bin/../lib/gcc/arm-none-eabi/4.9.3/../../../../arm-none-eabi/lib/armv7-m/libc_nano.a(lib_a-closer.o)
                0x0000000000006c54                _close_r
 .text.quorem   0x0000000000006c74      0x114 /usr/bin/../lib/gcc/arm-none-eabi/4.9.3/../../../../arm-none-eabi/lib/armv7-m/libc_nano.a(lib_a-dtoa.o)
 .text._dtoa_r  0x0000000000006d88      0xb78 /usr/bin/../lib/gcc/arm-none-eabi/4.9.3/../../../../arm-none-eabi/lib/armv7-m/libc_nano.a(lib_a-dtoa.o)
                0x0000000000006d88                _dtoa_r
 .text.__sflags
                0x0000000000007900       0x6e /usr/bin/../lib/gcc/arm-none-eabi/4.9.3/../../../../arm-none-eabi/lib/armv7-m/libc_nano.a(lib_a-flags.o)
                0x0000000000007900                __sflags
 *fill*         0x000000000000796e        0x2 
 .text._fstat_r
                0x0000000000007970       0x24 /usr/bin/../lib/gcc/arm-none-eabi/4.9.3/../../../../arm-none-eabi/lib/armv7-m/libc_nano.a(lib_a-fstatr.o)
                0x0000000000007970                _fstat_r
 .text.rshift   0x0000000000007994       0x6c /usr/bin/../lib/gcc/arm-none-eabi/4.9.3/../../../../arm-none-eabi/lib/armv7-m/libc_nano.a(lib_a-gdtoa-gethex.o)
 .text.__hexdig_fun
                0x0000000000007a00       0x2a /usr/bin/../lib/gcc/arm-none-eabi/4.9.3/../../../../arm-none-eabi/lib/armv7-m/libc_nano.a(lib_a-gdtoa-gethex.o)
                0x0000000000007a00                __hexdig_fun
 .text.__gethex
                0x0000000000007a2a      0x44a /usr/bin/../lib/gcc/arm-none-eabi/4.9.3/../../../../arm-none-eabi/lib/armv7-m/libc_nano.a(lib_a-gdtoa-gethex.o)
                0x0000000000007a2a                __gethex
 .text.L_shift  0x0000000000007e74       0x24 /usr/bin/../lib/gcc/arm-none-eabi/4.9.3/../../../../arm-none-eabi/lib/armv7-m/libc_nano.a(lib_a-gdtoa-hexnan.o)
 .text.__hexnan
                0x0000000000007e98      0x114 /usr/bin/../lib/gcc/arm-none-eabi/4.9.3/../../../../arm-none-eabi/lib/armv7-m/libc_nano.a(lib_a-gdtoa-hexnan.o)
                0x0000000000007e98                __hexnan
 .text._isatty_r
                0x0000000000007fac       0x20 /usr/bin/../lib/gcc/arm-none-eabi/4.9.3/../../../../arm-none-eabi/lib/armv7-m/libc_nano.a(lib_a-isattyr.o)
                0x0000000000007fac                _isatty_r
 .text._localeconv_r
                0x0000000000007fcc        0x8 /usr/bin/../lib/gcc/arm-none-eabi/4.9.3/../../../../arm-none-eabi/lib/armv7-m/libc_nano.a(lib_a-locale.o)
                0x0000000000007fcc                _localeconv_r
 .text._lseek_r
                0x0000000000007fd4       0x24 /usr/bin/../lib/gcc/arm-none-eabi/4.9.3/../../../../arm-none-eabi/lib/armv7-m/libc_nano.a(lib_a-lseekr.o)
                0x0000000000007fd4                _lseek_r
 .text.memmove  0x0000000000007ff8       0x36 /usr/bin/../lib/gcc/arm-none-eabi/4.9.3/../../../../arm-none-eabi/lib/armv7-m/libc_nano.a(lib_a-memmove.o)
                0x0000000000007ff8                memmove
 .text._Balloc  0x000000000000802e       0x6a /usr/bin/../lib/gcc/arm-none-eabi/4.9.3/../../../../arm-none-eabi/lib/armv7-m/libc_nano.a(lib_a-mprec.o)
                0x000000000000802e                _Balloc
 .text._Bfree   0x0000000000008098       0x2e /usr/bin/../lib/gcc/arm-none-eabi/4.9.3/../../../../arm-none-eabi/lib/armv7-m/libc_nano.a(lib_a-mprec.o)
                0x0000000000008098                _Bfree
 .text.__multadd
                0x00000000000080c6       0x7c /usr/bin/../lib/gcc/arm-none-eabi/4.9.3/../../../../arm-none-eabi/lib/armv7-m/libc_nano.a(lib_a-mprec.o)
                0x00000000000080c6                __multadd
 .text.__s2b    0x0000000000008142       0x80 /usr/bin/../lib/gcc/arm-none-eabi/4.9.3/../../../../arm-none-eabi/lib/armv7-m/libc_nano.a(lib_a-mprec.o)
                0x0000000000008142                __s2b
 .text.__hi0bits
                0x00000000000081c2       0x40 /usr/bin/../lib/gcc/arm-none-eabi/4.9.3/../../../../arm-none-eabi/lib/armv7-m/libc_nano.a(lib_a-mprec.o)
                0x00000000000081c2                __hi0bits
 .text.__lo0bits
                0x0000000000008202       0x5a /usr/bin/../lib/gcc/arm-none-eabi/4.9.3/../../../../arm-none-eabi/lib/armv7-m/libc_nano.a(lib_a-mprec.o)
                0x0000000000008202                __lo0bits
 .text.__i2b    0x000000000000825c       0x12 /usr/bin/../lib/gcc/arm-none-eabi/4.9.3/../../../../arm-none-eabi/lib/armv7-m/libc_nano.a(lib_a-mprec.o)
                0x000000000000825c                __i2b
 .text.__multiply
                0x000000000000826e      0x120 /usr/bin/../lib/gcc/arm-none-eabi/4.9.3/../../../../arm-none-eabi/lib/armv7-m/libc_nano.a(lib_a-mprec.o)
                0x000000000000826e                __multiply
 *fill*         0x000000000000838e        0x2 
 .text.__pow5mult
                0x0000000000008390       0x9c /usr/bin/../lib/gcc/arm-none-eabi/4.9.3/../../../../arm-none-eabi/lib/armv7-m/libc_nano.a(lib_a-mprec.o)
                0x0000000000008390                __pow5mult
 .text.__lshift
                0x000000000000842c       0xa6 /usr/bin/../lib/gcc/arm-none-eabi/4.9.3/../../../../arm-none-eabi/lib/armv7-m/libc_nano.a(lib_a-mprec.o)
                0x000000000000842c                __lshift
 .text.__mcmp   0x00000000000084d2       0x38 /usr/bin/../lib/gcc/arm-none-eabi/4.9.3/../../../../arm-none-eabi/lib/armv7-m/libc_nano.a(lib_a-mprec.o)
                0x00000000000084d2                __mcmp
 .text.__mdiff  0x000000000000850a       0xbe /usr/bin/../lib/gcc/arm-none-eabi/4.9.3/../../../../arm-none-eabi/lib/armv7-m/libc_nano.a(lib_a-mprec.o)
                0x000000000000850a                __mdiff
 .text.__ulp    0x00000000000085c8       0x48 /usr/bin/../lib/gcc/arm-none-eabi/4.9.3/../../../../arm-none-eabi/lib/armv7-m/libc_nano.a(lib_a-mprec.o)
                0x00000000000085c8                __ulp
 .text.__b2d    0x0000000000008610       0x9e /usr/bin/../lib/gcc/arm-none-eabi/4.9.3/../../../../arm-none-eabi/lib/armv7-m/libc_nano.a(lib_a-mprec.o)
                0x0000000000008610                __b2d
 .text.__d2b    0x00000000000086ae       0xa4 /usr/bin/../lib/gcc/arm-none-eabi/4.9.3/../../../../arm-none-eabi/lib/armv7-m/libc_nano.a(lib_a-mprec.o)
                0x00000000000086ae                __d2b
 .text.__ratio  0x0000000000008752       0x50 /usr/bin/../lib/gcc/arm-none-eabi/4.9.3/../../../../arm-none-eabi/lib/armv7-m/libc_nano.a(lib_a-mprec.o)
                0x0000000000008752                __ratio
 .text.__copybits
                0x00000000000087a2       0x34 /usr/bin/../lib/gcc/arm-none-eabi/4.9.3/../../../../arm-none-eabi/lib/armv7-m/libc_nano.a(lib_a-mprec.o)
                0x00000000000087a2                __copybits
 .text.__any_on
                0x00000000000087d6       0x44 /usr/bin/../lib/gcc/arm-none-eabi/4.9.3/../../../../arm-none-eabi/lib/armv7-m/libc_nano.a(lib_a-mprec.o)
                0x00000000000087d6                __any_on
 .text._calloc_r
                0x000000000000881a       0x1c /usr/bin/../lib/gcc/arm-none-eabi/4.9.3/../../../../arm-none-eabi/lib/armv7-m/libc_nano.a(lib_a-nano-callocr.o)
                0x000000000000881a                _calloc_r
 .text._realloc_r
                0x0000000000008836       0x4c /usr/bin/../lib/gcc/arm-none-eabi/4.9.3/../../../../arm-none-eabi/lib/armv7-m/libc_nano.a(lib_a-nano-reallocr.o)
                0x0000000000008836                _realloc_r
 .text.__ssputs_r
                0x0000000000008882       0xb2 /usr/bin/../lib/gcc/arm-none-eabi/4.9.3/../../../../arm-none-eabi/lib/armv7-m/libc_nano.a(lib_a-nano-svfprintf.o)
                0x0000000000008882                __ssputs_r
 .text._svfprintf_r
                0x0000000000008934      0x1e4 /usr/bin/../lib/gcc/arm-none-eabi/4.9.3/../../../../arm-none-eabi/lib/armv7-m/libc_nano.a(lib_a-nano-svfprintf.o)
                0x0000000000008934                _svfprintf_r
                0x0000000000008934                _svfiprintf_r
 .text._sungetc_r
                0x0000000000008b18       0x7a /usr/bin/../lib/gcc/arm-none-eabi/4.9.3/../../../../arm-none-eabi/lib/armv7-m/libc_nano.a(lib_a-nano-svfscanf.o)
                0x0000000000008b18                _sungetc_r
 .text.__ssrefill_r
                0x0000000000008b92       0x3a /usr/bin/../lib/gcc/arm-none-eabi/4.9.3/../../../../arm-none-eabi/lib/armv7-m/libc_nano.a(lib_a-nano-svfscanf.o)
                0x0000000000008b92                __ssrefill_r
 .text.__ssvfscanf_r
                0x0000000000008bcc      0x29c /usr/bin/../lib/gcc/arm-none-eabi/4.9.3/../../../../arm-none-eabi/lib/armv7-m/libc_nano.a(lib_a-nano-svfscanf.o)
                0x0000000000008bcc                __ssvfscanf_r
                0x0000000000008bcc                __ssvfiscanf_r
 .text._read_r  0x0000000000008e68       0x24 /usr/bin/../lib/gcc/arm-none-eabi/4.9.3/../../../../arm-none-eabi/lib/armv7-m/libc_nano.a(lib_a-readr.o)
                0x0000000000008e68                _read_r
 .text._malloc_usable_size_r
                0x0000000000008e8c       0x14 /usr/bin/../lib/gcc/arm-none-eabi/4.9.3/../../../../arm-none-eabi/lib/armv7-m/libc_nano.a(lib_a-nano-msizer.o)
                0x0000000000008e8c                _malloc_usable_size_r
 .text          0x0000000000008ea0      0x370 /usr/bin/../lib/gcc/arm-none-eabi/4.9.3/armv7-m/libgcc.a(_arm_addsubdf3.o)
                0x0000000000008ea0                __aeabi_drsub
                0x0000000000008ea8                __aeabi_dsub
                0x0000000000008ea8                __subdf3
                0x0000000000008eac                __adddf3
                0x0000000000008eac                __aeabi_dadd
                0x0000000000009124                __aeabi_ui2d
                0x0000000000009124                __floatunsidf
                0x0000000000009144                __floatsidf
                0x0000000000009144                __aeabi_i2d
                0x0000000000009168                __extendsfdf2
                0x0000000000009168                __aeabi_f2d
                0x00000000000091a4                __aeabi_ul2d
                0x00000000000091a4                __floatundidf
                0x00000000000091b4                __floatdidf
                0x00000000000091b4                __aeabi_l2d
 .text          0x0000000000009210      0x424 /usr/bin/../lib/gcc/arm-none-eabi/4.9.3/armv7-m/libgcc.a(_arm_muldivdf3.o)
                0x0000000000009210                __aeabi_dmul
                0x0000000000009210                __muldf3
                0x0000000000009464                __aeabi_ddiv
                0x0000000000009464                __divdf3
 .text          0x0000000000009634      0x110 /usr/bin/../lib/gcc/arm-none-eabi/4.9.3/armv7-m/libgcc.a(_arm_cmpdf2.o)
                0x0000000000009634                __gtdf2
                0x0000000000009634                __gedf2
                0x000000000000963c                __ltdf2
                0x000000000000963c                __ledf2
                0x0000000000009644                __cmpdf2
                0x0000000000009644                __eqdf2
                0x0000000000009644                __nedf2
                0x00000000000096c0                __aeabi_cdrcmple
                0x00000000000096d0                __aeabi_cdcmple
                0x00000000000096d0                __aeabi_cdcmpeq
                0x00000000000096e0                __aeabi_dcmpeq
                0x00000000000096f4                __aeabi_dcmplt
                0x0000000000009708                __aeabi_dcmple
                0x000000000000971c                __aeabi_dcmpge
                0x0000000000009730                __aeabi_dcmpgt
 .text          0x0000000000009744       0x50 /usr/bin/../lib/gcc/arm-none-eabi/4.9.3/armv7-m/libgcc.a(_arm_fixdfsi.o)
                0x0000000000009744                __fixdfsi
                0x0000000000009744                __aeabi_d2iz
 .text          0x0000000000009794       0x40 /usr/bin/../lib/gcc/arm-none-eabi/4.9.3/armv7-m/libgcc.a(_arm_fixunsdfsi.o)
                0x0000000000009794                __fixunsdfsi
                0x0000000000009794                __aeabi_d2uiz
 .text          0x00000000000097d4       0xa0 /usr/bin/../lib/gcc/arm-none-eabi/4.9.3/armv7-m/libgcc.a(_arm_truncdfsf2.o)
                0x00000000000097d4                __aeabi_d2f
                0x00000000000097d4                __truncdfsf2
 .text          0x0000000000009874      0x21c /usr/bin/../lib/gcc/arm-none-eabi/4.9.3/armv7-m/libgcc.a(_arm_addsubsf3.o)
                0x0000000000009874                __aeabi_frsub
                0x000000000000987c                __subsf3
                0x000000000000987c                __aeabi_fsub
                0x0000000000009880                __aeabi_fadd
                0x0000000000009880                __addsf3
                0x00000000000099e0                __aeabi_ui2f
                0x00000000000099e0                __floatunsisf
                0x00000000000099e8                __aeabi_i2f
                0x00000000000099e8                __floatsisf
                0x0000000000009a04                __floatundisf
                0x0000000000009a04                __aeabi_ul2f
                0x0000000000009a14                __floatdisf
                0x0000000000009a14                __aeabi_l2f
 .text          0x0000000000009a90      0x2a0 /usr/bin/../lib/gcc/arm-none-eabi/4.9.3/armv7-m/libgcc.a(_arm_muldivsf3.o)
                0x0000000000009a90                __mulsf3
                0x0000000000009a90                __aeabi_fmul
                0x0000000000009bf8                __divsf3
                0x0000000000009bf8                __aeabi_fdiv
 .text          0x0000000000009d30       0xec /usr/bin/../lib/gcc/arm-none-eabi/4.9.3/armv7-m/libgcc.a(_arm_cmpsf2.o)
                0x0000000000009d30                __gtsf2
                0x0000000000009d30                __gesf2
                0x0000000000009d38                __lesf2
                0x0000000000009d38                __ltsf2
                0x0000000000009d40                __nesf2
                0x0000000000009d40                __eqsf2
                0x0000000000009d40                __cmpsf2
                0x0000000000009da0                __aeabi_cfrcmple
                0x0000000000009da8                __aeabi_cfcmple
                0x0000000000009da8                __aeabi_cfcmpeq
                0x0000000000009db8                __aeabi_fcmpeq
                0x0000000000009dcc                __aeabi_fcmplt
                0x0000000000009de0                __aeabi_fcmple
                0x0000000000009df4                __aeabi_fcmpge
                0x0000000000009e08                __aeabi_fcmpgt
 .text          0x0000000000009e1c       0x4c /usr/bin/../lib/gcc/arm-none-eabi/4.9.3/armv7-m/libgcc.a(_arm_fixsfsi.o)
                0x0000000000009e1c                __fixsfsi
                0x0000000000009e1c                __aeabi_f2iz
 .text          0x0000000000009e68       0x40 /usr/bin/../lib/gcc/arm-none-eabi/4.9.3/armv7-m/libgcc.a(_arm_fixunssfsi.o)
                0x0000000000009e68                __aeabi_f2uiz
                0x0000000000009e68                __fixunssfsi
 .text._getpid  0x0000000000009ea8       0x10 /usr/bin/../lib/gcc/arm-none-eabi/4.9.3/../../../../arm-none-eabi/lib/armv7-m/libnosys.a(getpid.o)
                0x0000000000009ea8                _getpid
 .text._kill    0x0000000000009eb8       0x10 /usr/bin/../lib/gcc/arm-none-eabi/4.9.3/../../../../arm-none-eabi/lib/armv7-m/libnosys.a(kill.o)
                0x0000000000009eb8                _kill
 *(.init)
 .init          0x0000000000009ec8        0x4 /usr/bin/../lib/gcc/arm-none-eabi/4.9.3/armv7-m/crti.o
                0x0000000000009ec8                _init
 .init          0x0000000000009ecc        0x8 /usr/bin/../lib/gcc/arm-none-eabi/4.9.3/armv7-m/crtn.o
 *(.fini)
 .fini          0x0000000000009ed4        0x4 /usr/bin/../lib/gcc/arm-none-eabi/4.9.3/armv7-m/crti.o
                0x0000000000009ed4                _fini
 .fini          0x0000000000009ed8        0x8 /usr/bin/../lib/gcc/arm-none-eabi/4.9.3/armv7-m/crtn.o
 *crtbegin.o(.ctors)
 *crtbegin?.o(.ctors)
 *(EXCLUDE_FILE(*crtend.o *crtend?.o) .ctors)
 *(SORT(.ctors.*))
 *(.ctors)
 *crtbegin.o(.dtors)
 *crtbegin?.o(.dtors)
 *(EXCLUDE_FILE(*crtend.o *crtend?.o) .dtors)
 *(SORT(.dtors.*))
 *(.dtors)
 *(.rodata*)
 .rodata._ZTV7GT511C3
                0x0000000000009ee0       0x60 main.o
                0x0000000000009ee0                vtable for GT511C3
 .rodata.str1.1
                0x0000000000009f40      0x1f4 main.o
                                        0x1f9 (size before relaxing)
 .rodata        0x000000000000a134        0x8 GT511C3/GT511C3.o
 .rodata.str1.1
                0x000000000000a13c       0x72 GT511C3/GT511C3.o
                                         0x81 (size before relaxing)
 *fill*         0x000000000000a1ae        0x2 
 .rodata._ZTV11TextDisplay
                0x000000000000a1b0       0x68 C12832/TextDisplay.o
                0x000000000000a1b0                vtable for TextDisplay
 .rodata.str1.1
                0x000000000000a218       0x5c C12832/TextDisplay.o
 .rodata._ZL7Small_7
                0x000000000000a274      0x724 C12832/C12832.o
 .rodata._ZTV6C12832
                0x000000000000a998       0x88 C12832/C12832.o
                0x000000000000a998                vtable for C12832
 .rodata._ZL7FONT8x8
                0x000000000000aa20      0x308 C12832/GraphicsDisplay.o
 .rodata._ZTV15GraphicsDisplay
                0x000000000000ad28       0x88 C12832/GraphicsDisplay.o
                0x000000000000ad28                vtable for GraphicsDisplay
 .rodata.__stdin_name
                0x000000000000adb0        0x8 mbed/TARGET_LPC1768/TOOLCHAIN_GCC_ARM/retarget.o
                0x000000000000adb0                __stdin_name
 .rodata.__stderr_name
                0x000000000000adb8        0x8 mbed/TARGET_LPC1768/TOOLCHAIN_GCC_ARM/retarget.o
                0x000000000000adb8                __stderr_name
 .rodata.__stdout_name
                0x000000000000adc0        0x8 mbed/TARGET_LPC1768/TOOLCHAIN_GCC_ARM/retarget.o
                0x000000000000adc0                __stdout_name
 .rodata._ZTVN4mbed10FileHandleE
                0x000000000000adc8       0x30 mbed/TARGET_LPC1768/TOOLCHAIN_GCC_ARM/retarget.o
                0x000000000000adc8                vtable for mbed::FileHandle
 .rodata.str1.4
                0x000000000000adf8        0xe mbed/TARGET_LPC1768/TOOLCHAIN_GCC_ARM/retarget.o
                                         0x10 (size before relaxing)
 *fill*         0x000000000000ae06        0x2 
 .rodata.str1.4
                0x000000000000ae08       0x80 mbed/TARGET_LPC1768/TOOLCHAIN_GCC_ARM/board.o
 .rodata.PinMap_PWM
                0x000000000000ae88       0xb4 ./mbed/TARGET_LPC1768/TOOLCHAIN_GCC_ARM/libmbed.a(pwmout_api.o)
 .rodata.str1.4
                0x000000000000af3c       0x7c ./mbed/TARGET_LPC1768/TOOLCHAIN_GCC_ARM/libmbed.a(pwmout_api.o)
 .rodata.PinMap_UART_RTS
                0x000000000000afb8       0x24 ./mbed/TARGET_LPC1768/TOOLCHAIN_GCC_ARM/libmbed.a(serial_api.o)
 .rodata.CSWTCH.24
                0x000000000000afdc       0x10 ./mbed/TARGET_LPC1768/TOOLCHAIN_GCC_ARM/libmbed.a(serial_api.o)
 .rodata.PinMap_UART_RX
                0x000000000000afec       0x6c ./mbed/TARGET_LPC1768/TOOLCHAIN_GCC_ARM/libmbed.a(serial_api.o)
 .rodata.str1.4
                0x000000000000b058      0x1d0 ./mbed/TARGET_LPC1768/TOOLCHAIN_GCC_ARM/libmbed.a(serial_api.o)
                                        0x1e8 (size before relaxing)
 .rodata.PinMap_UART_TX
                0x000000000000b228       0x6c ./mbed/TARGET_LPC1768/TOOLCHAIN_GCC_ARM/libmbed.a(serial_api.o)
 .rodata.PinMap_UART_CTS
                0x000000000000b294       0x24 ./mbed/TARGET_LPC1768/TOOLCHAIN_GCC_ARM/libmbed.a(serial_api.o)
 .rodata._ZTVN4mbed11InterruptInE
                0x000000000000b2b8       0x10 ./mbed/TARGET_LPC1768/TOOLCHAIN_GCC_ARM/libmbed.a(InterruptIn.o)
                0x000000000000b2b8                vtable for mbed::InterruptIn
 .rodata._ZTVN4mbed3SPIE
                0x000000000000b2c8       0x18 ./mbed/TARGET_LPC1768/TOOLCHAIN_GCC_ARM/libmbed.a(SPI.o)
                0x000000000000b2c8                vtable for mbed::SPI
 .rodata._ZTVN4mbed10SerialBaseE
                0x000000000000b2e0       0x10 ./mbed/TARGET_LPC1768/TOOLCHAIN_GCC_ARM/libmbed.a(SerialBase.o)
                0x000000000000b2e0                vtable for mbed::SerialBase
 .rodata._ZTVN4mbed6StreamE
                0x000000000000b2f0       0x48 ./mbed/TARGET_LPC1768/TOOLCHAIN_GCC_ARM/libmbed.a(Stream.o)
                0x000000000000b2f0                vtable for mbed::Stream
 .rodata.str1.4
                0x000000000000b338        0x3 ./mbed/TARGET_LPC1768/TOOLCHAIN_GCC_ARM/libmbed.a(Stream.o)
                                          0x8 (size before relaxing)
 *fill*         0x000000000000b33b        0x5 
 .rodata._ZTVN4mbed6SerialE
                0x000000000000b340       0x60 ./mbed/TARGET_LPC1768/TOOLCHAIN_GCC_ARM/libmbed.a(Serial.o)
                0x000000000000b340                vtable for mbed::Serial
 .rodata.str1.4
                0x000000000000b3a0       0x31 ./mbed/TARGET_LPC1768/TOOLCHAIN_GCC_ARM/libmbed.a(assert.o)
                                         0x34 (size before relaxing)
 .rodata.str1.4
                0x0000000000000000       0x80 ./mbed/TARGET_LPC1768/TOOLCHAIN_GCC_ARM/libmbed.a(gpio.o)
 *fill*         0x000000000000b3d1        0x3 
 .rodata.str1.4
                0x000000000000b3d4       0x66 ./mbed/TARGET_LPC1768/TOOLCHAIN_GCC_ARM/libmbed.a(pinmap_common.o)
                                         0x68 (size before relaxing)
 *fill*         0x000000000000b43a        0x2 
 .rodata.str1.4
                0x000000000000b43c       0x7a ./mbed/TARGET_LPC1768/TOOLCHAIN_GCC_ARM/libmbed.a(gpio_api.o)
                                         0x94 (size before relaxing)
 *fill*         0x000000000000b4b6        0x2 
 .rodata.str1.4
                0x000000000000b4b8       0x2d ./mbed/TARGET_LPC1768/TOOLCHAIN_GCC_ARM/libmbed.a(gpio_irq_api.o)
                                         0x30 (size before relaxing)
 *fill*         0x000000000000b4e5        0x3 
 .rodata.str1.4
                0x000000000000b4e8       0x64 ./mbed/TARGET_LPC1768/TOOLCHAIN_GCC_ARM/libmbed.a(pinmap.o)
                                         0x78 (size before relaxing)
 .rodata.PinMap_SPI_MISO
                0x000000000000b54c       0x3c ./mbed/TARGET_LPC1768/TOOLCHAIN_GCC_ARM/libmbed.a(spi_api.o)
 .rodata.PinMap_SPI_SCLK
                0x000000000000b588       0x3c ./mbed/TARGET_LPC1768/TOOLCHAIN_GCC_ARM/libmbed.a(spi_api.o)
 .rodata.str1.4