Archive member included because of file (symbol)

./mbed/TARGET_LPC1768/TOOLCHAIN_GCC_ARM/libmbed.a(serial_api.o)
                              mbed/TARGET_LPC1768/TOOLCHAIN_GCC_ARM/retarget.o (serial_getc)
./mbed/TARGET_LPC1768/TOOLCHAIN_GCC_ARM/libmbed.a(FilePath.o)
                              mbed/TARGET_LPC1768/TOOLCHAIN_GCC_ARM/retarget.o (mbed::FilePath::FilePath(char const*))
./mbed/TARGET_LPC1768/TOOLCHAIN_GCC_ARM/libmbed.a(FileSystemLike.o)
                              mbed/TARGET_LPC1768/TOOLCHAIN_GCC_ARM/retarget.o (mbed::FileSystemLike::opendir())
./mbed/TARGET_LPC1768/TOOLCHAIN_GCC_ARM/libmbed.a(SerialBase.o)
                              main.o (mbed::SerialBase::baud(int))
./mbed/TARGET_LPC1768/TOOLCHAIN_GCC_ARM/libmbed.a(Stream.o)
                              main.o (mbed::Stream::~Stream())
./mbed/TARGET_LPC1768/TOOLCHAIN_GCC_ARM/libmbed.a(Serial.o)
                              main.o (mbed::Serial::Serial(PinName, PinName, char const*))
./mbed/TARGET_LPC1768/TOOLCHAIN_GCC_ARM/libmbed.a(assert.o)
                              mbed/TARGET_LPC1768/TOOLCHAIN_GCC_ARM/board.o (mbed_assert_internal)
./mbed/TARGET_LPC1768/TOOLCHAIN_GCC_ARM/libmbed.a(error.o)
                              mbed/TARGET_LPC1768/TOOLCHAIN_GCC_ARM/retarget.o (error)
./mbed/TARGET_LPC1768/TOOLCHAIN_GCC_ARM/libmbed.a(mbed_interface.o)
                              mbed/TARGET_LPC1768/TOOLCHAIN_GCC_ARM/retarget.o (mbed_interface_connected)
./mbed/TARGET_LPC1768/TOOLCHAIN_GCC_ARM/libmbed.a(gpio.o)
                              main.o (gpio_init_in)
./mbed/TARGET_LPC1768/TOOLCHAIN_GCC_ARM/libmbed.a(pinmap_common.o)
                              ./mbed/TARGET_LPC1768/TOOLCHAIN_GCC_ARM/libmbed.a(serial_api.o) (pinmap_pinout)
./mbed/TARGET_LPC1768/TOOLCHAIN_GCC_ARM/libmbed.a(semihost_api.o)
                              mbed/TARGET_LPC1768/TOOLCHAIN_GCC_ARM/retarget.o (semihost_exit)
./mbed/TARGET_LPC1768/TOOLCHAIN_GCC_ARM/libmbed.a(wait_api.o)
                              main.o (wait_us)
./mbed/TARGET_LPC1768/TOOLCHAIN_GCC_ARM/libmbed.a(gpio_api.o)
                              ./mbed/TARGET_LPC1768/TOOLCHAIN_GCC_ARM/libmbed.a(gpio.o) (gpio_init)
./mbed/TARGET_LPC1768/TOOLCHAIN_GCC_ARM/libmbed.a(pinmap.o)
                              ./mbed/TARGET_LPC1768/TOOLCHAIN_GCC_ARM/libmbed.a(pinmap_common.o) (pin_function)
./mbed/TARGET_LPC1768/TOOLCHAIN_GCC_ARM/libmbed.a(us_ticker.o)
                              ./mbed/TARGET_LPC1768/TOOLCHAIN_GCC_ARM/libmbed.a(wait_api.o) (us_ticker_read)
./mbed/TARGET_LPC1768/TOOLCHAIN_GCC_ARM/libmbed.a(FileBase.o)
                              ./mbed/TARGET_LPC1768/TOOLCHAIN_GCC_ARM/libmbed.a(FileSystemLike.o) (mbed::FileBase::~FileBase())
./mbed/TARGET_LPC1768/TOOLCHAIN_GCC_ARM/libmbed.a(FileLike.o)
                              ./mbed/TARGET_LPC1768/TOOLCHAIN_GCC_ARM/libmbed.a(Stream.o) (mbed::FileLike::~FileLike())
./mbed/TARGET_LPC1768/TOOLCHAIN_GCC_ARM/libmbed.a(FunctionPointer.o)
                              ./mbed/TARGET_LPC1768/TOOLCHAIN_GCC_ARM/libmbed.a(SerialBase.o) (mbed::FunctionPointer::FunctionPointer(void (*)()))
./mbed/TARGET_LPC1768/TOOLCHAIN_GCC_ARM/libmbed.a(us_ticker_api.o)
                              ./mbed/TARGET_LPC1768/TOOLCHAIN_GCC_ARM/libmbed.a(us_ticker.o) (us_ticker_irq_handler)
/usr/bin/../lib/gcc/arm-none-eabi/4.9.3/../../../../arm-none-eabi/lib/armv7-m/libstdc++_nano.a(new_op.o)
                              ./mbed/TARGET_LPC1768/TOOLCHAIN_GCC_ARM/libmbed.a(FileSystemLike.o) (operator new(unsigned int))
/usr/bin/../lib/gcc/arm-none-eabi/4.9.3/../../../../arm-none-eabi/lib/armv7-m/libstdc++_nano.a(new_handler.o)
                              /usr/bin/../lib/gcc/arm-none-eabi/4.9.3/../../../../arm-none-eabi/lib/armv7-m/libstdc++_nano.a(new_op.o) (std::get_new_handler())
/usr/bin/../lib/gcc/arm-none-eabi/4.9.3/../../../../arm-none-eabi/lib/armv7-m/libstdc++_nano.a(atexit_arm.o)
                              main.o (__aeabi_atexit)
/usr/bin/../lib/gcc/arm-none-eabi/4.9.3/../../../../arm-none-eabi/lib/armv7-m/libstdc++_nano.a(del_op.o)
                              main.o (operator delete(void*))
/usr/bin/../lib/gcc/arm-none-eabi/4.9.3/../../../../arm-none-eabi/lib/armv7-m/libc_nano.a(lib_a-abort.o)
                              /usr/bin/../lib/gcc/arm-none-eabi/4.9.3/../../../../arm-none-eabi/lib/armv7-m/libstdc++_nano.a(new_op.o) (abort)
/usr/bin/../lib/gcc/arm-none-eabi/4.9.3/../../../../arm-none-eabi/lib/armv7-m/libc_nano.a(lib_a-abs.o)
                              ./mbed/TARGET_LPC1768/TOOLCHAIN_GCC_ARM/libmbed.a(serial_api.o) (abs)
/usr/bin/../lib/gcc/arm-none-eabi/4.9.3/../../../../arm-none-eabi/lib/armv7-m/libc_nano.a(lib_a-cxa_atexit.o)
                              /usr/bin/../lib/gcc/arm-none-eabi/4.9.3/../../../../arm-none-eabi/lib/armv7-m/libstdc++_nano.a(atexit_arm.o) (__cxa_atexit)
/usr/bin/../lib/gcc/arm-none-eabi/4.9.3/../../../../arm-none-eabi/lib/armv7-m/libc_nano.a(lib_a-errno.o)
[...]
Memory Configuration

Name             Origin             Length             Attributes
FLASH            0x0000000000000000 0x0000000000080000 xr
RAM              0x00000000100000c8 0x0000000000007f38 xrw
USB_RAM          0x000000002007c000 0x0000000000004000 xrw
ETH_RAM          0x0000000020080000 0x0000000000004000 xrw
*default*        0x0000000000000000 0xffffffffffffffff

Linker script and memory map

LOAD /usr/bin/../lib/gcc/arm-none-eabi/4.9.3/armv7-m/crti.o
LOAD /usr/bin/../lib/gcc/arm-none-eabi/4.9.3/armv7-m/crtbegin.o
LOAD /usr/bin/../lib/gcc/arm-none-eabi/4.9.3/../../../../arm-none-eabi/lib/armv7-m/crt0.o
LOAD main.o
LOAD mbed/TARGET_LPC1768/TOOLCHAIN_GCC_ARM/cmsis_nvic.o
LOAD mbed/TARGET_LPC1768/TOOLCHAIN_GCC_ARM/system_LPC17xx.o
LOAD mbed/TARGET_LPC1768/TOOLCHAIN_GCC_ARM/board.o
LOAD mbed/TARGET_LPC1768/TOOLCHAIN_GCC_ARM/retarget.o
LOAD mbed/TARGET_LPC1768/TOOLCHAIN_GCC_ARM/startup_LPC17xx.o
LOAD ./mbed/TARGET_LPC1768/TOOLCHAIN_GCC_ARM/libmbed.a
LOAD /usr/bin/../lib/gcc/arm-none-eabi/4.9.3/../../../../arm-none-eabi/lib/armv7-m/libstdc++_nano.a
LOAD /usr/bin/../lib/gcc/arm-none-eabi/4.9.3/../../../../arm-none-eabi/lib/armv7-m/libsupc++_nano.a
LOAD /usr/bin/../lib/gcc/arm-none-eabi/4.9.3/../../../../arm-none-eabi/lib/armv7-m/libm.a
LOAD /usr/bin/../lib/gcc/arm-none-eabi/4.9.3/../../../../arm-none-eabi/lib/armv7-m/libc_nano.a
LOAD /usr/bin/../lib/gcc/arm-none-eabi/4.9.3/armv7-m/libgcc.a
LOAD /usr/bin/../lib/gcc/arm-none-eabi/4.9.3/../../../../arm-none-eabi/lib/armv7-m/libnosys.a
LOAD ./mbed/TARGET_LPC1768/TOOLCHAIN_GCC_ARM/libmbed.a
LOAD /usr/bin/../lib/gcc/arm-none-eabi/4.9.3/../../../../arm-none-eabi/lib/armv7-m/libstdc++_nano.a
LOAD /usr/bin/../lib/gcc/arm-none-eabi/4.9.3/../../../../arm-none-eabi/lib/armv7-m/libsupc++_nano.a
LOAD /usr/bin/../lib/gcc/arm-none-eabi/4.9.3/../../../../arm-none-eabi/lib/armv7-m/libm.a
LOAD /usr/bin/../lib/gcc/arm-none-eabi/4.9.3/../../../../arm-none-eabi/lib/armv7-m/libc_nano.a
LOAD /usr/bin/../lib/gcc/arm-none-eabi/4.9.3/armv7-m/libgcc.a
LOAD /usr/bin/../lib/gcc/arm-none-eabi/4.9.3/../../../../arm-none-eabi/lib/armv7-m/libnosys.a
START GROUP
LOAD /usr/bin/../lib/gcc/arm-none-eabi/4.9.3/armv7-m/libgcc.a
LOAD /usr/bin/../lib/gcc/arm-none-eabi/4.9.3/../../../../arm-none-eabi/lib/armv7-m/libc_nano.a
END GROUP
START GROUP
LOAD /usr/bin/../lib/gcc/arm-none-eabi/4.9.3/armv7-m/libgcc.a
LOAD /usr/bin/../lib/gcc/arm-none-eabi/4.9.3/../../../../arm-none-eabi/lib/armv7-m/libc_nano.a
END GROUP
LOAD /usr/bin/../lib/gcc/arm-none-eabi/4.9.3/armv7-m/crtend.o
LOAD /usr/bin/../lib/gcc/arm-none-eabi/4.9.3/armv7-m/crtn.o

.text           0x0000000000000000     0x8290
 *(.isr_vector)
 .isr_vector    0x0000000000000000       0xcc mbed/TARGET_LPC1768/TOOLCHAIN_GCC_ARM/startup_LPC17xx.o
                0x0000000000000000                __isr_vector
 *(.text*)
 .text          0x00000000000000cc       0x5c /usr/bin/../lib/gcc/arm-none-eabi/4.9.3/armv7-m/crtbegin.o
 .text          0x0000000000000128       0x74 /usr/bin/../lib/gcc/arm-none-eabi/4.9.3/../../../../arm-none-eabi/lib/armv7-m/crt0.o
                0x0000000000000128                _mainCRTStartup
                0x0000000000000128                _start
 .text._ZN4mbed10SerialBaseD2Ev
                0x000000000000019c        0x2 main.o
                0x000000000000019c                mbed::SerialBase::~SerialBase()
                0x000000000000019c                mbed::SerialBase::~SerialBase()
 *fill*         0x000000000000019e        0x2 
 .text._ZN4mbed6SerialD2Ev
                0x00000000000001a0       0x24 main.o
                0x00000000000001a0                mbed::Serial::~Serial()
                0x00000000000001a0                mbed::Serial::~Serial()
 .text._ZN4mbed6SerialD1Ev
                0x00000000000001c4       0x10 main.o
                0x00000000000001c4                non-virtual thunk to mbed::Serial::~Serial()
                0x00000000000001cc                non-virtual thunk to mbed::Serial::~Serial()
 .text._ZN4mbed10SerialBaseD0Ev
                0x00000000000001d4        0xc main.o
                0x00000000000001d4                mbed::SerialBase::~SerialBase()
 .text._ZN4mbed10DigitalOutC2E7PinName
                0x00000000000001e0       0x1a main.o
                0x00000000000001e0                mbed::DigitalOut::DigitalOut(PinName)
                0x00000000000001e0                mbed::DigitalOut::DigitalOut(PinName)
 *fill*         0x00000000000001fa        0x2 
 .text.startup.main
                0x00000000000001fc       0xc8 main.o
                0x00000000000001fc                main
 .text._ZN4mbed6SerialD0Ev
                0x00000000000002c4       0x1e main.o
                0x00000000000002c4                mbed::Serial::~Serial()
                0x00000000000002d6                non-virtual thunk to mbed::Serial::~Serial()
                0x00000000000002dc                non-virtual thunk to mbed::Serial::~Serial()
 *fill*         0x00000000000002e2        0x2 
 .text.startup._GLOBAL__sub_I_async_port
                0x00000000000002e4       0x9c main.o
 .text.NVIC_SetVector
                0x0000000000000380       0x3c mbed/TARGET_LPC1768/TOOLCHAIN_GCC_ARM/cmsis_nvic.o
                0x0000000000000380                NVIC_SetVector
 .text.SystemInit
                0x00000000000003bc       0xb8 mbed/TARGET_LPC1768/TOOLCHAIN_GCC_ARM/system_LPC17xx.o
                0x00000000000003bc                SystemInit
 .text.mbed_die
                0x0000000000000474      0x10c mbed/TARGET_LPC1768/TOOLCHAIN_GCC_ARM/board.o
                0x0000000000000474                mbed_die
 .text._ZN4mbed10FileHandle4flenEv
                0x0000000000000580       0x34 mbed/TARGET_LPC1768/TOOLCHAIN_GCC_ARM/retarget.o
                0x0000000000000580                mbed::FileHandle::flen()
 .text._ZN4mbed10FileHandleD2Ev
                0x00000000000005b4       0x2c mbed/TARGET_LPC1768/TOOLCHAIN_GCC_ARM/retarget.o
                0x00000000000005b4                mbed::FileHandle::~FileHandle()
                0x00000000000005b4                mbed::FileHandle::~FileHandle()
 .text._ZN4mbed10FileHandleD0Ev
                0x00000000000005e0       0x34 mbed/TARGET_LPC1768/TOOLCHAIN_GCC_ARM/retarget.o
                0x00000000000005e0                mbed::FileHandle::~FileHandle()
 .text._ZL11init_serialv.part.0
                0x0000000000000614       0x18 mbed/TARGET_LPC1768/TOOLCHAIN_GCC_ARM/retarget.o
 .text._open    0x000000000000062c       0xf8 mbed/TARGET_LPC1768/TOOLCHAIN_GCC_ARM/retarget.o
                0x000000000000062c                _open
 .text._close   0x0000000000000724       0x2c mbed/TARGET_LPC1768/TOOLCHAIN_GCC_ARM/retarget.o
                0x0000000000000724                _close
 .text._write   0x0000000000000750       0x50 mbed/TARGET_LPC1768/TOOLCHAIN_GCC_ARM/retarget.o
                0x0000000000000750                _write
 .text._read    0x00000000000007a0       0x4c mbed/TARGET_LPC1768/TOOLCHAIN_GCC_ARM/retarget.o
                0x00000000000007a0                _read
 .text._isatty  0x00000000000007ec       0x28 mbed/TARGET_LPC1768/TOOLCHAIN_GCC_ARM/retarget.o
                0x00000000000007ec                _isatty
 .text._lseek   0x0000000000000814       0x28 mbed/TARGET_LPC1768/TOOLCHAIN_GCC_ARM/retarget.o
                0x0000000000000814                _lseek
 .text._fstat   0x000000000000083c       0x20 mbed/TARGET_LPC1768/TOOLCHAIN_GCC_ARM/retarget.o
                0x000000000000083c                _fstat
 .text.__cxa_pure_virtual
                0x000000000000085c        0x8 mbed/TARGET_LPC1768/TOOLCHAIN_GCC_ARM/retarget.o
                0x000000000000085c                __cxa_pure_virtual
 .text.mbed_main
                0x0000000000000864        0x4 mbed/TARGET_LPC1768/TOOLCHAIN_GCC_ARM/retarget.o
                0x0000000000000864                mbed_main
 .text.mbed_sdk_init
                0x0000000000000868        0x4 mbed/TARGET_LPC1768/TOOLCHAIN_GCC_ARM/retarget.o
                0x0000000000000868                mbed_sdk_init
 .text.__wrap_main
                0x000000000000086c       0x14 mbed/TARGET_LPC1768/TOOLCHAIN_GCC_ARM/retarget.o
                0x000000000000086c                __wrap_main
 .text._sbrk    0x0000000000000880       0x28 mbed/TARGET_LPC1768/TOOLCHAIN_GCC_ARM/retarget.o
                0x0000000000000880                _sbrk
 .text._exit    0x00000000000008a8       0x30 mbed/TARGET_LPC1768/TOOLCHAIN_GCC_ARM/retarget.o
                0x00000000000008a8                _exit
 .text._ZN4mbed26mbed_set_unbuffered_streamEP7__sFILE
                0x00000000000008d8        0x8 mbed/TARGET_LPC1768/TOOLCHAIN_GCC_ARM/retarget.o
                0x00000000000008d8                mbed::mbed_set_unbuffered_stream(__sFILE*)
 .text._ZN4mbed9mbed_getcEP7__sFILE
                0x00000000000008e0        0x4 mbed/TARGET_LPC1768/TOOLCHAIN_GCC_ARM/retarget.o
                0x00000000000008e0                mbed::mbed_getc(__sFILE*)
 .text          0x00000000000008e4       0x44 mbed/TARGET_LPC1768/TOOLCHAIN_GCC_ARM/startup_LPC17xx.o
                0x00000000000008e4                Reset_Handler
                0x0000000000000914                NMI_Handler
                0x0000000000000916                HardFault_Handler
                0x0000000000000918                MemManage_Handler
                0x000000000000091a                BusFault_Handler
                0x000000000000091c                UsageFault_Handler
                0x000000000000091e                SVC_Handler
                0x0000000000000920                DebugMon_Handler
                0x0000000000000922                PendSV_Handler
                0x0000000000000924                SysTick_Handler
                0x0000000000000926                TIMER2_IRQHandler
                0x0000000000000926                RIT_IRQHandler
                0x0000000000000926                I2C0_IRQHandler
                0x0000000000000926                USBActivity_IRQHandler
                0x0000000000000926                PWM1_IRQHandler
                0x0000000000000926                I2C1_IRQHandler
                0x0000000000000926                EINT2_IRQHandler
                0x0000000000000926                UART1_IRQHandler
                0x0000000000000926                EINT3_IRQHandler
                0x0000000000000926                CANActivity_IRQHandler
                0x0000000000000926                TIMER3_IRQHandler
                0x0000000000000926                UART0_IRQHandler
                0x0000000000000926                PLL0_IRQHandler
                0x0000000000000926                CAN_IRQHandler
                0x0000000000000926                PLL1_IRQHandler
                0x0000000000000926                SSP0_IRQHandler
                0x0000000000000926                I2S_IRQHandler
                0x0000000000000926                I2C2_IRQHandler
                0x0000000000000926                RTC_IRQHandler
                0x0000000000000926                TIMER0_IRQHandler
                0x0000000000000926                SPI_IRQHandler
                0x0000000000000926                EINT1_IRQHandler
                0x0000000000000926                TIMER1_IRQHandler
                0x0000000000000926                UART2_IRQHandler
                0x0000000000000926                Default_Handler
                0x0000000000000926                ADC_IRQHandler
                0x0000000000000926                SSP1_IRQHandler
                0x0000000000000926                USB_IRQHandler
                0x0000000000000926                BOD_IRQHandler
                0x0000000000000926                WDT_IRQHandler
                0x0000000000000926                QEI_IRQHandler
                0x0000000000000926                EINT0_IRQHandler
                0x0000000000000926                DEF_IRQHandler
                0x0000000000000926                DMA_IRQHandler
                0x0000000000000926                UART3_IRQHandler
                0x0000000000000926                MCPWM_IRQHandler
                0x0000000000000926                ENET_IRQHandler
 .text.uart2_irq
                0x0000000000000928       0x64 ./mbed/TARGET_LPC1768/TOOLCHAIN_GCC_ARM/libmbed.a(serial_api.o)
                0x0000000000000928                uart2_irq
 .text.serial_irq_set_internal
                0x000000000000098c       0xcc ./mbed/TARGET_LPC1768/TOOLCHAIN_GCC_ARM/libmbed.a(serial_api.o)
 .text.uart0_irq
                0x0000000000000a58       0x64 ./mbed/TARGET_LPC1768/TOOLCHAIN_GCC_ARM/libmbed.a(serial_api.o)
                0x0000000000000a58                uart0_irq
 .text.uart3_irq
                0x0000000000000abc       0x6c ./mbed/TARGET_LPC1768/TOOLCHAIN_GCC_ARM/libmbed.a(serial_api.o)
                0x0000000000000abc                uart3_irq
 .text.uart1_irq
                0x0000000000000b28       0x64 ./mbed/TARGET_LPC1768/TOOLCHAIN_GCC_ARM/libmbed.a(serial_api.o)
                0x0000000000000b28                uart1_irq
 .text.serial_baud
                0x0000000000000b8c      0x244 ./mbed/TARGET_LPC1768/TOOLCHAIN_GCC_ARM/libmbed.a(serial_api.o)
                0x0000000000000b8c                serial_baud
 .text.serial_format
                0x0000000000000dd0       0x78 ./mbed/TARGET_LPC1768/TOOLCHAIN_GCC_ARM/libmbed.a(serial_api.o)
                0x0000000000000dd0                serial_format
 .text.serial_irq_handler
                0x0000000000000e48       0x20 ./mbed/TARGET_LPC1768/TOOLCHAIN_GCC_ARM/libmbed.a(serial_api.o)
                0x0000000000000e48                serial_irq_handler
 .text.serial_getc
                0x0000000000000e68       0x38 ./mbed/TARGET_LPC1768/TOOLCHAIN_GCC_ARM/libmbed.a(serial_api.o)
                0x0000000000000e68                serial_getc
 .text.serial_readable
                0x0000000000000ea0        0xc ./mbed/TARGET_LPC1768/TOOLCHAIN_GCC_ARM/libmbed.a(serial_api.o)
                0x0000000000000ea0                serial_readable
 .text.serial_writable
                0x0000000000000eac       0x74 ./mbed/TARGET_LPC1768/TOOLCHAIN_GCC_ARM/libmbed.a(serial_api.o)
                0x0000000000000eac                serial_writable
 .text.serial_putc
                0x0000000000000f20       0x34 ./mbed/TARGET_LPC1768/TOOLCHAIN_GCC_ARM/libmbed.a(serial_api.o)
                0x0000000000000f20                serial_putc
 .text.serial_set_flow_control
                0x0000000000000f54      0x12c ./mbed/TARGET_LPC1768/TOOLCHAIN_GCC_ARM/libmbed.a(serial_api.o)
                0x0000000000000f54                serial_set_flow_control
 .text.serial_init
                0x0000000000001080      0x1bc ./mbed/TARGET_LPC1768/TOOLCHAIN_GCC_ARM/libmbed.a(serial_api.o)
                0x0000000000001080                serial_init
 .text._ZN4mbed8FilePathC2EPKc
                0x000000000000123c       0x58 ./mbed/TARGET_LPC1768/TOOLCHAIN_GCC_ARM/libmbed.a(FilePath.o)
                0x000000000000123c                mbed::FilePath::FilePath(char const*)
                0x000000000000123c                mbed::FilePath::FilePath(char const*)
 .text._ZN4mbed8FilePath8fileNameEv
                0x0000000000001294        0x4 ./mbed/TARGET_LPC1768/TOOLCHAIN_GCC_ARM/libmbed.a(FilePath.o)
                0x0000000000001294                mbed::FilePath::fileName()
 .text._ZN4mbed8FilePath10fileSystemEv
                0x0000000000001298       0x18 ./mbed/TARGET_LPC1768/TOOLCHAIN_GCC_ARM/libmbed.a(FilePath.o)
                0x0000000000001298                mbed::FilePath::fileSystem()
 .text._ZN4mbed8FilePath6isFileEv
                0x00000000000012b0       0x14 ./mbed/TARGET_LPC1768/TOOLCHAIN_GCC_ARM/libmbed.a(FilePath.o)
                0x00000000000012b0                mbed::FilePath::isFile()
 .text._ZN4mbed8FilePath4fileEv
                0x00000000000012c4       0x1c ./mbed/TARGET_LPC1768/TOOLCHAIN_GCC_ARM/libmbed.a(FilePath.o)
                0x00000000000012c4                mbed::FilePath::file()
 .text._ZN4mbed8FilePath6existsEv
                0x00000000000012e0        0xc ./mbed/TARGET_LPC1768/TOOLCHAIN_GCC_ARM/libmbed.a(FilePath.o)
                0x00000000000012e0                mbed::FilePath::exists()
 .text._ZN4mbed10SerialBase12_irq_handlerEm9SerialIrq
                0x00000000000012ec       0x10 ./mbed/TARGET_LPC1768/TOOLCHAIN_GCC_ARM/libmbed.a(SerialBase.o)
                0x00000000000012ec                mbed::SerialBase::_irq_handler(unsigned long, SerialIrq)
 .text._ZN4mbed10SerialBaseC2E7PinNameS1_
                0x00000000000012fc       0x4c ./mbed/TARGET_LPC1768/TOOLCHAIN_GCC_ARM/libmbed.a(SerialBase.o)
                0x00000000000012fc                mbed::SerialBase::SerialBase(PinName, PinName)
                0x00000000000012fc                mbed::SerialBase::SerialBase(PinName, PinName)
 .text._ZN4mbed10SerialBase4baudEi
                0x0000000000001348       0x10 ./mbed/TARGET_LPC1768/TOOLCHAIN_GCC_ARM/libmbed.a(SerialBase.o)
                0x0000000000001348                mbed::SerialBase::baud(int)
 .text._ZN4mbed10SerialBase8readableEv
                0x0000000000001358        0x8 ./mbed/TARGET_LPC1768/TOOLCHAIN_GCC_ARM/libmbed.a(SerialBase.o)
                0x0000000000001358                mbed::SerialBase::readable()
 .text._ZN4mbed10SerialBase10_base_getcEv
                0x0000000000001360        0x8 ./mbed/TARGET_LPC1768/TOOLCHAIN_GCC_ARM/libmbed.a(SerialBase.o)
                0x0000000000001360                mbed::SerialBase::_base_getc()
 .text._ZN4mbed10SerialBase10_base_putcEi
                0x0000000000001368       0x10 ./mbed/TARGET_LPC1768/TOOLCHAIN_GCC_ARM/libmbed.a(SerialBase.o)
                0x0000000000001368                mbed::SerialBase::_base_putc(int)
 .text._ZN4mbed6Stream5closeEv
                0x0000000000001378        0x4 ./mbed/TARGET_LPC1768/TOOLCHAIN_GCC_ARM/libmbed.a(Stream.o)
                0x0000000000001378                mbed::Stream::close()
 .text._ZN4mbed6Stream5writeEPKvj
                0x000000000000137c       0x30 ./mbed/TARGET_LPC1768/TOOLCHAIN_GCC_ARM/libmbed.a(Stream.o)
                0x000000000000137c                mbed::Stream::write(void const*, unsigned int)
 .text._ZN4mbed6Stream4readEPvj
                0x00000000000013ac       0x30 ./mbed/TARGET_LPC1768/TOOLCHAIN_GCC_ARM/libmbed.a(Stream.o)
                0x00000000000013ac                mbed::Stream::read(void*, unsigned int)
 .text._ZN4mbed6Stream5lseekEli
                0x00000000000013dc        0x4 ./mbed/TARGET_LPC1768/TOOLCHAIN_GCC_ARM/libmbed.a(Stream.o)
                0x00000000000013dc                mbed::Stream::lseek(long, int)
 .text._ZN4mbed6Stream6isattyEv
                0x00000000000013e0        0x4 ./mbed/TARGET_LPC1768/TOOLCHAIN_GCC_ARM/libmbed.a(Stream.o)
                0x00000000000013e0                mbed::Stream::isatty()
 .text._ZN4mbed6Stream5fsyncEv
                0x00000000000013e4        0x4 ./mbed/TARGET_LPC1768/TOOLCHAIN_GCC_ARM/libmbed.a(Stream.o)
                0x00000000000013e4                mbed::Stream::fsync()
 .text._ZN4mbed6Stream4flenEv
                0x00000000000013e8        0x4 ./mbed/TARGET_LPC1768/TOOLCHAIN_GCC_ARM/libmbed.a(Stream.o)
                0x00000000000013e8                mbed::Stream::flen()
 .text._ZN4mbed6StreamD2Ev
                0x00000000000013ec       0x24 ./mbed/TARGET_LPC1768/TOOLCHAIN_GCC_ARM/libmbed.a(Stream.o)
                0x00000000000013ec                mbed::Stream::~Stream()
                0x00000000000013ec                mbed::Stream::~Stream()
 .text._ZThn4_N4mbed6StreamD1Ev
                0x0000000000001410        0x8 ./mbed/TARGET_LPC1768/TOOLCHAIN_GCC_ARM/libmbed.a(Stream.o)
                0x0000000000001410                non-virtual thunk to mbed::Stream::~Stream()
 .text._ZN4mbed6StreamD0Ev
                0x0000000000001418       0x14 ./mbed/TARGET_LPC1768/TOOLCHAIN_GCC_ARM/libmbed.a(Stream.o)
                0x0000000000001418                mbed::Stream::~Stream()
 .text._ZThn4_N4mbed6StreamD0Ev
                0x000000000000142c        0x8 ./mbed/TARGET_LPC1768/TOOLCHAIN_GCC_ARM/libmbed.a(Stream.o)
                0x000000000000142c                non-virtual thunk to mbed::Stream::~Stream()
 .text._ZN4mbed6StreamC2EPKc
                0x0000000000001434       0x44 ./mbed/TARGET_LPC1768/TOOLCHAIN_GCC_ARM/libmbed.a(Stream.o)
                0x0000000000001434                mbed::Stream::Stream(char const*)
                0x0000000000001434                mbed::Stream::Stream(char const*)
 .text._ZN4mbed6Stream4putcEi
                0x0000000000001478       0x18 ./mbed/TARGET_LPC1768/TOOLCHAIN_GCC_ARM/libmbed.a(Stream.o)
                0x0000000000001478                mbed::Stream::putc(int)
 .text._ZN4mbed6Stream4getcEv
                0x0000000000001490       0x14 ./mbed/TARGET_LPC1768/TOOLCHAIN_GCC_ARM/libmbed.a(Stream.o)
                0x0000000000001490                mbed::Stream::getc()
 .text._ZN4mbed6Serial5_getcEv
                0x00000000000014a4        0x4 ./mbed/TARGET_LPC1768/TOOLCHAIN_GCC_ARM/libmbed.a(Serial.o)
                0x00000000000014a4                mbed::Serial::_getc()
 .text._ZThn72_N4mbed6Serial5_getcEv
                0x00000000000014a8        0x8 ./mbed/TARGET_LPC1768/TOOLCHAIN_GCC_ARM/libmbed.a(Serial.o)
                0x00000000000014a8                non-virtual thunk to mbed::Serial::_getc()
 .text._ZN4mbed6Serial5_putcEi
                0x00000000000014b0        0x4 ./mbed/TARGET_LPC1768/TOOLCHAIN_GCC_ARM/libmbed.a(Serial.o)
                0x00000000000014b0                mbed::Serial::_putc(int)
 .text._ZThn72_N4mbed6Serial5_putcEi
                0x00000000000014b4        0x8 ./mbed/TARGET_LPC1768/TOOLCHAIN_GCC_ARM/libmbed.a(Serial.o)
                0x00000000000014b4                non-virtual thunk to mbed::Serial::_putc(int)
 .text._ZN4mbed6SerialC2E7PinNameS1_PKc
                0x00000000000014bc       0x30 ./mbed/TARGET_LPC1768/TOOLCHAIN_GCC_ARM/libmbed.a(Serial.o)
                0x00000000000014bc                mbed::Serial::Serial(PinName, PinName, char const*)
                0x00000000000014bc                mbed::Serial::Serial(PinName, PinName, char const*)
 .text.mbed_assert_internal
                0x00000000000014ec       0x2c ./mbed/TARGET_LPC1768/TOOLCHAIN_GCC_ARM/libmbed.a(assert.o)
                0x00000000000014ec                mbed_assert_internal
 .text.error    0x0000000000001518       0x24 ./mbed/TARGET_LPC1768/TOOLCHAIN_GCC_ARM/libmbed.a(error.o)
                0x0000000000001518                error
 .text.mbed_interface_connected
                0x000000000000153c        0x4 ./mbed/TARGET_LPC1768/TOOLCHAIN_GCC_ARM/libmbed.a(mbed_interface.o)
                0x000000000000153c                mbed_interface_connected
 .text.gpio_init_in
                0x0000000000001540       0x24 ./mbed/TARGET_LPC1768/TOOLCHAIN_GCC_ARM/libmbed.a(gpio.o)
                0x0000000000001540                gpio_init_in
 .text.gpio_init_out
                0x0000000000001564       0x44 ./mbed/TARGET_LPC1768/TOOLCHAIN_GCC_ARM/libmbed.a(gpio.o)
                0x0000000000001564                gpio_init_out
 .text.gpio_init_out_ex
                0x00000000000015a8       0x54 ./mbed/TARGET_LPC1768/TOOLCHAIN_GCC_ARM/libmbed.a(gpio.o)
                0x00000000000015a8                gpio_init_out_ex
 .text.pinmap_pinout
                0x00000000000015fc       0x40 ./mbed/TARGET_LPC1768/TOOLCHAIN_GCC_ARM/libmbed.a(pinmap_common.o)
                0x00000000000015fc                pinmap_pinout
 .text.pinmap_merge
                0x000000000000163c       0x24 ./mbed/TARGET_LPC1768/TOOLCHAIN_GCC_ARM/libmbed.a(pinmap_common.o)
                0x000000000000163c                pinmap_merge
 .text.pinmap_find_peripheral
                0x0000000000001660       0x1c ./mbed/TARGET_LPC1768/TOOLCHAIN_GCC_ARM/libmbed.a(pinmap_common.o)
                0x0000000000001660                pinmap_find_peripheral
 .text.pinmap_peripheral
                0x000000000000167c       0x34 ./mbed/TARGET_LPC1768/TOOLCHAIN_GCC_ARM/libmbed.a(pinmap_common.o)
                0x000000000000167c                pinmap_peripheral
 .text.semihost_exit
                0x00000000000016b0       0x18 ./mbed/TARGET_LPC1768/TOOLCHAIN_GCC_ARM/libmbed.a(semihost_api.o)
                0x00000000000016b0                semihost_exit
 .text.semihost_connected
                0x00000000000016c8       0x10 ./mbed/TARGET_LPC1768/TOOLCHAIN_GCC_ARM/libmbed.a(semihost_api.o)
                0x00000000000016c8                semihost_connected
 .text.wait_us  0x00000000000016d8       0x18 ./mbed/TARGET_LPC1768/TOOLCHAIN_GCC_ARM/libmbed.a(wait_api.o)
                0x00000000000016d8                wait_us
 .text.wait_ms  0x00000000000016f0        0xc ./mbed/TARGET_LPC1768/TOOLCHAIN_GCC_ARM/libmbed.a(wait_api.o)
                0x00000000000016f0                wait_ms
 .text.gpio_set
                0x00000000000016fc       0x30 ./mbed/TARGET_LPC1768/TOOLCHAIN_GCC_ARM/libmbed.a(gpio_api.o)
                0x00000000000016fc                gpio_set
 .text.gpio_init
                0x000000000000172c       0x30 ./mbed/TARGET_LPC1768/TOOLCHAIN_GCC_ARM/libmbed.a(gpio_api.o)
                0x000000000000172c                gpio_init
 .text.gpio_mode
                0x000000000000175c        0x8 ./mbed/TARGET_LPC1768/TOOLCHAIN_GCC_ARM/libmbed.a(gpio_api.o)
                0x000000000000175c                gpio_mode
 .text.gpio_dir
                0x0000000000001764       0x44 ./mbed/TARGET_LPC1768/TOOLCHAIN_GCC_ARM/libmbed.a(gpio_api.o)
                0x0000000000001764                gpio_dir
 .text.pin_function
                0x00000000000017a8       0x50 ./mbed/TARGET_LPC1768/TOOLCHAIN_GCC_ARM/libmbed.a(pinmap.o)
                0x00000000000017a8                pin_function
 .text.pin_mode
                0x00000000000017f8       0x78 ./mbed/TARGET_LPC1768/TOOLCHAIN_GCC_ARM/libmbed.a(pinmap.o)
                0x00000000000017f8                pin_mode
 .text.us_ticker_init
                0x0000000000001870       0x68 ./mbed/TARGET_LPC1768/TOOLCHAIN_GCC_ARM/libmbed.a(us_ticker.o)
                0x0000000000001870                us_ticker_init
 .text.us_ticker_read
                0x00000000000018d8       0x1c ./mbed/TARGET_LPC1768/TOOLCHAIN_GCC_ARM/libmbed.a(us_ticker.o)
                0x00000000000018d8                us_ticker_read
 .text.us_ticker_set_interrupt
                0x00000000000018f4       0x14 ./mbed/TARGET_LPC1768/TOOLCHAIN_GCC_ARM/libmbed.a(us_ticker.o)
                0x00000000000018f4                us_ticker_set_interrupt
 .text.us_ticker_disable_interrupt
                0x0000000000001908       0x10 ./mbed/TARGET_LPC1768/TOOLCHAIN_GCC_ARM/libmbed.a(us_ticker.o)
                0x0000000000001908                us_ticker_disable_interrupt
 .text.us_ticker_clear_interrupt
                0x0000000000001918        0xc ./mbed/TARGET_LPC1768/TOOLCHAIN_GCC_ARM/libmbed.a(us_ticker.o)
                0x0000000000001918                us_ticker_clear_interrupt
 .text._ZN4mbed8FileBaseD2Ev
                0x0000000000001924       0x30 ./mbed/TARGET_LPC1768/TOOLCHAIN_GCC_ARM/libmbed.a(FileBase.o)
                0x0000000000001924                mbed::FileBase::~FileBase()
                0x0000000000001924                mbed::FileBase::~FileBase()
 .text._ZN4mbed8FileBaseD0Ev
                0x0000000000001954       0x3c ./mbed/TARGET_LPC1768/TOOLCHAIN_GCC_ARM/libmbed.a(FileBase.o)
                0x0000000000001954                mbed::FileBase::~FileBase()
 .text._ZN4mbed8FileBaseC2EPKcNS_8PathTypeE
                0x0000000000001990       0x28 ./mbed/TARGET_LPC1768/TOOLCHAIN_GCC_ARM/libmbed.a(FileBase.o)
                0x0000000000001990                mbed::FileBase::FileBase(char const*, mbed::PathType)
                0x0000000000001990                mbed::FileBase::FileBase(char const*, mbed::PathType)
 .text._ZN4mbed8FileBase6lookupEPKcj
                0x00000000000019b8       0x3c ./mbed/TARGET_LPC1768/TOOLCHAIN_GCC_ARM/libmbed.a(FileBase.o)
                0x00000000000019b8                mbed::FileBase::lookup(char const*, unsigned int)
 .text._ZN4mbed8FileBase11getPathTypeEv
                0x00000000000019f4        0x4 ./mbed/TARGET_LPC1768/TOOLCHAIN_GCC_ARM/libmbed.a(FileBase.o)
                0x00000000000019f4                mbed::FileBase::getPathType()
 .text._ZN4mbed8FileLikeD2Ev
                0x00000000000019f8       0x24 ./mbed/TARGET_LPC1768/TOOLCHAIN_GCC_ARM/libmbed.a(FileLike.o)
                0x00000000000019f8                mbed::FileLike::~FileLike()
                0x00000000000019f8                mbed::FileLike::~FileLike()
 .text._ZThn4_N4mbed8FileLikeD1Ev
                0x0000000000001a1c        0x8 ./mbed/TARGET_LPC1768/TOOLCHAIN_GCC_ARM/libmbed.a(FileLike.o)
                0x0000000000001a1c                non-virtual thunk to mbed::FileLike::~FileLike()
 .text._ZN4mbed8FileLikeD0Ev
                0x0000000000001a24       0x2c ./mbed/TARGET_LPC1768/TOOLCHAIN_GCC_ARM/libmbed.a(FileLike.o)
                0x0000000000001a24                mbed::FileLike::~FileLike()
 .text._ZThn4_N4mbed8FileLikeD0Ev
                0x0000000000001a50        0x8 ./mbed/TARGET_LPC1768/TOOLCHAIN_GCC_ARM/libmbed.a(FileLike.o)
                0x0000000000001a50                non-virtual thunk to mbed::FileLike::~FileLike()
 .text._ZN4mbed8FileLikeC2EPKc
                0x0000000000001a58       0x28 ./mbed/TARGET_LPC1768/TOOLCHAIN_GCC_ARM/libmbed.a(FileLike.o)
                0x0000000000001a58                mbed::FileLike::FileLike(char const*)
                0x0000000000001a58                mbed::FileLike::FileLike(char const*)
 .text._ZN4mbed15FunctionPointerC2EPFvvE
                0x0000000000001a80        0xc ./mbed/TARGET_LPC1768/TOOLCHAIN_GCC_ARM/libmbed.a(FunctionPointer.o)
                0x0000000000001a80                mbed::FunctionPointer::FunctionPointer(void (*)())
                0x0000000000001a80                mbed::FunctionPointer::FunctionPointer(void (*)())
 .text._ZN4mbed15FunctionPointer4callEv
                0x0000000000001a8c       0x18 ./mbed/TARGET_LPC1768/TOOLCHAIN_GCC_ARM/libmbed.a(FunctionPointer.o)
                0x0000000000001a8c                mbed::FunctionPointer::call()
 .text.us_ticker_irq_handler
                0x0000000000001aa4       0x48 ./mbed/TARGET_LPC1768/TOOLCHAIN_GCC_ARM/libmbed.a(us_ticker_api.o)
                0x0000000000001aa4                us_ticker_irq_handler
 .text.__aeabi_atexit
                0x0000000000001aec        0xa /usr/bin/../lib/gcc/arm-none-eabi/4.9.3/../../../../arm-none-eabi/lib/armv7-m/libstdc++_nano.a(atexit_arm.o)
                0x0000000000001aec                __aeabi_atexit
 .text._ZdlPv   0x0000000000001af6        0x4 /usr/bin/../lib/gcc/arm-none-eabi/4.9.3/../../../../arm-none-eabi/lib/armv7-m/libstdc++_nano.a(del_op.o)
                0x0000000000001af6                operator delete(void*)
 .text.abs      0x0000000000001afa        0x8 /usr/bin/../lib/gcc/arm-none-eabi/4.9.3/../../../../arm-none-eabi/lib/armv7-m/libc_nano.a(lib_a-abs.o)
                0x0000000000001afa                abs
 *fill*         0x0000000000001b02        0x2 
 .text.__cxa_atexit
                0x0000000000001b04       0x1c /usr/bin/../lib/gcc/arm-none-eabi/4.9.3/../../../../arm-none-eabi/lib/armv7-m/libc_nano.a(lib_a-cxa_atexit.o)
                0x0000000000001b04                __cxa_atexit
 .text.__errno  0x0000000000001b20        0xc /usr/bin/../lib/gcc/arm-none-eabi/4.9.3/../../../../arm-none-eabi/lib/armv7-m/libc_nano.a(lib_a-errno.o)
                0x0000000000001b20                __errno
 .text.exit     0x0000000000001b2c       0x28 /usr/bin/../lib/gcc/arm-none-eabi/4.9.3/../../../../arm-none-eabi/lib/armv7-m/libc_nano.a(lib_a-exit.o)
                0x0000000000001b2c                exit
 .text._fclose_r
                0x0000000000001b54       0xa4 /usr/bin/../lib/gcc/arm-none-eabi/4.9.3/../../../../arm-none-eabi/lib/armv7-m/libc_nano.a(lib_a-fclose.o)
                0x0000000000001b54                _fclose_r
 .text.fclose   0x0000000000001bf8       0x10 /usr/bin/../lib/gcc/arm-none-eabi/4.9.3/../../../../arm-none-eabi/lib/armv7-m/libc_nano.a(lib_a-fclose.o)
                0x0000000000001bf8                fclose
 .text.__sflush_r
                0x0000000000001c08      0x106 /usr/bin/../lib/gcc/arm-none-eabi/4.9.3/../../../../arm-none-eabi/lib/armv7-m/libc_nano.a(lib_a-fflush.o)
                0x0000000000001c08                __sflush_r
 *fill*         0x0000000000001d0e        0x2 
 .text._fflush_r
                0x0000000000001d10       0x54 /usr/bin/../lib/gcc/arm-none-eabi/4.9.3/../../../../arm-none-eabi/lib/armv7-m/libc_nano.a(lib_a-fflush.o)
                0x0000000000001d10                _fflush_r
 .text.fflush   0x0000000000001d64       0x24 /usr/bin/../lib/gcc/arm-none-eabi/4.9.3/../../../../arm-none-eabi/lib/armv7-m/libc_nano.a(lib_a-fflush.o)
                0x0000000000001d64                fflush
 .text._fgetc_r
                0x0000000000001d88       0x58 /usr/bin/../lib/gcc/arm-none-eabi/4.9.3/../../../../arm-none-eabi/lib/armv7-m/libc_nano.a(lib_a-fgetc.o)
                0x0000000000001d88                _fgetc_r
 .text.fgetc    0x0000000000001de0       0x10 /usr/bin/../lib/gcc/arm-none-eabi/4.9.3/../../../../arm-none-eabi/lib/armv7-m/libc_nano.a(lib_a-fgetc.o)
                0x0000000000001de0                fgetc
 .text._cleanup_r
                0x0000000000001df0        0xc /usr/bin/../lib/gcc/arm-none-eabi/4.9.3/../../../../arm-none-eabi/lib/armv7-m/libc_nano.a(lib_a-findfp.o)
                0x0000000000001df0                _cleanup_r
 .text.std.isra.0
                0x0000000000001dfc       0x48 /usr/bin/../lib/gcc/arm-none-eabi/4.9.3/../../../../arm-none-eabi/lib/armv7-m/libc_nano.a(lib_a-findfp.o)
 .text.__sfmoreglue
                0x0000000000001e44       0x2c /usr/bin/../lib/gcc/arm-none-eabi/4.9.3/../../../../arm-none-eabi/lib/armv7-m/libc_nano.a(lib_a-findfp.o)
                0x0000000000001e44                __sfmoreglue
 .text.__sinit  0x0000000000001e70       0x60 /usr/bin/../lib/gcc/arm-none-eabi/4.9.3/../../../../arm-none-eabi/lib/armv7-m/libc_nano.a(lib_a-findfp.o)
                0x0000000000001e70                __sinit
 .text.__sfp    0x0000000000001ed0       0x74 /usr/bin/../lib/gcc/arm-none-eabi/4.9.3/../../../../arm-none-eabi/lib/armv7-m/libc_nano.a(lib_a-findfp.o)
                0x0000000000001ed0                __sfp
 .text.__sfp_lock_acquire
                0x0000000000001f44        0x2 /usr/bin/../lib/gcc/arm-none-eabi/4.9.3/../../../../arm-none-eabi/lib/armv7-m/libc_nano.a(lib_a-findfp.o)
                0x0000000000001f44                __sfp_lock_acquire
 .text.__sfp_lock_release
                0x0000000000001f46        0x2 /usr/bin/../lib/gcc/arm-none-eabi/4.9.3/../../../../arm-none-eabi/lib/armv7-m/libc_nano.a(lib_a-findfp.o)
                0x0000000000001f46                __sfp_lock_release
 .text._fopen_r
                0x0000000000001f48       0x80 /usr/bin/../lib/gcc/arm-none-eabi/4.9.3/../../../../arm-none-eabi/lib/armv7-m/libc_nano.a(lib_a-fopen.o)
                0x0000000000001f48                _fopen_r
 .text.fopen    0x0000000000001fc8       0x14 /usr/bin/../lib/gcc/arm-none-eabi/4.9.3/../../../../arm-none-eabi/lib/armv7-m/libc_nano.a(lib_a-fopen.o)
                0x0000000000001fc8                fopen
 .text.fprintf  0x0000000000001fdc       0x24 /usr/bin/../lib/gcc/arm-none-eabi/4.9.3/../../../../arm-none-eabi/lib/armv7-m/libc_nano.a(lib_a-fprintf.o)
                0x0000000000001fdc                fprintf
                0x0000000000001fdc                fiprintf
 .text._fputc_r
                0x0000000000002000       0x48 /usr/bin/../lib/gcc/arm-none-eabi/4.9.3/../../../../arm-none-eabi/lib/armv7-m/libc_nano.a(lib_a-fputc.o)
                0x0000000000002000                _fputc_r
 .text.fputc    0x0000000000002048       0x14 /usr/bin/../lib/gcc/arm-none-eabi/4.9.3/../../../../arm-none-eabi/lib/armv7-m/libc_nano.a(lib_a-fputc.o)
                0x0000000000002048                fputc
 .text._fseek_r
                0x000000000000205c        0x4 /usr/bin/../lib/gcc/arm-none-eabi/4.9.3/../../../../arm-none-eabi/lib/armv7-m/libc_nano.a(lib_a-fseek.o)
                0x000000000000205c                _fseek_r
 .text._fseeko_r
                0x0000000000002060      0x118 /usr/bin/../lib/gcc/arm-none-eabi/4.9.3/../../../../arm-none-eabi/lib/armv7-m/libc_nano.a(lib_a-fseeko.o)
                0x0000000000002060                _fseeko_r
 .text._fwalk   0x0000000000002178       0x38 /usr/bin/../lib/gcc/arm-none-eabi/4.9.3/../../../../arm-none-eabi/lib/armv7-m/libc_nano.a(lib_a-fwalk.o)
                0x0000000000002178                _fwalk
 .text._fwalk_reent
                0x00000000000021b0       0x3c /usr/bin/../lib/gcc/arm-none-eabi/4.9.3/../../../../arm-none-eabi/lib/armv7-m/libc_nano.a(lib_a-fwalk.o)
                0x00000000000021b0                _fwalk_reent
 .text.__libc_init_array
                0x00000000000021ec       0x4c /usr/bin/../lib/gcc/arm-none-eabi/4.9.3/../../../../arm-none-eabi/lib/armv7-m/libc_nano.a(lib_a-init.o)
                0x00000000000021ec                __libc_init_array
 .text.__smakebuf_r
                0x0000000000002238       0x98 /usr/bin/../lib/gcc/arm-none-eabi/4.9.3/../../../../arm-none-eabi/lib/armv7-m/libc_nano.a(lib_a-makebuf.o)
                0x0000000000002238                __smakebuf_r
 .text.malloc   0x00000000000022d0       0x10 /usr/bin/../lib/gcc/arm-none-eabi/4.9.3/../../../../arm-none-eabi/lib/armv7-m/libc_nano.a(lib_a-malloc.o)
                0x00000000000022d0                malloc
 .text.free     0x00000000000022e0       0x10 /usr/bin/../lib/gcc/arm-none-eabi/4.9.3/../../../../arm-none-eabi/lib/armv7-m/libc_nano.a(lib_a-malloc.o)
                0x00000000000022e0                free
 .text.memchr   0x00000000000022f0       0x1c /usr/bin/../lib/gcc/arm-none-eabi/4.9.3/../../../../arm-none-eabi/lib/armv7-m/libc_nano.a(lib_a-memchr.o)
                0x00000000000022f0                memchr
 .text.memcpy   0x000000000000230c       0x16 /usr/bin/../lib/gcc/arm-none-eabi/4.9.3/../../../../arm-none-eabi/lib/armv7-m/libc_nano.a(lib_a-memcpy.o)
                0x000000000000230c                memcpy
 .text.memset   0x0000000000002322       0x10 /usr/bin/../lib/gcc/arm-none-eabi/4.9.3/../../../../arm-none-eabi/lib/armv7-m/libc_nano.a(lib_a-memset.o)
                0x0000000000002322                memset
 *fill*         0x0000000000002332        0x2 
 .text._free_r  0x0000000000002334       0x88 /usr/bin/../lib/gcc/arm-none-eabi/4.9.3/../../../../arm-none-eabi/lib/armv7-m/libc_nano.a(lib_a-nano-freer.o)
                0x0000000000002334                _free_r
 .text._malloc_r
                0x00000000000023bc       0xac /usr/bin/../lib/gcc/arm-none-eabi/4.9.3/../../../../arm-none-eabi/lib/armv7-m/libc_nano.a(lib_a-nano-mallocr.o)
                0x00000000000023bc                _malloc_r
 .text.__sfputc_r
                0x0000000000002468       0x2c /usr/bin/../lib/gcc/arm-none-eabi/4.9.3/../../../../arm-none-eabi/lib/armv7-m/libc_nano.a(lib_a-nano-vfprintf.o)
 .text.__sfputs_r
                0x0000000000002494       0x24 /usr/bin/../lib/gcc/arm-none-eabi/4.9.3/../../../../arm-none-eabi/lib/armv7-m/libc_nano.a(lib_a-nano-vfprintf.o)
                0x0000000000002494                __sfputs_r
 .text._vfprintf_r
                0x00000000000024b8      0x210 /usr/bin/../lib/gcc/arm-none-eabi/4.9.3/../../../../arm-none-eabi/lib/armv7-m/libc_nano.a(lib_a-nano-vfprintf.o)
                0x00000000000024b8                _vfiprintf_r
                0x00000000000024b8                _vfprintf_r
 .text.vfprintf
                0x00000000000026c8       0x1c /usr/bin/../lib/gcc/arm-none-eabi/4.9.3/../../../../arm-none-eabi/lib/armv7-m/libc_nano.a(lib_a-nano-vfprintf.o)
                0x00000000000026c8                vfiprintf
                0x00000000000026c8                vfprintf
 .text.__cvt    0x00000000000026e4       0xbc /usr/bin/../lib/gcc/arm-none-eabi/4.9.3/../../../../arm-none-eabi/lib/armv7-m/libc_nano.a(lib_a-nano-vfprintf_float.o)
                0x00000000000026e4                __cvt
 .text.__exponent
                0x00000000000027a0       0x62 /usr/bin/../lib/gcc/arm-none-eabi/4.9.3/../../../../arm-none-eabi/lib/armv7-m/libc_nano.a(lib_a-nano-vfprintf_float.o)
                0x00000000000027a0                __exponent
 *fill*         0x0000000000002802        0x2 
 .text._printf_float
                0x0000000000002804      0x48c /usr/bin/../lib/gcc/arm-none-eabi/4.9.3/../../../../arm-none-eabi/lib/armv7-m/libc_nano.a(lib_a-nano-vfprintf_float.o)
                0x0000000000002804                _printf_float
 .text._printf_common
                0x0000000000002c90       0xea /usr/bin/../lib/gcc/arm-none-eabi/4.9.3/../../../../arm-none-eabi/lib/armv7-m/libc_nano.a(lib_a-nano-vfprintf_i.o)
                0x0000000000002c90                _printf_common
 *fill*         0x0000000000002d7a        0x2 
 .text._printf_i
                0x0000000000002d7c      0x240 /usr/bin/../lib/gcc/arm-none-eabi/4.9.3/../../../../arm-none-eabi/lib/armv7-m/libc_nano.a(lib_a-nano-vfprintf_i.o)
                0x0000000000002d7c                _printf_i
 .text._scanf_float
                0x0000000000002fbc      0x3cc /usr/bin/../lib/gcc/arm-none-eabi/4.9.3/../../../../arm-none-eabi/lib/armv7-m/libc_nano.a(lib_a-nano-vfscanf_float.o)
                0x0000000000002fbc                _scanf_float
 .text._scanf_chars
                0x0000000000003388       0xbc /usr/bin/../lib/gcc/arm-none-eabi/4.9.3/../../../../arm-none-eabi/lib/armv7-m/libc_nano.a(lib_a-nano-vfscanf_i.o)
                0x0000000000003388                _scanf_chars
 .text._scanf_i
                0x0000000000003444      0x1e4 /usr/bin/../lib/gcc/arm-none-eabi/4.9.3/../../../../arm-none-eabi/lib/armv7-m/libc_nano.a(lib_a-nano-vfscanf_i.o)
                0x0000000000003444                _scanf_i
 .text._open_r  0x0000000000003628       0x24 /usr/bin/../lib/gcc/arm-none-eabi/4.9.3/../../../../arm-none-eabi/lib/armv7-m/libc_nano.a(lib_a-openr.o)
                0x0000000000003628                _open_r
 .text._putc_r  0x000000000000364c       0x78 /usr/bin/../lib/gcc/arm-none-eabi/4.9.3/../../../../arm-none-eabi/lib/armv7-m/libc_nano.a(lib_a-putc.o)
                0x000000000000364c                _putc_r
 .text.lflush   0x00000000000036c4       0x12 /usr/bin/../lib/gcc/arm-none-eabi/4.9.3/../../../../arm-none-eabi/lib/armv7-m/libc_nano.a(lib_a-refill.o)
 *fill*         0x00000000000036d6        0x2 
 .text.__srefill_r
                0x00000000000036d8      0x10c /usr/bin/../lib/gcc/arm-none-eabi/4.9.3/../../../../arm-none-eabi/lib/armv7-m/libc_nano.a(lib_a-refill.o)
                0x00000000000036d8                __srefill_r
 .text.__srget_r
                0x00000000000037e4       0x58 /usr/bin/../lib/gcc/arm-none-eabi/4.9.3/../../../../arm-none-eabi/lib/armv7-m/libc_nano.a(lib_a-rget.o)
                0x00000000000037e4                __srget_r
 .text.__fpclassifyd
                0x000000000000383c       0x50 /usr/bin/../lib/gcc/arm-none-eabi/4.9.3/../../../../arm-none-eabi/lib/armv7-m/libc_nano.a(lib_a-s_fpclassify.o)
                0x000000000000383c                __fpclassifyd
 .text._sbrk_r  0x000000000000388c       0x20 /usr/bin/../lib/gcc/arm-none-eabi/4.9.3/../../../../arm-none-eabi/lib/armv7-m/libc_nano.a(lib_a-sbrkr.o)
                0x000000000000388c                _sbrk_r
 .text.__sccl   0x00000000000038ac       0x62 /usr/bin/../lib/gcc/arm-none-eabi/4.9.3/../../../../arm-none-eabi/lib/armv7-m/libc_nano.a(lib_a-sccl.o)
                0x00000000000038ac                __sccl
 .text.setbuf   0x000000000000390e       0x10 /usr/bin/../lib/gcc/arm-none-eabi/4.9.3/../../../../arm-none-eabi/lib/armv7-m/libc_nano.a(lib_a-setbuf.o)
                0x000000000000390e                setbuf
 *fill*         0x000000000000391e        0x2 
 .text.setvbuf  0x0000000000003920      0x110 /usr/bin/../lib/gcc/arm-none-eabi/4.9.3/../../../../arm-none-eabi/lib/armv7-m/libc_nano.a(lib_a-setvbuf.o)
                0x0000000000003920                setvbuf
 .text.nanf     0x0000000000003a30        0x8 /usr/bin/../lib/gcc/arm-none-eabi/4.9.3/../../../../arm-none-eabi/lib/armv7-m/libc_nano.a(lib_a-sf_nan.o)
                0x0000000000003a30                nanf
 .text.sprintf  0x0000000000003a38       0x48 /usr/bin/../lib/gcc/arm-none-eabi/4.9.3/../../../../arm-none-eabi/lib/armv7-m/libc_nano.a(lib_a-sprintf.o)
                0x0000000000003a38                sprintf
                0x0000000000003a38                siprintf
 .text.sscanf   0x0000000000003a80       0x54 /usr/bin/../lib/gcc/arm-none-eabi/4.9.3/../../../../arm-none-eabi/lib/armv7-m/libc_nano.a(lib_a-sscanf.o)
                0x0000000000003a80                sscanf
                0x0000000000003a80                siscanf
 .text.__sread  0x0000000000003ad4       0x22 /usr/bin/../lib/gcc/arm-none-eabi/4.9.3/../../../../arm-none-eabi/lib/armv7-m/libc_nano.a(lib_a-stdio.o)
                0x0000000000003ad4                __sread
 .text.__seofread
                0x0000000000003af6        0x4 /usr/bin/../lib/gcc/arm-none-eabi/4.9.3/../../../../arm-none-eabi/lib/armv7-m/libc_nano.a(lib_a-stdio.o)
                0x0000000000003af6                __seofread
 .text.__swrite
                0x0000000000003afa       0x38 /usr/bin/../lib/gcc/arm-none-eabi/4.9.3/../../../../arm-none-eabi/lib/armv7-m/libc_nano.a(lib_a-stdio.o)
                0x0000000000003afa                __swrite
 .text.__sseek  0x0000000000003b32       0x24 /usr/bin/../lib/gcc/arm-none-eabi/4.9.3/../../../../arm-none-eabi/lib/armv7-m/libc_nano.a(lib_a-stdio.o)
                0x0000000000003b32                __sseek
 .text.__sclose
                0x0000000000003b56        0x8 /usr/bin/../lib/gcc/arm-none-eabi/4.9.3/../../../../arm-none-eabi/lib/armv7-m/libc_nano.a(lib_a-stdio.o)
                0x0000000000003b56                __sclose
 .text          0x0000000000003b5e       0x14 /usr/bin/../lib/gcc/arm-none-eabi/4.9.3/../../../../arm-none-eabi/lib/armv7-m/libc_nano.a(lib_a-strcmp.o)
                0x0000000000003b5e                strcmp
 .text.strlen   0x0000000000003b72       0x10 /usr/bin/../lib/gcc/arm-none-eabi/4.9.3/../../../../arm-none-eabi/lib/armv7-m/libc_nano.a(lib_a-strlen.o)
                0x0000000000003b72                strlen
 .text.strncmp  0x0000000000003b82       0x32 /usr/bin/../lib/gcc/arm-none-eabi/4.9.3/../../../../arm-none-eabi/lib/armv7-m/libc_nano.a(lib_a-strncmp.o)
                0x0000000000003b82                strncmp
 .text.match    0x0000000000003bb4       0x26 /usr/bin/../lib/gcc/arm-none-eabi/4.9.3/../../../../arm-none-eabi/lib/armv7-m/libc_nano.a(lib_a-strtod.o)
 .text.sulp     0x0000000000003bda       0x42 /usr/bin/../lib/gcc/arm-none-eabi/4.9.3/../../../../arm-none-eabi/lib/armv7-m/libc_nano.a(lib_a-strtod.o)
 *fill*         0x0000000000003c1c        0x4 
 .text._strtod_r
                0x0000000000003c20      0xc40 /usr/bin/../lib/gcc/arm-none-eabi/4.9.3/../../../../arm-none-eabi/lib/armv7-m/libc_nano.a(lib_a-strtod.o)
                0x0000000000003c20                _strtod_r
 .text._strtol_r
                0x0000000000004860      0x10c /usr/bin/../lib/gcc/arm-none-eabi/4.9.3/../../../../arm-none-eabi/lib/armv7-m/libc_nano.a(lib_a-strtol.o)
                0x0000000000004860                _strtol_r
 .text._strtoul_r
                0x000000000000496c       0xf8 /usr/bin/../lib/gcc/arm-none-eabi/4.9.3/../../../../arm-none-eabi/lib/armv7-m/libc_nano.a(lib_a-strtoul.o)
                0x000000000000496c                _strtoul_r
 .text.__submore
                0x0000000000004a64       0x72 /usr/bin/../lib/gcc/arm-none-eabi/4.9.3/../../../../arm-none-eabi/lib/armv7-m/libc_nano.a(lib_a-ungetc.o)
                0x0000000000004a64                __submore
 *fill*         0x0000000000004ad6        0x2 
 .text.__swbuf_r
                0x0000000000004ad8       0xa8 /usr/bin/../lib/gcc/arm-none-eabi/4.9.3/../../../../arm-none-eabi/lib/armv7-m/libc_nano.a(lib_a-wbuf.o)
                0x0000000000004ad8                __swbuf_r
 .text._write_r
                0x0000000000004b80       0x24 /usr/bin/../lib/gcc/arm-none-eabi/4.9.3/../../../../arm-none-eabi/lib/armv7-m/libc_nano.a(lib_a-writer.o)
                0x0000000000004b80                _write_r
 .text.__swsetup_r
                0x0000000000004ba4       0xd8 /usr/bin/../lib/gcc/arm-none-eabi/4.9.3/../../../../arm-none-eabi/lib/armv7-m/libc_nano.a(lib_a-wsetup.o)
                0x0000000000004ba4                __swsetup_r
 .text._close_r
                0x0000000000004c7c       0x20 /usr/bin/../lib/gcc/arm-none-eabi/4.9.3/../../../../arm-none-eabi/lib/armv7-m/libc_nano.a(lib_a-closer.o)
                0x0000000000004c7c                _close_r
 .text.quorem   0x0000000000004c9c      0x114 /usr/bin/../lib/gcc/arm-none-eabi/4.9.3/../../../../arm-none-eabi/lib/armv7-m/libc_nano.a(lib_a-dtoa.o)
 .text._dtoa_r  0x0000000000004db0      0xb78 /usr/bin/../lib/gcc/arm-none-eabi/4.9.3/../../../../arm-none-eabi/lib/armv7-m/libc_nano.a(lib_a-dtoa.o)
                0x0000000000004db0                _dtoa_r
 .text.__sflags
                0x0000000000005928       0x6e /usr/bin/../lib/gcc/arm-none-eabi/4.9.3/../../../../arm-none-eabi/lib/armv7-m/libc_nano.a(lib_a-flags.o)
                0x0000000000005928                __sflags
 *fill*         0x0000000000005996        0x2 
 .text._fstat_r
                0x0000000000005998       0x24 /usr/bin/../lib/gcc/arm-none-eabi/4.9.3/../../../../arm-none-eabi/lib/armv7-m/libc_nano.a(lib_a-fstatr.o)
                0x0000000000005998                _fstat_r
 .text.rshift   0x00000000000059bc       0x6c /usr/bin/../lib/gcc/arm-none-eabi/4.9.3/../../../../arm-none-eabi/lib/armv7-m/libc_nano.a(lib_a-gdtoa-gethex.o)
 .text.__hexdig_fun
                0x0000000000005a28       0x2a /usr/bin/../lib/gcc/arm-none-eabi/4.9.3/../../../../arm-none-eabi/lib/armv7-m/libc_nano.a(lib_a-gdtoa-gethex.o)
                0x0000000000005a28                __hexdig_fun
 .text.__gethex
                0x0000000000005a52      0x44a /usr/bin/../lib/gcc/arm-none-eabi/4.9.3/../../../../arm-none-eabi/lib/armv7-m/libc_nano.a(lib_a-gdtoa-gethex.o)
                0x0000000000005a52                __gethex
 .text.L_shift  0x0000000000005e9c       0x24 /usr/bin/../lib/gcc/arm-none-eabi/4.9.3/../../../../arm-none-eabi/lib/armv7-m/libc_nano.a(lib_a-gdtoa-hexnan.o)
 .text.__hexnan
                0x0000000000005ec0      0x114 /usr/bin/../lib/gcc/arm-none-eabi/4.9.3/../../../../arm-none-eabi/lib/armv7-m/libc_nano.a(lib_a-gdtoa-hexnan.o)
                0x0000000000005ec0                __hexnan
 .text._isatty_r
                0x0000000000005fd4       0x20 /usr/bin/../lib/gcc/arm-none-eabi/4.9.3/../../../../arm-none-eabi/lib/armv7-m/libc_nano.a(lib_a-isattyr.o)
                0x0000000000005fd4                _isatty_r
 .text._localeconv_r
                0x0000000000005ff4        0x8 /usr/bin/../lib/gcc/arm-none-eabi/4.9.3/../../../../arm-none-eabi/lib/armv7-m/libc_nano.a(lib_a-locale.o)
                0x0000000000005ff4                _localeconv_r
 .text._lseek_r
                0x0000000000005ffc       0x24 /usr/bin/../lib/gcc/arm-none-eabi/4.9.3/../../../../arm-none-eabi/lib/armv7-m/libc_nano.a(lib_a-lseekr.o)
                0x0000000000005ffc                _lseek_r
 .text.memmove  0x0000000000006020       0x36 /usr/bin/../lib/gcc/arm-none-eabi/4.9.3/../../../../arm-none-eabi/lib/armv7-m/libc_nano.a(lib_a-memmove.o)
                0x0000000000006020                memmove
 .text._Balloc  0x0000000000006056       0x6a /usr/bin/../lib/gcc/arm-none-eabi/4.9.3/../../../../arm-none-eabi/lib/armv7-m/libc_nano.a(lib_a-mprec.o)
                0x0000000000006056                _Balloc
 .text._Bfree   0x00000000000060c0       0x2e /usr/bin/../lib/gcc/arm-none-eabi/4.9.3/../../../../arm-none-eabi/lib/armv7-m/libc_nano.a(lib_a-mprec.o)
                0x00000000000060c0                _Bfree
 .text.__multadd
                0x00000000000060ee       0x7c /usr/bin/../lib/gcc/arm-none-eabi/4.9.3/../../../../arm-none-eabi/lib/armv7-m/libc_nano.a(lib_a-mprec.o)
                0x00000000000060ee                __multadd
 .text.__s2b    0x000000000000616a       0x80 /usr/bin/../lib/gcc/arm-none-eabi/4.9.3/../../../../arm-none-eabi/lib/armv7-m/libc_nano.a(lib_a-mprec.o)
                0x000000000000616a                __s2b
 .text.__hi0bits
                0x00000000000061ea       0x40 /usr/bin/../lib/gcc/arm-none-eabi/4.9.3/../../../../arm-none-eabi/lib/armv7-m/libc_nano.a(lib_a-mprec.o)
                0x00000000000061ea                __hi0bits
 .text.__lo0bits
                0x000000000000622a       0x5a /usr/bin/../lib/gcc/arm-none-eabi/4.9.3/../../../../arm-none-eabi/lib/armv7-m/libc_nano.a(lib_a-mprec.o)
                0x000000000000622a                __lo0bits
 .text.__i2b    0x0000000000006284       0x12 /usr/bin/../lib/gcc/arm-none-eabi/4.9.3/../../../../arm-none-eabi/lib/armv7-m/libc_nano.a(lib_a-mprec.o)
                0x0000000000006284                __i2b
 .text.__multiply
                0x0000000000006296      0x120 /usr/bin/../lib/gcc/arm-none-eabi/4.9.3/../../../../arm-none-eabi/lib/armv7-m/libc_nano.a(lib_a-mprec.o)
                0x0000000000006296                __multiply
 *fill*         0x00000000000063b6        0x2 
 .text.__pow5mult
                0x00000000000063b8       0x9c /usr/bin/../lib/gcc/arm-none-eabi/4.9.3/../../../../arm-none-eabi/lib/armv7-m/libc_nano.a(lib_a-mprec.o)
                0x00000000000063b8                __pow5mult
 .text.__lshift
                0x0000000000006454       0xa6 /usr/bin/../lib/gcc/arm-none-eabi/4.9.3/../../../../arm-none-eabi/lib/armv7-m/libc_nano.a(lib_a-mprec.o)
                0x0000000000006454                __lshift
 .text.__mcmp   0x00000000000064fa       0x38 /usr/bin/../lib/gcc/arm-none-eabi/4.9.3/../../../../arm-none-eabi/lib/armv7-m/libc_nano.a(lib_a-mprec.o)
                0x00000000000064fa                __mcmp
 .text.__mdiff  0x0000000000006532       0xbe /usr/bin/../lib/gcc/arm-none-eabi/4.9.3/../../../../arm-none-eabi/lib/armv7-m/libc_nano.a(lib_a-mprec.o)
                0x0000000000006532                __mdiff
 .text.__ulp    0x00000000000065f0       0x48 /usr/bin/../lib/gcc/arm-none-eabi/4.9.3/../../../../arm-none-eabi/lib/armv7-m/libc_nano.a(lib_a-mprec.o)
                0x00000000000065f0                __ulp
 .text.__b2d    0x0000000000006638       0x9e /usr/bin/../lib/gcc/arm-none-eabi/4.9.3/../../../../arm-none-eabi/lib/armv7-m/libc_nano.a(lib_a-mprec.o)
                0x0000000000006638                __b2d
 .text.__d2b    0x00000000000066d6       0xa4 /usr/bin/../lib/gcc/arm-none-eabi/4.9.3/../../../../arm-none-eabi/lib/armv7-m/libc_nano.a(lib_a-mprec.o)
                0x00000000000066d6                __d2b
 .text.__ratio  0x000000000000677a       0x50 /usr/bin/../lib/gcc/arm-none-eabi/4.9.3/../../../../arm-none-eabi/lib/armv7-m/libc_nano.a(lib_a-mprec.o)
                0x000000000000677a                __ratio
 .text.__copybits
                0x00000000000067ca       0x34 /usr/bin/../lib/gcc/arm-none-eabi/4.9.3/../../../../arm-none-eabi/lib/armv7-m/libc_nano.a(lib_a-mprec.o)
                0x00000000000067ca                __copybits
 .text.__any_on
                0x00000000000067fe       0x44 /usr/bin/../lib/gcc/arm-none-eabi/4.9.3/../../../../arm-none-eabi/lib/armv7-m/libc_nano.a(lib_a-mprec.o)
                0x00000000000067fe                __any_on
 .text._calloc_r
                0x0000000000006842       0x1c /usr/bin/../lib/gcc/arm-none-eabi/4.9.3/../../../../arm-none-eabi/lib/armv7-m/libc_nano.a(lib_a-nano-callocr.o)
                0x0000000000006842                _calloc_r
 .text._realloc_r
                0x000000000000685e       0x4c /usr/bin/../lib/gcc/arm-none-eabi/4.9.3/../../../../arm-none-eabi/lib/armv7-m/libc_nano.a(lib_a-nano-reallocr.o)
                0x000000000000685e                _realloc_r
 .text.__ssputs_r
                0x00000000000068aa       0xb2 /usr/bin/../lib/gcc/arm-none-eabi/4.9.3/../../../../arm-none-eabi/lib/armv7-m/libc_nano.a(lib_a-nano-svfprintf.o)
                0x00000000000068aa                __ssputs_r
 .text._svfprintf_r
                0x000000000000695c      0x1e4 /usr/bin/../lib/gcc/arm-none-eabi/4.9.3/../../../../arm-none-eabi/lib/armv7-m/libc_nano.a(lib_a-nano-svfprintf.o)
                0x000000000000695c                _svfprintf_r
                0x000000000000695c                _svfiprintf_r
 .text._sungetc_r
                0x0000000000006b40       0x7a /usr/bin/../lib/gcc/arm-none-eabi/4.9.3/../../../../arm-none-eabi/lib/armv7-m/libc_nano.a(lib_a-nano-svfscanf.o)
                0x0000000000006b40                _sungetc_r
 .text.__ssrefill_r
                0x0000000000006bba       0x3a /usr/bin/../lib/gcc/arm-none-eabi/4.9.3/../../../../arm-none-eabi/lib/armv7-m/libc_nano.a(lib_a-nano-svfscanf.o)
                0x0000000000006bba                __ssrefill_r
 .text.__ssvfscanf_r
                0x0000000000006bf4      0x29c /usr/bin/../lib/gcc/arm-none-eabi/4.9.3/../../../../arm-none-eabi/lib/armv7-m/libc_nano.a(lib_a-nano-svfscanf.o)
                0x0000000000006bf4                __ssvfscanf_r
                0x0000000000006bf4                __ssvfiscanf_r
 .text._read_r  0x0000000000006e90       0x24 /usr/bin/../lib/gcc/arm-none-eabi/4.9.3/../../../../arm-none-eabi/lib/armv7-m/libc_nano.a(lib_a-readr.o)
                0x0000000000006e90                _read_r
 .text._malloc_usable_size_r
                0x0000000000006eb4       0x14 /usr/bin/../lib/gcc/arm-none-eabi/4.9.3/../../../../arm-none-eabi/lib/armv7-m/libc_nano.a(lib_a-nano-msizer.o)
                0x0000000000006eb4                _malloc_usable_size_r
 .text          0x0000000000006ec8      0x370 /usr/bin/../lib/gcc/arm-none-eabi/4.9.3/armv7-m/libgcc.a(_arm_addsubdf3.o)
                0x0000000000006ec8                __aeabi_drsub
                0x0000000000006ed0                __aeabi_dsub
                0x0000000000006ed0                __subdf3
                0x0000000000006ed4                __adddf3
                0x0000000000006ed4                __aeabi_dadd
                0x000000000000714c                __aeabi_ui2d
                0x000000000000714c                __floatunsidf
                0x000000000000716c                __floatsidf
                0x000000000000716c                __aeabi_i2d
                0x0000000000007190                __extendsfdf2
                0x0000000000007190                __aeabi_f2d
                0x00000000000071cc                __aeabi_ul2d
                0x00000000000071cc                __floatundidf
                0x00000000000071dc                __floatdidf
                0x00000000000071dc                __aeabi_l2d
 .text          0x0000000000007238      0x424 /usr/bin/../lib/gcc/arm-none-eabi/4.9.3/armv7-m/libgcc.a(_arm_muldivdf3.o)
                0x0000000000007238                __aeabi_dmul
                0x0000000000007238                __muldf3
                0x000000000000748c                __aeabi_ddiv
                0x000000000000748c                __divdf3
 .text          0x000000000000765c      0x110 /usr/bin/../lib/gcc/arm-none-eabi/4.9.3/armv7-m/libgcc.a(_arm_cmpdf2.o)
                0x000000000000765c                __gtdf2
                0x000000000000765c                __gedf2
                0x0000000000007664                __ltdf2
                0x0000000000007664                __ledf2
                0x000000000000766c                __cmpdf2
                0x000000000000766c                __eqdf2
                0x000000000000766c                __nedf2
                0x00000000000076e8                __aeabi_cdrcmple
                0x00000000000076f8                __aeabi_cdcmple
                0x00000000000076f8                __aeabi_cdcmpeq
                0x0000000000007708                __aeabi_dcmpeq
                0x000000000000771c                __aeabi_dcmplt
                0x0000000000007730                __aeabi_dcmple
                0x0000000000007744                __aeabi_dcmpge
                0x0000000000007758                __aeabi_dcmpgt
 .text          0x000000000000776c       0x50 /usr/bin/../lib/gcc/arm-none-eabi/4.9.3/armv7-m/libgcc.a(_arm_fixdfsi.o)
                0x000000000000776c                __fixdfsi
                0x000000000000776c                __aeabi_d2iz
 .text          0x00000000000077bc       0x40 /usr/bin/../lib/gcc/arm-none-eabi/4.9.3/armv7-m/libgcc.a(_arm_fixunsdfsi.o)
                0x00000000000077bc                __fixunsdfsi
                0x00000000000077bc                __aeabi_d2uiz
 .text          0x00000000000077fc       0xa0 /usr/bin/../lib/gcc/arm-none-eabi/4.9.3/armv7-m/libgcc.a(_arm_truncdfsf2.o)
                0x00000000000077fc                __aeabi_d2f
                0x00000000000077fc                __truncdfsf2
 *(.init)
 .init          0x000000000000789c        0x4 /usr/bin/../lib/gcc/arm-none-eabi/4.9.3/armv7-m/crti.o
                0x000000000000789c                _init
 .init          0x00000000000078a0        0x8 /usr/bin/../lib/gcc/arm-none-eabi/4.9.3/armv7-m/crtn.o
 *(.fini)
 .fini          0x00000000000078a8        0x4 /usr/bin/../lib/gcc/arm-none-eabi/4.9.3/armv7-m/crti.o
                0x00000000000078a8                _fini
 .fini          0x00000000000078ac        0x8 /usr/bin/../lib/gcc/arm-none-eabi/4.9.3/armv7-m/crtn.o
 *crtbegin.o(.ctors)
 *crtbegin?.o(.ctors)
 *(EXCLUDE_FILE(*crtend.o *crtend?.o) .ctors)
 *(SORT(.ctors.*))
 *(.ctors)
 *crtbegin.o(.dtors)
 *crtbegin?.o(.dtors)
 *(EXCLUDE_FILE(*crtend.o *crtend?.o) .dtors)
 *(SORT(.dtors.*))
 *(.dtors)
 *(.rodata*)
 .rodata.str1.4
                0x00000000000078b4       0x80 mbed/TARGET_LPC1768/TOOLCHAIN_GCC_ARM/board.o
 .rodata.__stdin_name
                0x0000000000007934        0x8 mbed/TARGET_LPC1768/TOOLCHAIN_GCC_ARM/retarget.o
                0x0000000000007934                __stdin_name
 .rodata.__stderr_name
                0x000000000000793c        0x8 mbed/TARGET_LPC1768/TOOLCHAIN_GCC_ARM/retarget.o
                0x000000000000793c                __stderr_name
 .rodata.__stdout_name
                0x0000000000007944        0x8 mbed/TARGET_LPC1768/TOOLCHAIN_GCC_ARM/retarget.o
                0x0000000000007944                __stdout_name
 *fill*         0x000000000000794c        0x4 
 .rodata._ZTVN4mbed10FileHandleE
                0x0000000000007950       0x30 mbed/TARGET_LPC1768/TOOLCHAIN_GCC_ARM/retarget.o
                0x0000000000007950                vtable for mbed::FileHandle
 .rodata.str1.4
                0x0000000000007980        0xe mbed/TARGET_LPC1768/TOOLCHAIN_GCC_ARM/retarget.o
                                         0x10 (size before relaxing)
 *fill*         0x000000000000798e        0x2 
 .rodata.PinMap_UART_RTS
                0x0000000000007990       0x24 ./mbed/TARGET_LPC1768/TOOLCHAIN_GCC_ARM/libmbed.a(serial_api.o)
 .rodata.CSWTCH.24
                0x00000000000079b4       0x10 ./mbed/TARGET_LPC1768/TOOLCHAIN_GCC_ARM/libmbed.a(serial_api.o)
 .rodata.PinMap_UART_RX
                0x00000000000079c4       0x6c ./mbed/TARGET_LPC1768/TOOLCHAIN_GCC_ARM/libmbed.a(serial_api.o)
 .rodata.str1.4
                0x0000000000007a30      0x1d0 ./mbed/TARGET_LPC1768/TOOLCHAIN_GCC_ARM/libmbed.a(serial_api.o)
                                        0x1e8 (size before relaxing)
 .rodata.PinMap_UART_TX
                0x0000000000007c00       0x6c ./mbed/TARGET_LPC1768/TOOLCHAIN_GCC_ARM/libmbed.a(serial_api.o)
 .rodata.PinMap_UART_CTS
                0x0000000000007c6c       0x24 ./mbed/TARGET_LPC1768/TOOLCHAIN_GCC_ARM/libmbed.a(serial_api.o)
 .rodata._ZTVN4mbed10SerialBaseE
                0x0000000000007c90       0x10 ./mbed/TARGET_LPC1768/TOOLCHAIN_GCC_ARM/libmbed.a(SerialBase.o)
                0x0000000000007c90                vtable for mbed::SerialBase
 .rodata._ZTVN4mbed6StreamE
                0x0000000000007ca0       0x48 ./mbed/TARGET_LPC1768/TOOLCHAIN_GCC_ARM/libmbed.a(Stream.o)
                0x0000000000007ca0                vtable for mbed::Stream
 .rodata.str1.4
                0x0000000000007ce8        0x3 ./mbed/TARGET_LPC1768/TOOLCHAIN_GCC_ARM/libmbed.a(Stream.o)
                                          0x8 (size before relaxing)
 *fill*         0x0000000000007ceb        0x5 
 .rodata._ZTVN4mbed6SerialE
                0x0000000000007cf0       0x60 ./mbed/TARGET_LPC1768/TOOLCHAIN_GCC_ARM/libmbed.a(Serial.o)
                0x0000000000007cf0                vtable for mbed::Serial
 .rodata.str1.4
                0x0000000000007d50       0x31 ./mbed/TARGET_LPC1768/TOOLCHAIN_GCC_ARM/libmbed.a(assert.o)
                                         0x34 (size before relaxing)
 .rodata.str1.4
                0x0000000000000000       0x80 ./mbed/TARGET_LPC1768/TOOLCHAIN_GCC_ARM/libmbed.a(gpio.o)
 *fill*         0x0000000000007d81        0x3 
 .rodata.str1.4
                0x0000000000007d84       0x66 ./mbed/TARGET_LPC1768/TOOLCHAIN_GCC_ARM/libmbed.a(pinmap_common.o)
                                         0x68 (size before relaxing)
 *fill*         0x0000000000007dea        0x2 
 .rodata.str1.4
                0x0000000000007dec       0x7a ./mbed/TARGET_LPC1768/TOOLCHAIN_GCC_ARM/libmbed.a(gpio_api.o)
                                         0x94 (size before relaxing)
 *fill*         0x0000000000007e66        0x2 
 .rodata.str1.4
                0x0000000000007e68       0x64 ./mbed/TARGET_LPC1768/TOOLCHAIN_GCC_ARM/libmbed.a(pinmap.o)
                                         0x78 (size before relaxing)
 *fill*         0x0000000000007ecc        0x4 
 .rodata._ZTVN4mbed8FileBaseE
                0x0000000000007ed0       0x10 ./mbed/TARGET_LPC1768/TOOLCHAIN_GCC_ARM/libmbed.a(FileBase.o)
                0x0000000000007ed0                vtable for mbed::FileBase
 .rodata._ZTVN4mbed8FileLikeE
                0x0000000000007ee0       0x40 ./mbed/TARGET_LPC1768/TOOLCHAIN_GCC_ARM/libmbed.a(FileLike.o)
                0x0000000000007ee0                vtable for mbed::FileLike
 .rodata.__sf_fake_stdin
                0x0000000000007f20       0x20 /usr/bin/../lib/gcc/arm-none-eabi/4.9.3/../../../../arm-none-eabi/lib/armv7-m/libc_nano.a(lib_a-findfp.o)
                0x0000000000007f20                __sf_fake_stdin
 .rodata.__sf_fake_stdout
                0x0000000000007f40       0x20 /usr/bin/../lib/gcc/arm-none-eabi/4.9.3/../../../../arm-none-eabi/lib/armv7-m/libc_nano.a(lib_a-findfp.o)
                0x0000000000007f40                __sf_fake_stdout
 .rodata.__sf_fake_stderr
                0x0000000000007f60       0x20 /usr/bin/../lib/gcc/arm-none-eabi/4.9.3/../../../../arm-none-eabi/lib/armv7-m/libc_nano.a(lib_a-findfp.o)
                0x0000000000007f60                __sf_fake_stderr
 .rodata.str1.1
                0x0000000000007f80        0x2 /usr/bin/../lib/gcc/arm-none-eabi/4.9.3/../../../../arm-none-eabi/lib/armv7-m/libc_nano.a(lib_a-impure.o)
 *fill*         0x0000000000007f82        0x2 
 .rodata._global_impure_ptr
                0x0000000000007f84        0x4 /usr/bin/../lib/gcc/arm-none-eabi/4.9.3/../../../../arm-none-eabi/lib/armv7-m/libc_nano.a(lib_a-impure.o)
                0x0000000000007f84                _global_impure_ptr
 .rodata.str1.1
                0x0000000000007f88       0x11 /usr/bin/../lib/gcc/arm-none-eabi/4.9.3/../../../../arm-none-eabi/lib/armv7-m/libc_nano.a(lib_a-nano-vfprintf.o)
 .rodata.str1.1
                0x0000000000007f99       0x10 /usr/bin/../lib/gcc/arm-none-eabi/4.9.3/../../../../arm-none-eabi/lib/armv7-m/libc_nano.a(lib_a-nano-vfprintf_float.o)
                                         0x12 (size before relaxing)
 .rodata.str1.1
                0x0000000000007fa9       0x22 /usr/bin/../lib/gcc/arm-none-eabi/4.9.3/../../../../arm-none-eabi/lib/armv7-m/libc_nano.a(lib_a-nano-vfprintf_i.o)
 .rodata.str1.1
                0x0000000000007fcb        0x5 /usr/bin/../lib/gcc/arm-none-eabi/4.9.3/../../../../arm-none-eabi/lib/armv7-m/libc_nano.a(lib_a-nano-vfscanf_float.o)
 .rodata        0x0000000000007fd0        0xc /usr/bin/../lib/gcc/arm-none-eabi/4.9.3/../../../../arm-none-eabi/lib/armv7-m/libc_nano.a(lib_a-nano-vfscanf_i.o)
 .rodata.str1.1
                0x0000000000007fdc       0x1b /usr/bin/../lib/gcc/arm-none-eabi/4.9.3/../../../../arm-none-eabi/lib/armv7-m/libc_nano.a(lib_a-nano-vfscanf_i.o)
 *fill*         0x0000000000007ff7        0x1 
 .rodata.fpinan.5309
                0x0000000000007ff8       0x14 /usr/bin/../lib/gcc/arm-none-eabi/4.9.3/../../../../arm-none-eabi/lib/armv7-m/libc_nano.a(lib_a-strtod.o)
 .rodata.str1.1
                0x0000000000000000       0x1b /usr/bin/../lib/gcc/arm-none-eabi/4.9.3/../../../../arm-none-eabi/lib/armv7-m/libc_nano.a(lib_a-strtod.o)
                                          0xc (size before relaxing)
 *fill*         0x000000000000800c        0x4 
 .rodata.tinytens
                0x0000000000008010       0x28 /usr/bin/../lib/gcc/arm-none-eabi/4.9.3/../../../../arm-none-eabi/lib/armv7-m/libc_nano.a(lib_a-strtod.o)
 .rodata.fpi.5273
                0x0000000000008038       0x14 /usr/bin/../lib/gcc/arm-none-eabi/4.9.3/../../../../arm-none-eabi/lib/armv7-m/libc_nano.a(lib_a-strtod.o)
 .rodata._ctype_
                0x000000000000804c      0x101 /usr/bin/../lib/gcc/arm-none-eabi/4.9.3/../../../../arm-none-eabi/lib/armv7-m/libc_nano.a(lib_a-ctype_.o)
                0x000000000000804c                _ctype_
 .rodata.str1.1
                0x000000000000814d        0xd /usr/bin/../lib/gcc/arm-none-eabi/4.9.3/../../../../arm-none-eabi/lib/armv7-m/libc_nano.a(lib_a-dtoa.o)
                                          0xf (size before relaxing)
 .rodata.str1.1
                0x000000000000815a        0x8 /usr/bin/../lib/gcc/arm-none-eabi/4.9.3/../../../../arm-none-eabi/lib/armv7-m/libc_nano.a(lib_a-locale.o)
                                          0xb (size before relaxing)
 *fill*         0x0000000000008162        0x6 
 .rodata.__mprec_tens
                0x0000000000008168       0xc8 /usr/bin/../lib/gcc/arm-none-eabi/4.9.3/../../../../arm-none-eabi/lib/armv7-m/libc_nano.a(lib_a-mprec.o)
                0x0000000000008168                __mprec_tens
 .rodata.__mprec_bigtens
                0x0000000000008230       0x28 /usr/bin/../lib/gcc/arm-none-eabi/4.9.3/../../../../arm-none-eabi/lib/armv7-m/libc_nano.a(lib_a-mprec.o)
                0x0000000000008230                __mprec_bigtens
 .rodata.p05.5308
                0x0000000000008258        0xc /usr/bin/../lib/gcc/arm-none-eabi/4.9.3/../../../../arm-none-eabi/lib/armv7-m/libc_nano.a(lib_a-mprec.o)
 .rodata.str1.1
                0x0000000000000000       0x11 /usr/bin/../lib/gcc/arm-none-eabi/4.9.3/../../../../arm-none-eabi/lib/armv7-m/libc_nano.a(lib_a-nano-svfprintf.o)
 .rodata.str1.1
                0x0000000000000000        0x4 /usr/bin/../lib/gcc/arm-none-eabi/4.9.3/../../../../arm-none-eabi/lib/armv7-m/libc_nano.a(lib_a-nano-svfscanf.o)
 *(.eh_frame*)
 .eh_frame      0x0000000000008264        0x0 /usr/bin/../lib/gcc/arm-none-eabi/4.9.3/armv7-m/crtbegin.o
 .eh_frame      0x0000000000008264       0x28 /usr/bin/../lib/gcc/arm-none-eabi/4.9.3/../../../../arm-none-eabi/lib/armv7-m/libc_nano.a(lib_a-strcmp.o)
 .eh_frame      0x000000000000828c        0x4 /usr/bin/../lib/gcc/arm-none-eabi/4.9.3/armv7-m/crtend.o

.glue_7         0x0000000000008290        0x0
 .glue_7        0x0000000000000000        0x0 linker stubs

.glue_7t        0x0000000000008290        0x0
 .glue_7t       0x0000000000000000        0x0 linker stubs

.vfp11_veneer   0x0000000000008290        0x0
 .vfp11_veneer  0x0000000000000000        0x0 linker stubs

.v4_bx          0x0000000000008290        0x0
 .v4_bx         0x0000000000000000        0x0 linker stubs

.iplt           0x0000000000008290        0x0
 .iplt          0x0000000000000000        0x0 /usr/bin/../lib/gcc/arm-none-eabi/4.9.3/armv7-m/crtbegin.o

.ARM.extab
 *(.ARM.extab* .gnu.linkonce.armextab.*)
                0x0000000000008290                __exidx_start = .

.ARM.exidx      0x0000000000008290        0x8
 *(.ARM.exidx* .gnu.linkonce.armexidx.*)
 .ARM.exidx     0x0000000000008290        0x8 /usr/bin/../lib/gcc/arm-none-eabi/4.9.3/../../../../arm-none-eabi/lib/armv7-m/crt0.o
                0x0000000000008298                __exidx_end = .
                0x0000000000008298                __etext = .

.rel.dyn        0x0000000000008298        0x0
 .rel.iplt      0x0000000000000000        0x0 /usr/bin/../lib/gcc/arm-none-eabi/4.9.3/armv7-m/crtbegin.o

.data           0x00000000100000c8       0xb8 load address 0x0000000000008298
                0x00000000100000c8                __data_start__ = .
                0x00000000100000c8                Image$$RW_IRAM1$$Base = .
 *(vtable)
 *(.data*)
 .data          0x00000000100000c8        0x4 /usr/bin/../lib/gcc/arm-none-eabi/4.9.3/armv7-m/crtbegin.o
                0x00000000100000c8                __dso_handle
 .data.SystemCoreClock
                0x00000000100000cc        0x4 mbed/TARGET_LPC1768/TOOLCHAIN_GCC_ARM/system_LPC17xx.o
                0x00000000100000cc                SystemCoreClock
 .data._ZZ5_sbrkE4heap
                0x00000000100000d0        0x4 mbed/TARGET_LPC1768/TOOLCHAIN_GCC_ARM/retarget.o
 .data.impure_data
                0x00000000100000d4       0x60 /usr/bin/../lib/gcc/arm-none-eabi/4.9.3/../../../../arm-none-eabi/lib/armv7-m/libc_nano.a(lib_a-impure.o)
 .data._impure_ptr
                0x0000000010000134        0x4 /usr/bin/../lib/gcc/arm-none-eabi/4.9.3/../../../../arm-none-eabi/lib/armv7-m/libc_nano.a(lib_a-impure.o)
                0x0000000010000134                _impure_ptr
 .data.__ctype_ptr__
                0x0000000010000138        0x4 /usr/bin/../lib/gcc/arm-none-eabi/4.9.3/../../../../arm-none-eabi/lib/armv7-m/libc_nano.a(lib_a-ctype_.o)
                0x0000000010000138                __ctype_ptr__
 .data.lconv    0x000000001000013c       0x38 /usr/bin/../lib/gcc/arm-none-eabi/4.9.3/../../../../arm-none-eabi/lib/armv7-m/libc_nano.a(lib_a-locale.o)
                0x0000000010000174                . = ALIGN (0x4)
                0x0000000010000174                PROVIDE (__preinit_array_start, .)
 *(.preinit_array)
                0x0000000010000174                PROVIDE (__preinit_array_end, .)
                0x0000000010000174                . = ALIGN (0x4)
                0x0000000010000174                PROVIDE (__init_array_start, .)
 *(SORT(.init_array.*))
 *(.init_array)
 .init_array    0x0000000010000174        0x4 /usr/bin/../lib/gcc/arm-none-eabi/4.9.3/armv7-m/crtbegin.o
 .init_array    0x0000000010000178        0x4 main.o
                0x000000001000017c                PROVIDE (__init_array_end, .)
                0x000000001000017c                . = ALIGN (0x4)
                0x000000001000017c                PROVIDE (__fini_array_start, .)
 *(SORT(.fini_array.*))
 *(.fini_array)
 .fini_array    0x000000001000017c        0x4 /usr/bin/../lib/gcc/arm-none-eabi/4.9.3/armv7-m/crtbegin.o
                0x0000000010000180                PROVIDE (__fini_array_end, .)
                0x0000000010000180                . = ALIGN (0x4)
                0x0000000010000180                __data_end__ = .

.jcr            0x0000000010000180        0x0 load address 0x0000000000008350
 .jcr           0x0000000010000180        0x0 /usr/bin/../lib/gcc/arm-none-eabi/4.9.3/armv7-m/crtbegin.o

.igot.plt       0x0000000010000180        0x0 load address 0x0000000000008350
 .igot.plt      0x0000000000000000        0x0 /usr/bin/../lib/gcc/arm-none-eabi/4.9.3/armv7-m/crtbegin.o

.bss            0x0000000010000180      0x308 load address 0x0000000000008350
                0x0000000010000180                __bss_start__ = .
 *(.bss*)
 .bss           0x0000000010000180       0x1c /usr/bin/../lib/gcc/arm-none-eabi/4.9.3/armv7-m/crtbegin.o
 .bss.green_led
                0x000000001000019c       0x18 main.o
                0x000000001000019c                green_led
 .bss.switch_word
                0x00000000100001b4        0x1 main.o
                0x00000000100001b4                switch_word
 *fill*         0x00000000100001b5        0x3 
 .bss.switch_ip1
                0x00000000100001b8       0x18 main.o
                0x00000000100001b8                switch_ip1
 .bss.switch_ip2
                0x00000000100001d0       0x18 main.o
                0x00000000100001d0                switch_ip2
 .bss.async_port
                0x00000000100001e8       0x60 main.o
                0x00000000100001e8                async_port
 .bss.recd_val  0x0000000010000248        0x1 main.o
                0x0000000010000248                recd_val
 *fill*         0x0000000010000249        0x3 
 .bss.red_led   0x000000001000024c       0x18 main.o
                0x000000001000024c                red_led
 .bss.strobe    0x0000000010000264       0x18 main.o
                0x0000000010000264                strobe
 .bss._ZL11filehandles
                0x000000001000027c      0x100 mbed/TARGET_LPC1768/TOOLCHAIN_GCC_ARM/retarget.o
 .bss.stdio_uart_inited
                0x000000001000037c        0x4 ./mbed/TARGET_LPC1768/TOOLCHAIN_GCC_ARM/libmbed.a(serial_api.o)
                0x000000001000037c                stdio_uart_inited
 .bss.irq_handler
                0x0000000010000380        0x4 ./mbed/TARGET_LPC1768/TOOLCHAIN_GCC_ARM/libmbed.a(serial_api.o)
 .bss.uart_data
                0x0000000010000384       0xe0 ./mbed/TARGET_LPC1768/TOOLCHAIN_GCC_ARM/libmbed.a(serial_api.o)
 .bss.us_ticker_inited
                0x0000000010000464        0x4 ./mbed/TARGET_LPC1768/TOOLCHAIN_GCC_ARM/libmbed.a(us_ticker.o)
                0x0000000010000464                us_ticker_inited
 .bss._ZN4mbed8FileBase5_headE
                0x0000000010000468        0x4 ./mbed/TARGET_LPC1768/TOOLCHAIN_GCC_ARM/libmbed.a(FileBase.o)
                0x0000000010000468                mbed::FileBase::_head
 .bss.head      0x000000001000046c        0x4 ./mbed/TARGET_LPC1768/TOOLCHAIN_GCC_ARM/libmbed.a(us_ticker_api.o)
 .bss.event_handler
                0x0000000010000470        0x4 ./mbed/TARGET_LPC1768/TOOLCHAIN_GCC_ARM/libmbed.a(us_ticker_api.o)
 .bss.__malloc_sbrk_start
                0x0000000010000474        0x4 /usr/bin/../lib/gcc/arm-none-eabi/4.9.3/../../../../arm-none-eabi/lib/armv7-m/libc_nano.a(lib_a-nano-mallocr.o)
                0x0000000010000474                __malloc_sbrk_start
 .bss.__malloc_free_list
                0x0000000010000478        0x4 /usr/bin/../lib/gcc/arm-none-eabi/4.9.3/../../../../arm-none-eabi/lib/armv7-m/libc_nano.a(lib_a-nano-mallocr.o)
                0x0000000010000478                __malloc_free_list
 *(COMMON)
 COMMON         0x000000001000047c        0x8 ./mbed/TARGET_LPC1768/TOOLCHAIN_GCC_ARM/libmbed.a(serial_api.o)
                0x000000001000047c                stdio_uart
 COMMON         0x0000000010000484        0x4 /usr/bin/../lib/gcc/arm-none-eabi/4.9.3/../../../../arm-none-eabi/lib/armv7-m/libc_nano.a(lib_a-reent.o)
                0x0000000010000484                errno
                0x0000000010000488                __bss_end__ = .
                0x0000000010000488                Image$$RW_IRAM1$$ZI$$Limit = .

.heap           0x0000000010000488      0x800
                0x0000000010000488                __end__ = .
                0x0000000010000488                end = __end__
 *(.heap*)
 .heap          0x0000000010000488      0x800 mbed/TARGET_LPC1768/TOOLCHAIN_GCC_ARM/startup_LPC17xx.o
                0x0000000010000488                __HeapBase
                0x0000000010000c88                __HeapLimit = .

.stack_dummy    0x0000000010000488      0xc00
 *(.stack)
 .stack         0x0000000010000488      0xc00 mbed/TARGET_LPC1768/TOOLCHAIN_GCC_ARM/startup_LPC17xx.o
                0x0000000010008000                __StackTop = (ORIGIN (RAM) + 0x7f38)
                0x0000000010007400                __StackLimit = (__StackTop - SIZEOF (.stack_dummy))
                0x0000000010008000                PROVIDE (__stack, __StackTop)
                0x0000000000000001                ASSERT ((__StackLimit >= __HeapLimit), region RAM overflowed with stack)

.AHBSRAM0       0x000000002007c000        0x0
                0x000000002007c000                Image$$RW_IRAM2$$Base = .
 *(AHBSRAM0)
                0x000000002007c000                Image$$RW_IRAM2$$ZI$$Limit = .

.AHBSRAM1       0x0000000020080000        0x0
                0x0000000020080000                Image$$RW_IRAM3$$Base = .
 *(AHBSRAM1)
                0x0000000020080000                Image$$RW_IRAM3$$ZI$$Limit = .
OUTPUT(hw03.elf elf32-littlearm)

.ARM.attributes
                0x0000000000000000       0x29
 .ARM.attributes
                0x0000000000000000       0x1d /usr/bin/../lib/gcc/arm-none-eabi/4.9.3/armv7-m/crti.o
 .ARM.attributes
                0x000000000000001d       0x2d /usr/bin/../lib/gcc/arm-none-eabi/4.9.3/armv7-m/crtbegin.o
 .ARM.attributes
                0x000000000000004a       0x1b /usr/bin/../lib/gcc/arm-none-eabi/4.9.3/../../../../arm-none-eabi/lib/armv7-m/crt0.o
 .ARM.attributes
                0x0000000000000065       0x33 main.o
 .ARM.attributes
                0x0000000000000098       0x33 mbed/TARGET_LPC1768/TOOLCHAIN_GCC_ARM/cmsis_nvic.o
 .ARM.attributes
                0x00000000000000cb       0x33 mbed/TARGET_LPC1768/TOOLCHAIN_GCC_ARM/system_LPC17xx.o
 .ARM.attributes
                0x00000000000000fe       0x33 mbed/TARGET_LPC1768/TOOLCHAIN_GCC_ARM/board.o
 .ARM.attributes
                0x0000000000000131       0x33 mbed/TARGET_LPC1768/TOOLCHAIN_GCC_ARM/retarget.o
 .ARM.attributes
                0x0000000000000164       0x1b mbed/TARGET_LPC1768/TOOLCHAIN_GCC_ARM/startup_LPC17xx.o
 .ARM.attributes
                0x000000000000017f       0x33 ./mbed/TARGET_LPC1768/TOOLCHAIN_GCC_ARM/libmbed.a(serial_api.o)
 .ARM.attributes
                0x00000000000001b2       0x33 ./mbed/TARGET_LPC1768/TOOLCHAIN_GCC_ARM/libmbed.a(FilePath.o)
 .ARM.attributes
                0x00000000000001e5       0x33 ./mbed/TARGET_LPC1768/TOOLCHAIN_GCC_ARM/libmbed.a(SerialBase.o)
 .ARM.attributes
                0x0000000000000218       0x33 ./mbed/TARGET_LPC1768/TOOLCHAIN_GCC_ARM/libmbed.a(Stream.o)
 .ARM.attributes
                0x000000000000024b       0x33 ./mbed/TARGET_LPC1768/TOOLCHAIN_GCC_ARM/libmbed.a(Serial.o)
 .ARM.attributes
                0x000000000000027e       0x33 ./mbed/TARGET_LPC1768/TOOLCHAIN_GCC_ARM/libmbed.a(assert.o)
 .ARM.attributes
                0x00000000000002b1       0x33 ./mbed/TARGET_LPC1768/TOOLCHAIN_GCC_ARM/libmbed.a(error.o)
 .ARM.attributes
                0x00000000000002e4       0x33 ./mbed/TARGET_LPC1768/TOOLCHAIN_GCC_ARM/libmbed.a(mbed_interface.o)
 .ARM.attributes
                0x0000000000000317       0x33 ./mbed/TARGET_LPC1768/TOOLCHAIN_GCC_ARM/libmbed.a(gpio.o)
 .ARM.attributes
                0x000000000000034a       0x33 ./mbed/TARGET_LPC1768/TOOLCHAIN_GCC_ARM/libmbed.a(pinmap_common.o)
 .ARM.attributes
                0x000000000000037d       0x33 ./mbed/TARGET_LPC1768/TOOLCHAIN_GCC_ARM/libmbed.a(semihost_api.o)
 .ARM.attributes
                0x00000000000003b0       0x33 ./mbed/TARGET_LPC1768/TOOLCHAIN_GCC_ARM/libmbed.a(wait_api.o)
 .ARM.attributes
                0x00000000000003e3       0x33 ./mbed/TARGET_LPC1768/TOOLCHAIN_GCC_ARM/libmbed.a(gpio_api.o)
 .ARM.attributes
                0x0000000000000416       0x33 ./mbed/TARGET_LPC1768/TOOLCHAIN_GCC_ARM/libmbed.a(pinmap.o)
 .ARM.attributes
                0x0000000000000449       0x33 ./mbed/TARGET_LPC1768/TOOLCHAIN_GCC_ARM/libmbed.a(us_ticker.o)
 .ARM.attributes
                0x000000000000047c       0x33 ./mbed/TARGET_LPC1768/TOOLCHAIN_GCC_ARM/libmbed.a(FileBase.o)
 .ARM.attributes
                0x00000000000004af       0x33 ./mbed/TARGET_LPC1768/TOOLCHAIN_GCC_ARM/libmbed.a(FileLike.o)
 .ARM.attributes
                0x00000000000004e2       0x33 ./mbed/TARGET_LPC1768/TOOLCHAIN_GCC_ARM/libmbed.a(FunctionPointer.o)
 .ARM.attributes
                0x0000000000000515       0x33 ./mbed/TARGET_LPC1768/TOOLCHAIN_GCC_ARM/libmbed.a(us_ticker_api.o)
 .ARM.attributes
                0x0000000000000548       0x2d /usr/bin/../lib/gcc/arm-none-eabi/4.9.3/../../../../arm-none-eabi/lib/armv7-m/libstdc++_nano.a(atexit_arm.o)
 .ARM.attributes
                0x0000000000000575       0x2d /usr/bin/../lib/gcc/arm-none-eabi/4.9.3/../../../../arm-none-eabi/lib/armv7-m/libstdc++_nano.a(del_op.o)
 .ARM.attributes
                0x00000000000005a2       0x2d /usr/bin/../lib/gcc/arm-none-eabi/4.9.3/../../../../arm-none-eabi/lib/armv7-m/libc_nano.a(lib_a-abs.o)
 .ARM.attributes
                0x00000000000005cf       0x2d /usr/bin/../lib/gcc/arm-none-eabi/4.9.3/../../../../arm-none-eabi/lib/armv7-m/libc_nano.a(lib_a-cxa_atexit.o)
 .ARM.attributes
                0x00000000000005fc       0x2d /usr/bin/../lib/gcc/arm-none-eabi/4.9.3/../../../../arm-none-eabi/lib/armv7-m/libc_nano.a(lib_a-errno.o)
 .ARM.attributes
                0x0000000000000629       0x2d /usr/bin/../lib/gcc/arm-none-eabi/4.9.3/../../../../arm-none-eabi/lib/armv7-m/libc_nano.a(lib_a-exit.o)
 .ARM.attributes
                0x0000000000000656       0x2d /usr/bin/../lib/gcc/arm-none-eabi/4.9.3/../../../../arm-none-eabi/lib/armv7-m/libc_nano.a(lib_a-fclose.o)
 .ARM.attributes
                0x0000000000000683       0x2d /usr/bin/../lib/gcc/arm-none-eabi/4.9.3/../../../../arm-none-eabi/lib/armv7-m/libc_nano.a(lib_a-fflush.o)
 .ARM.attributes
                0x00000000000006b0       0x2d /usr/bin/../lib/gcc/arm-none-eabi/4.9.3/../../../../arm-none-eabi/lib/armv7-m/libc_nano.a(lib_a-fgetc.o)
 .ARM.attributes
                0x00000000000006dd       0x2d /usr/bin/../lib/gcc/arm-none-eabi/4.9.3/../../../../arm-none-eabi/lib/armv7-m/libc_nano.a(lib_a-findfp.o)
 .ARM.attributes
                0x000000000000070a       0x2d /usr/bin/../lib/gcc/arm-none-eabi/4.9.3/../../../../arm-none-eabi/lib/armv7-m/libc_nano.a(lib_a-fopen.o)
 .ARM.attributes
                0x0000000000000737       0x2d /usr/bin/../lib/gcc/arm-none-eabi/4.9.3/../../../../arm-none-eabi/lib/armv7-m/libc_nano.a(lib_a-fprintf.o)
 .ARM.attributes
                0x0000000000000764       0x2d /usr/bin/../lib/gcc/arm-none-eabi/4.9.3/../../../../arm-none-eabi/lib/armv7-m/libc_nano.a(lib_a-fputc.o)
 .ARM.attributes
                0x0000000000000791       0x2d /usr/bin/../lib/gcc/arm-none-eabi/4.9.3/../../../../arm-none-eabi/lib/armv7-m/libc_nano.a(lib_a-fseek.o)
 .ARM.attributes
                0x00000000000007be       0x2d /usr/bin/../lib/gcc/arm-none-eabi/4.9.3/../../../../arm-none-eabi/lib/armv7-m/libc_nano.a(lib_a-fseeko.o)
 .ARM.attributes
                0x00000000000007eb       0x2d /usr/bin/../lib/gcc/arm-none-eabi/4.9.3/../../../../arm-none-eabi/lib/armv7-m/libc_nano.a(lib_a-fwalk.o)
 .ARM.attributes
                0x0000000000000818       0x2d /usr/bin/../lib/gcc/arm-none-eabi/4.9.3/../../../../arm-none-eabi/lib/armv7-m/libc_nano.a(lib_a-impure.o)
 .ARM.attributes
                0x0000000000000845       0x2d /usr/bin/../lib/gcc/arm-none-eabi/4.9.3/../../../../arm-none-eabi/lib/armv7-m/libc_nano.a(lib_a-init.o)
 .ARM.attributes
                0x0000000000000872       0x2d /usr/bin/../lib/gcc/arm-none-eabi/4.9.3/../../../../arm-none-eabi/lib/armv7-m/libc_nano.a(lib_a-makebuf.o)
 .ARM.attributes
                0x000000000000089f       0x2d /usr/bin/../lib/gcc/arm-none-eabi/4.9.3/../../../../arm-none-eabi/lib/armv7-m/libc_nano.a(lib_a-malloc.o)
 .ARM.attributes
                0x00000000000008cc       0x2d /usr/bin/../lib/gcc/arm-none-eabi/4.9.3/../../../../arm-none-eabi/lib/armv7-m/libc_nano.a(lib_a-memchr.o)
 .ARM.attributes
                0x00000000000008f9       0x2d /usr/bin/../lib/gcc/arm-none-eabi/4.9.3/../../../../arm-none-eabi/lib/armv7-m/libc_nano.a(lib_a-memcpy.o)
 .ARM.attributes
                0x0000000000000926       0x2d /usr/bin/../lib/gcc/arm-none-eabi/4.9.3/../../../../arm-none-eabi/lib/armv7-m/libc_nano.a(lib_a-memset.o)
 .ARM.attributes
                0x0000000000000953       0x2d /usr/bin/../lib/gcc/arm-none-eabi/4.9.3/../../../../arm-none-eabi/lib/armv7-m/libc_nano.a(lib_a-nano-freer.o)
 .ARM.attributes
                0x0000000000000980       0x2d /usr/bin/../lib/gcc/arm-none-eabi/4.9.3/../../../../arm-none-eabi/lib/armv7-m/libc_nano.a(lib_a-nano-mallocr.o)
 .ARM.attributes
                0x00000000000009ad       0x2d /usr/bin/../lib/gcc/arm-none-eabi/4.9.3/../../../../arm-none-eabi/lib/armv7-m/libc_nano.a(lib_a-nano-vfprintf.o)
 .ARM.attributes
                0x00000000000009da       0x2d /usr/bin/../lib/gcc/arm-none-eabi/4.9.3/../../../../arm-none-eabi/lib/armv7-m/libc_nano.a(lib_a-nano-vfprintf_float.o)
 .ARM.attributes
                0x0000000000000a07       0x2d /usr/bin/../lib/gcc/arm-none-eabi/4.9.3/../../../../arm-none-eabi/lib/armv7-m/libc_nano.a(lib_a-nano-vfprintf_i.o)
 .ARM.attributes
                0x0000000000000a34       0x2d /usr/bin/../lib/gcc/arm-none-eabi/4.9.3/../../../../arm-none-eabi/lib/armv7-m/libc_nano.a(lib_a-nano-vfscanf_float.o)
 .ARM.attributes
                0x0000000000000a61       0x2d /usr/bin/../lib/gcc/arm-none-eabi/4.9.3/../../../../arm-none-eabi/lib/armv7-m/libc_nano.a(lib_a-nano-vfscanf_i.o)
 .ARM.attributes
                0x0000000000000a8e       0x2d /usr/bin/../lib/gcc/arm-none-eabi/4.9.3/../../../../arm-none-eabi/lib/armv7-m/libc_nano.a(lib_a-openr.o)
 .ARM.attributes
                0x0000000000000abb       0x2d /usr/bin/../lib/gcc/arm-none-eabi/4.9.3/../../../../arm-none-eabi/lib/armv7-m/libc_nano.a(lib_a-putc.o)
 .ARM.attributes
                0x0000000000000ae8       0x2d /usr/bin/../lib/gcc/arm-none-eabi/4.9.3/../../../../arm-none-eabi/lib/armv7-m/libc_nano.a(lib_a-reent.o)
 .ARM.attributes
                0x0000000000000b15       0x2d /usr/bin/../lib/gcc/arm-none-eabi/4.9.3/../../../../arm-none-eabi/lib/armv7-m/libc_nano.a(lib_a-refill.o)
 .ARM.attributes
                0x0000000000000b42       0x2d /usr/bin/../lib/gcc/arm-none-eabi/4.9.3/../../../../arm-none-eabi/lib/armv7-m/libc_nano.a(lib_a-rget.o)
 .ARM.attributes
                0x0000000000000b6f       0x2d /usr/bin/../lib/gcc/arm-none-eabi/4.9.3/../../../../arm-none-eabi/lib/armv7-m/libc_nano.a(lib_a-s_fpclassify.o)
 .ARM.attributes
                0x0000000000000b9c       0x2d /usr/bin/../lib/gcc/arm-none-eabi/4.9.3/../../../../arm-none-eabi/lib/armv7-m/libc_nano.a(lib_a-sbrkr.o)
 .ARM.attributes
                0x0000000000000bc9       0x2d /usr/bin/../lib/gcc/arm-none-eabi/4.9.3/../../../../arm-none-eabi/lib/armv7-m/libc_nano.a(lib_a-sccl.o)
 .ARM.attributes
                0x0000000000000bf6       0x2d /usr/bin/../lib/gcc/arm-none-eabi/4.9.3/../../../../arm-none-eabi/lib/armv7-m/libc_nano.a(lib_a-setbuf.o)
 .ARM.attributes
                0x0000000000000c23       0x2d /usr/bin/../lib/gcc/arm-none-eabi/4.9.3/../../../../arm-none-eabi/lib/armv7-m/libc_nano.a(lib_a-setvbuf.o)
 .ARM.attributes
                0x0000000000000c50       0x2d /usr/bin/../lib/gcc/arm-none-eabi/4.9.3/../../../../arm-none-eabi/lib/armv7-m/libc_nano.a(lib_a-sf_nan.o)
 .ARM.attributes
                0x0000000000000c7d       0x2d /usr/bin/../lib/gcc/arm-none-eabi/4.9.3/../../../../arm-none-eabi/lib/armv7-m/libc_nano.a(lib_a-sprintf.o)
 .ARM.attributes
                0x0000000000000caa       0x2d /usr/bin/../lib/gcc/arm-none-eabi/4.9.3/../../../../arm-none-eabi/lib/armv7-m/libc_nano.a(lib_a-sscanf.o)
 .ARM.attributes
                0x0000000000000cd7       0x2d /usr/bin/../lib/gcc/arm-none-eabi/4.9.3/../../../../arm-none-eabi/lib/armv7-m/libc_nano.a(lib_a-stdio.o)
 .ARM.attributes
                0x0000000000000d04       0x1b /usr/bin/../lib/gcc/arm-none-eabi/4.9.3/../../../../arm-none-eabi/lib/armv7-m/libc_nano.a(lib_a-strcmp.o)
 .ARM.attributes
                0x0000000000000d1f       0x2d /usr/bin/../lib/gcc/arm-none-eabi/4.9.3/../../../../arm-none-eabi/lib/armv7-m/libc_nano.a(lib_a-strlen.o)
 .ARM.attributes
                0x0000000000000d4c       0x2d /usr/bin/../lib/gcc/arm-none-eabi/4.9.3/../../../../arm-none-eabi/lib/armv7-m/libc_nano.a(lib_a-strncmp.o)
 .ARM.attributes
                0x0000000000000d79       0x2d /usr/bin/../lib/gcc/arm-none-eabi/4.9.3/../../../../arm-none-eabi/lib/armv7-m/libc_nano.a(lib_a-strtod.o)
 .ARM.attributes
                0x0000000000000da6       0x2d /usr/bin/../lib/gcc/arm-none-eabi/4.9.3/../../../../arm-none-eabi/lib/armv7-m/libc_nano.a(lib_a-strtol.o)
 .ARM.attributes
                0x0000000000000dd3       0x2d /usr/bin/../lib/gcc/arm-none-eabi/4.9.3/../../../../arm-none-eabi/lib/armv7-m/libc_nano.a(lib_a-strtoul.o)
 .ARM.attributes
                0x0000000000000e00       0x2d /usr/bin/../lib/gcc/arm-none-eabi/4.9.3/../../../../arm-none-eabi/lib/armv7-m/libc_nano.a(lib_a-ungetc.o)
 .ARM.attributes
                0x0000000000000e2d       0x2d /usr/bin/../lib/gcc/arm-none-eabi/4.9.3/../../../../arm-none-eabi/lib/armv7-m/libc_nano.a(lib_a-wbuf.o)
 .ARM.attributes
                0x0000000000000e5a       0x2d /usr/bin/../lib/gcc/arm-none-eabi/4.9.3/../../../../arm-none-eabi/lib/armv7-m/libc_nano.a(lib_a-writer.o)
 .ARM.attributes
                0x0000000000000e87       0x2d /usr/bin/../lib/gcc/arm-none-eabi/4.9.3/../../../../arm-none-eabi/lib/armv7-m/libc_nano.a(lib_a-wsetup.o)
 .ARM.attributes
                0x0000000000000eb4       0x2d /usr/bin/../lib/gcc/arm-none-eabi/4.9.3/../../../../arm-none-eabi/lib/armv7-m/libc_nano.a(lib_a-closer.o)
 .ARM.attributes
                0x0000000000000ee1       0x2d /usr/bin/../lib/gcc/arm-none-eabi/4.9.3/../../../../arm-none-eabi/lib/armv7-m/libc_nano.a(lib_a-ctype_.o)
 .ARM.attributes
                0x0000000000000f0e       0x2d /usr/bin/../lib/gcc/arm-none-eabi/4.9.3/../../../../arm-none-eabi/lib/armv7-m/libc_nano.a(lib_a-dtoa.o)
 .ARM.attributes
                0x0000000000000f3b       0x2d /usr/bin/../lib/gcc/arm-none-eabi/4.9.3/../../../../arm-none-eabi/lib/armv7-m/libc_nano.a(lib_a-flags.o)
 .ARM.attributes
                0x0000000000000f68       0x2d /usr/bin/../lib/gcc/arm-none-eabi/4.9.3/../../../../arm-none-eabi/lib/armv7-m/libc_nano.a(lib_a-fstatr.o)
 .ARM.attributes
                0x0000000000000f95       0x2d /usr/bin/../lib/gcc/arm-none-eabi/4.9.3/../../../../arm-none-eabi/lib/armv7-m/libc_nano.a(lib_a-gdtoa-gethex.o)
 .ARM.attributes
                0x0000000000000fc2       0x2d /usr/bin/../lib/gcc/arm-none-eabi/4.9.3/../../../../arm-none-eabi/lib/armv7-m/libc_nano.a(lib_a-gdtoa-hexnan.o)
 .ARM.attributes